=========================================================================
FLUID-1 — the orientation lattice: a closure in the carrier
freeze:  conformance/mesh/FLUID1_PREREG.md (window/floor/size: FLUID0_AMENDMENT_1 set A)
instr:   holon-lattice::orientation   phase: run   out_dir: ../conformance/mesh/fluid1
records: ../conformance
set A:   L=256 d=0.2 seeds=2 A_shear=0.1 A_colour=1 k_index in {1,2} seed=0x464c55494430
window:  opens at 4 tau = 46 steps; closes at the first step under max(0.2|M(t0)|, 12 sigma/sqrt(S))
         floors shear 971.4018 / colour 762.4254; caps shear [12000, 3000] colour [1500, 400]

THE BOND RULE, READ FROM THE MAP (no number below is typed):
  A(  0 deg) = 1.000000000   E_CT = -0.009336779900 Ha   <- water_observatory/ct2/gd0_linear_R2.9.json:e_full (-150.0520630749) - water_observatory/ct1/sector_linear_R2.9.json:e_noct (-150.042726295), the tilt records' own e_ct_rule
  A( 60 deg) = 1.337177895   E_CT = -0.012484935694 Ha   <- water_observatory/ct2/node_tilt_R2.9_t60.json:e_ct
  A(120 deg) = 1.288496466   E_CT = -0.012030407903 Ha   <- water_observatory/ct2/node_tilt_R2.9_t120.json:e_ct
  A(180 deg) = 1.420096811   E_CT = -0.013259131358 Ha   <- water_observatory/ct2/node_tilt_R2.9_t180.json:e_ct
  A(240 deg) = 1.288496466   E_CT = -0.012030407903 Ha   <- water_observatory/ct2/node_tilt_R2.9_t120.json:e_ct (tilt symmetry: 240 deg is the map's 120 deg)
  A(300 deg) = 1.337177895   E_CT = -0.012484935694 Ha   <- water_observatory/ct2/node_tilt_R2.9_t60.json:e_ct (tilt symmetry: 300 deg is the map's 60 deg)
  retention f = 0.5526 <- water_observatory/ct2/arms.json:dimer_293_seam.f   =>  E0/kT_lat = ln(f/(1-f)) = 0.211181363,  p_break(0 deg) = 0.809627217
=========================================================================

--- the runs: transport at L=256, 2 seeds, both chiralities ---
  chart  chirality=true  digest c0a3bdebaac97ae5
    price 0.008491138 s/member-step (first 200 steps, before the counted steps)
    nu rows k=1                        exit Fitted          value 5.771679e-1      gamma 4.635757e-4    R2 0.998201   pts 3477  window 46..3522 amp 9909.7076 -> 1979.8479 fired 26020406
    nu rows k=2                        exit Fitted          value 5.115137e-1      gamma 1.643372e-3    R2 0.998721   pts 945   window 46..990 amp 9549.1222 -> 1908.1194 fired 7325784
    D  colour k=1                      exit Fitted          value 2.925139e0       gamma 2.349444e-3    R2 0.999976   pts 686   window 46..731 amp 18038.6046 -> 3604.5023 fired 5531377
    D  colour k=2                      exit Fitted          value 3.005528e0       gamma 9.656047e-3    R2 0.999799   pts 169   window 46..214 amp 13799.1853 -> 2733.7443 fired 1620078
    Sc 1.973129916e-1   ledger exact true   actual/price 0.9490   88.0 s
  chart  chirality=false  digest 6657ba0491b18add
    price 0.008122473 s/member-step (first 200 steps, before the counted steps)
    nu rows k=1                        exit Fitted          value 5.922237e-1      gamma 4.756684e-4    R2 0.994289   pts 3228  window 46..3273 amp 9786.1919 -> 1953.3934 fired 24154571
    nu rows k=2                        exit Fitted          value 5.142411e-1      gamma 1.652134e-3    R2 0.998064   pts 968   window 46..1013 amp 9339.1828 -> 1863.1478 fired 7508968
    D  colour k=1                      exit Fitted          value 2.838626e0       gamma 2.279957e-3    R2 0.999965   pts 706   window 46..751 amp 18082.6674 -> 3611.0506 fired 5689895
    D  colour k=2                      exit Fitted          value 2.986151e0       gamma 9.593792e-3    R2 0.999892   pts 169   window 46..214 amp 13830.3946 -> 2744.6483 fired 1623093
    Sc 2.086304140e-1   ledger exact true   actual/price 0.9953   84.9 s
  cold control (p_break = 0)  chirality=true  digest c0a3bdebaac97ae5
    price 0.010816466 s/member-step (first 200 steps, before the counted steps)
    nu rows k=1                        exit Fitted          value 8.722202e-1      gamma 7.005589e-4    R2 0.990251   pts 2167  window 46..2212 amp 9836.9539 -> 1966.3784 fired 16206013
    nu rows k=2                        exit Fitted          value 7.068924e-1      gamma 2.271077e-3    R2 0.996400   pts 724   window 46..769 amp 9290.7632 -> 1854.6214 fired 5677579
    D  colour k=1                      exit Fitted          value 2.651093e0       gamma 2.129332e-3    R2 0.999852   pts 760   window 46..805 amp 18204.1992 -> 3639.5060 fired 6070453
    D  colour k=2                      exit Fitted          value 2.739005e0       gamma 8.799772e-3    R2 0.999924   pts 186   window 46..231 amp 14373.0805 -> 2868.3453 fired 1742234
    Sc 3.290040138e-1   ledger exact true   actual/price 0.8891   77.3 s
  cold control (p_break = 0)  chirality=false  digest 6657ba0491b18add
    price 0.009906689 s/member-step (first 200 steps, before the counted steps)
    nu rows k=1                        exit Fitted          value 9.288219e-1      gamma 7.460209e-4    R2 0.993141   pts 2089  window 46..2134 amp 9718.7437 -> 1940.5537 fired 15651135
    nu rows k=2                        exit Fitted          value 7.250044e-1      gamma 2.329266e-3    R2 0.997978   pts 668   window 46..713 amp 9002.2419 -> 1793.7003 fired 5263108
    D  colour k=1                      exit Fitted          value 2.704400e0       gamma 2.172149e-3    R2 0.999874   pts 747   window 46..792 amp 18193.4475 -> 3634.5486 fired 5979781
    D  colour k=2                      exit Fitted          value 2.716627e0       gamma 8.727876e-3    R2 0.999741   pts 186   window 46..231 amp 14383.6370 -> 2862.1366 fired 1743547
    Sc 3.434483615e-1   ledger exact true   actual/price 0.9733   74.6 s
  no-bond control  chirality=true  digest c0a3bdebaac97ae5
    price 0.002615032 s/member-step (first 200 steps, before the counted steps)
    nu rows k=1                        exit Fitted          value 5.284306e-1      gamma 4.244305e-4    R2 0.997164   pts 3802  window 46..3847 amp 9908.2930 -> 1979.9196 fired 28316213
    nu rows k=2                        exit Fitted          value 5.392310e-1      gamma 1.732421e-3    R2 0.997410   pts 906   window 46..951 amp 9530.9465 -> 1906.1765 fired 6994906
    D  colour k=1                      exit Fitted          value 4.881118e0       gamma 3.920467e-3    R2 0.999951   pts 409   window 46..454 amp 17102.3907 -> 3408.0268 fired 3415981
    D  colour k=2                      exit Fitted          value 5.125316e0       gamma 1.646642e-2    R2 0.999637   pts 100   window 46..145 amp 10921.8516 -> 2165.2034 fired 1089872
    Sc 1.082601719e-1   ledger exact true   actual/price 0.9491   26.8 s
  no-bond control  chirality=false  digest 6657ba0491b18add
    price 0.002625748 s/member-step (first 200 steps, before the counted steps)
    nu rows k=1                        exit Fitted          value 5.270811e-1      gamma 4.233465e-4    R2 0.996795   pts 3756  window 46..3801 amp 9811.5746 -> 1961.2269 fired 27980817
    nu rows k=2                        exit Fitted          value 5.213911e-1      gamma 1.675105e-3    R2 0.995957   pts 915   window 46..960 amp 9241.4105 -> 1843.0389 fired 7065491
    D  colour k=1                      exit Fitted          value 4.778534e0       gamma 3.838073e-3    R2 0.999946   pts 421   window 46..466 amp 17079.4483 -> 3409.9380 fired 3512207
    D  colour k=2                      exit Fitted          value 5.299006e0       gamma 1.702445e-2    R2 0.999925   pts 96    window 46..141 amp 10857.4087 -> 2142.7894 fired 1062063
    Sc 1.103018286e-1   ledger exact true   actual/price 0.9353   26.4 s
  plant (i) A = 1  chirality=true  digest c0a3bdebaac97ae5
    price 0.008040023 s/member-step (first 200 steps, before the counted steps)
    nu rows k=1                        exit Fitted          value 5.853695e-1      gamma 4.701632e-4    R2 0.996181   pts 3360  window 46..3405 amp 9864.8999 -> 1972.5308 fired 25129995
    nu rows k=2                        exit Fitted          value 5.101575e-1      gamma 1.639014e-3    R2 0.997224   pts 938   window 46..983 amp 9507.7495 -> 1899.1687 fired 7270039
    D  colour k=1                      exit Fitted          value 2.914206e0       gamma 2.340662e-3    R2 0.999887   pts 689   window 46..734 amp 18042.8242 -> 3603.9254 fired 5556556
    D  colour k=2                      exit Fitted          value 3.044618e0       gamma 9.781633e-3    R2 0.999801   pts 165   window 46..210 amp 13756.6366 -> 2745.5576 fired 1590534
    Sc 2.008676039e-1   ledger exact true   actual/price 0.9861   84.5 s
  plant (i) A = 1  chirality=false  digest 6657ba0491b18add
    price 0.008108136 s/member-step (first 200 steps, before the counted steps)
    nu rows k=1                        exit Fitted          value 5.692127e-1      gamma 4.571862e-4    R2 0.998164   pts 3531  window 46..3576 amp 9787.8696 -> 1955.7916 fired 26429549
    nu rows k=2                        exit Fitted          value 5.026257e-1      gamma 1.614817e-3    R2 0.998587   pts 1008  window 46..1053 amp 9315.0070 -> 1860.0950 fired 7809357
    D  colour k=1                      exit Fitted          value 2.872547e0       gamma 2.307202e-3    R2 0.999926   pts 700   window 46..745 amp 18029.4558 -> 3602.3818 fired 5647024
    D  colour k=2                      exit Fitted          value 3.030186e0       gamma 9.735266e-3    R2 0.999850   pts 166   window 46..211 amp 13795.4468 -> 2733.3786 fired 1600206
    Sc 1.981561075e-1   ledger exact true   actual/price 0.9991   90.5 s
  plant (ii) rent doubled  chirality=true  digest c0a3bdebaac97ae5
    price 0.008679693 s/member-step (first 200 steps, before the counted steps)
    nu rows k=1                        exit Fitted          value 6.213775e-1      gamma 4.990845e-4    R2 0.995781   pts 3169  window 46..3214 amp 9867.8067 -> 1972.3157 fired 23691576
    nu rows k=2                        exit Fitted          value 5.294145e-1      gamma 1.700883e-3    R2 0.998737   pts 930   window 46..975 amp 9569.6040 -> 1911.0065 fired 7211390
    D  colour k=1                      exit Fitted          value 2.766242e0       gamma 2.221819e-3    R2 0.999901   pts 723   window 46..768 amp 18101.2861 -> 3616.7434 fired 5815095
    D  colour k=2                      exit Fitted          value 2.898056e0       gamma 9.310764e-3    R2 0.999671   pts 175   window 46..220 amp 14045.4641 -> 2794.1690 fired 1668248
    Sc 2.246287878e-1   ledger exact true   actual/price 0.9967   89.6 s
  plant (ii) rent doubled  chirality=false  digest 6657ba0491b18add
    price 0.008867938 s/member-step (first 200 steps, before the counted steps)
    nu rows k=1                        exit Fitted          value 6.381843e-1      gamma 5.125835e-4    R2 0.997870   pts 3140  window 46..3185 amp 9790.5205 -> 1956.7388 fired 23529014
    nu rows k=2                        exit Fitted          value 5.649131e-1      gamma 1.814931e-3    R2 0.996305   pts 877   window 46..922 amp 9294.7952 -> 1858.3515 fired 6824714
    D  colour k=1                      exit Fitted          value 2.803370e0       gamma 2.251640e-3    R2 0.999908   pts 717   window 46..762 amp 18133.4963 -> 3620.3860 fired 5771911
    D  colour k=2                      exit Fitted          value 2.960106e0       gamma 9.510114e-3    R2 0.999839   pts 171   window 46..216 amp 13952.6985 -> 2768.4900 fired 1637665
    Sc 2.276490030e-1   ledger exact true   actual/price 0.9788   88.3 s

--- the bond censuses (warm-up 200, sample 100) ---
  chart                        donor 0.289440  degree 0.578879  largest 0.000078  spanning 0/200  formed 5459774 broken 3491659 blocked 1968205 (6.0 s)
  cold control (p_break = 0)   donor 0.450601  degree 0.901202  largest 0.000099  spanning 0/200  formed 3650306 broken 0 blocked 3650383 (7.0 s)
  no-bond control              donor 0.000000  degree 0.000000  largest 0.000013  spanning 0/200  formed 0 broken 0 blocked 0 (1.8 s)
  plant (i) A = 1              donor 0.284384  degree 0.568769  largest 0.000077  spanning 0/200  formed 5521958 broken 3624553 blocked 1897589 (5.8 s)
  plant (ii) rent doubled      donor 0.313848  degree 0.627695  largest 0.000082  spanning 0/200  formed 5182690 broken 2903992 blocked 2278429 (6.3 s)

--- W: node LG's block-chart witness rate on the chart's own motion ---
  b=32  probes 7131 witnesses 969 rate 0.135886 +/- 0.004058 vs W(b) 0.121094 (rel 0.108855)  147.3 s
  b=8   probes 7131 witnesses 3398 rate 0.476511 +/- 0.005914 vs W(b) 0.437500 (rel 0.081868)  147.5 s
  b=16  probes 7131 witnesses 1828 rate 0.256346 +/- 0.005170 vs W(b) 0.234375 (rel 0.085707)  147.6 s
  b=4   probes 7131 witnesses 5600 rate 0.785304 +/- 0.004862 vs W(b) 0.750000 (rel 0.044955)  147.7 s

  wrote ../conformance/mesh/fluid1/run.json and ../conformance/mesh/fluid1/run.done (953.2 s)
