phase scout, out /home/emoore/CIRISHolon/conformance/water_observatory/replace0/response1_L_seed0, observatory ../conformance/water_observatory
seed 0 of 3: 0x5245504c41434530
scout: worker pool of 8 leased
scout: 432 waters (1296 atoms) at n_cells = 6, box 44.3904 bohr, seed 0x5245504c41434530
scout: fine settle 3000 frames under the stochastic thermostat (78.2 fs)
  settling frame    500: T  393.6 K, cross-unit U -3.000970e-4 Ha/water
  settling frame   1000: T  467.2 K, cross-unit U -6.653193e-3 Ha/water
  settling frame   1500: T  437.5 K, cross-unit U -6.217477e-3 Ha/water
  settling frame   2000: T  410.3 K, cross-unit U -6.792305e-3 Ha/water
  settling frame   2500: T  408.0 K, cross-unit U -7.669554e-3 Ha/water
  settling frame   3000: T  373.8 K, cross-unit U -8.704838e-3 Ha/water
scout: reference geometry O-H 1.95456 +/- 0.03713 bohr, H-O-H 1.67725 +/- 0.05033 rad over 432 units; fine T 373.8 K
scout: stiffness envelope READ from /home/emoore/CIRISHolon/conformance/water_observatory/replace0/transport_seed0/stiffness.json: 6.4190e-2 Ha/bohr^2 (an intensive property of the monomer, declared)
scout: rigid clock dt 15.5493 au (14.43x fine); readout every 10 fs = 27 rigid steps at dt 15.3116 au
scout: rigid modes as projected 533.7 K; rigid settle by criterion (5 x 500-step blocks of U/water, trend under scatter), floor 3000 steps (1111.1 fs), cap 30000
  rigid settle block    1 (step    500): T  293.0 K, U/water -2.916847e-1 Ha
  rigid settle block    2 (step   1000): T  293.0 K, U/water -2.944887e-1 Ha
  rigid settle block    3 (step   1500): T  293.0 K, U/water -2.954996e-1 Ha
  rigid settle block    4 (step   2000): T  293.0 K, U/water -2.960591e-1 Ha
  rigid settle block    5 (step   2500): T  293.0 K, U/water -2.964085e-1 Ha
  rigid settle block    6 (step   3000): T  293.0 K, U/water -2.964969e-1 Ha
  rigid settle block    7 (step   3500): T  293.0 K, U/water -2.966082e-1 Ha
  rigid settle block    8 (step   4000): T  293.0 K, U/water -2.968476e-1 Ha
  rigid settle block    9 (step   4500): T  293.0 K, U/water -2.969286e-1 Ha
  rigid settle block   10 (step   5000): T  293.0 K, U/water -2.970595e-1 Ha
  rigid settle block   11 (step   5500): T  293.0 K, U/water -2.970402e-1 Ha
  rigid settle block   12 (step   6000): T  293.0 K, U/water -2.971197e-1 Ha
  rigid settle block   13 (step   6500): T  293.0 K, U/water -2.970831e-1 Ha
  rigid settle block   14 (step   7000): T  293.0 K, U/water -2.972048e-1 Ha
  rigid settle block   15 (step   7500): T  293.0 K, U/water -2.972392e-1 Ha
  rigid settle block   16 (step   8000): T  293.0 K, U/water -2.972753e-1 Ha
  rigid settle block   17 (step   8500): T  293.0 K, U/water -2.974647e-1 Ha
  rigid settle block   18 (step   9000): T  293.0 K, U/water -2.974717e-1 Ha
  rigid settle block   19 (step   9500): T  293.0 K, U/water -2.975089e-1 Ha
  rigid settle block   20 (step  10000): T  293.0 K, U/water -2.974531e-1 Ha
  rigid settle block   21 (step  10500): T  293.0 K, U/water -2.975056e-1 Ha
  rigid settle block   22 (step  11000): T  293.0 K, U/water -2.975817e-1 Ha
  rigid settle block   23 (step  11500): T  293.0 K, U/water -2.976611e-1 Ha
  rigid settle block   24 (step  12000): T  293.0 K, U/water -2.975897e-1 Ha
  rigid settle block   25 (step  12500): T  293.0 K, U/water -2.975236e-1 Ha
scout: rigid settle SETTLED by criterion at step 12500 (4629.6 fs)
scout: production 3768 readouts x 10 fs = 37.7 ps, NVE from T 293.0 K, E -127.398679 Ha — 12 kick cycles of 314 readouts, longitudinal on axis 0 at 50 m/s
  KICK cycle 0 at 0 fs: axis 0 sign +1 v_d 50 m/s; dp_total 6.65e-14 au, dKE 1.541e-3 Ha = 0.0038 kT/water; rescale removed 0.000e0 Ha
  scout readout     25 at     250.0 fs: T  299.7 K, E -127.397153 Ha (peak excursion 8.07e-8/water), bonds 1.847, peak 5.25; 3200 core-s/ps
  scout readout     50 at     500.0 fs: T  280.7 K, E -127.397134 Ha (peak excursion 8.07e-8/water), bonds 1.847, peak 5.15; 3069 core-s/ps
  scout readout     75 at     750.0 fs: T  300.8 K, E -127.397151 Ha (peak excursion 8.07e-8/water), bonds 1.850, peak 5.25; 2961 core-s/ps
  scout readout    100 at    1000.0 fs: T  305.3 K, E -127.397161 Ha (peak excursion 8.07e-8/water), bonds 1.866, peak 5.25; 2892 core-s/ps
  scout readout    125 at    1250.0 fs: T  304.8 K, E -127.397146 Ha (peak excursion 8.07e-8/water), bonds 1.859, peak 5.25; 2974 core-s/ps
  scout readout    150 at    1500.0 fs: T  286.0 K, E -127.397131 Ha (peak excursion 8.07e-8/water), bonds 1.859, peak 5.25; 2963 core-s/ps
  scout readout    175 at    1750.0 fs: T  298.8 K, E -127.397137 Ha (peak excursion 8.07e-8/water), bonds 1.863, peak 5.25; 2925 core-s/ps
  scout readout    200 at    2000.0 fs: T  299.4 K, E -127.397141 Ha (peak excursion 8.43e-8/water), bonds 1.870, peak 5.25; 2889 core-s/ps
  scout readout    225 at    2250.0 fs: T  301.1 K, E -127.397150 Ha (peak excursion 8.43e-8/water), bonds 1.861, peak 5.15; 2865 core-s/ps
  scout readout    250 at    2500.0 fs: T  287.5 K, E -127.397124 Ha (peak excursion 8.43e-8/water), bonds 1.873, peak 5.25; 2896 core-s/ps
  scout readout    275 at    2750.0 fs: T  296.5 K, E -127.397121 Ha (peak excursion 8.43e-8/water), bonds 1.854, peak 5.25; 2951 core-s/ps
  scout readout    300 at    3000.0 fs: T  295.4 K, E -127.397117 Ha (peak excursion 8.43e-8/water), bonds 1.882, peak 5.35; 2957 core-s/ps
  KICK cycle 1 at 3140 fs: axis 0 sign -1 v_d 50 m/s; dp_total 3.05e-15 au, dKE 1.514e-3 Ha = 0.0038 kT/water; rescale removed 5.332e-2 Ha
  scout readout    325 at    3250.0 fs: T  297.5 K, E -127.448952 Ha (peak excursion 8.43e-8/water), bonds 1.870, peak 5.25; 2941 core-s/ps
  scout readout    350 at    3500.0 fs: T  303.8 K, E -127.448965 Ha (peak excursion 8.43e-8/water), bonds 1.873, peak 5.25; 2927 core-s/ps
  scout readout    375 at    3750.0 fs: T  299.0 K, E -127.448942 Ha (peak excursion 8.43e-8/water), bonds 1.859, peak 5.25; 2922 core-s/ps
  scout readout    400 at    4000.0 fs: T  292.8 K, E -127.448948 Ha (peak excursion 8.43e-8/water), bonds 1.873, peak 5.25; 2904 core-s/ps
  scout readout    425 at    4250.0 fs: T  318.1 K, E -127.448968 Ha (peak excursion 8.43e-8/water), bonds 1.870, peak 5.25; 2895 core-s/ps
  scout readout    450 at    4500.0 fs: T  298.0 K, E -127.448947 Ha (peak excursion 8.43e-8/water), bonds 1.861, peak 5.25; 2882 core-s/ps
  scout readout    475 at    4750.0 fs: T  306.6 K, E -127.448958 Ha (peak excursion 8.43e-8/water), bonds 1.894, peak 5.15; 2881 core-s/ps
  scout readout    500 at    5000.0 fs: T  303.4 K, E -127.448936 Ha (peak excursion 8.43e-8/water), bonds 1.875, peak 5.25; 2891 core-s/ps
  scout readout    525 at    5250.0 fs: T  302.9 K, E -127.448959 Ha (peak excursion 8.43e-8/water), bonds 1.880, peak 5.25; 2892 core-s/ps
  scout readout    550 at    5500.0 fs: T  295.0 K, E -127.448950 Ha (peak excursion 8.43e-8/water), bonds 1.863, peak 5.15; 2894 core-s/ps
  scout readout    575 at    5750.0 fs: T  304.1 K, E -127.448948 Ha (peak excursion 8.68e-8/water), bonds 1.870, peak 5.25; 2904 core-s/ps
  scout readout    600 at    6000.0 fs: T  300.2 K, E -127.448955 Ha (peak excursion 8.68e-8/water), bonds 1.880, peak 5.25; 2909 core-s/ps
  scout readout    625 at    6250.0 fs: T  292.4 K, E -127.448931 Ha (peak excursion 8.68e-8/water), bonds 1.875, peak 5.25; 2922 core-s/ps
  KICK cycle 2 at 6280 fs: axis 0 sign +1 v_d 50 m/s; dp_total 4.87e-14 au, dKE 3.537e-3 Ha = 0.0088 kT/water; rescale removed 4.825e-2 Ha
  scout readout    650 at    6500.0 fs: T  286.9 K, E -127.493661 Ha (peak excursion 8.68e-8/water), bonds 1.870, peak 5.25; 2924 core-s/ps
  scout readout    675 at    6750.0 fs: T  294.6 K, E -127.493677 Ha (peak excursion 8.68e-8/water), bonds 1.866, peak 5.15; 2925 core-s/ps
  scout readout    700 at    7000.0 fs: T  288.8 K, E -127.493656 Ha (peak excursion 9.64e-8/water), bonds 1.875, peak 5.25; 2926 core-s/ps
  scout readout    725 at    7250.0 fs: T  290.7 K, E -127.493656 Ha (peak excursion 9.70e-8/water), bonds 1.894, peak 5.25; 2923 core-s/ps
  scout readout    750 at    7500.0 fs: T  284.6 K, E -127.493651 Ha (peak excursion 1.14e-7/water), bonds 1.859, peak 5.25; 2926 core-s/ps
  scout readout    775 at    7750.0 fs: T  291.2 K, E -127.493634 Ha (peak excursion 1.14e-7/water), bonds 1.884, peak 5.25; 2920 core-s/ps
  scout readout    800 at    8000.0 fs: T  294.2 K, E -127.493650 Ha (peak excursion 1.18e-7/water), bonds 1.905, peak 5.25; 2928 core-s/ps
  scout readout    825 at    8250.0 fs: T  274.4 K, E -127.493625 Ha (peak excursion 1.41e-7/water), bonds 1.859, peak 5.25; 2944 core-s/ps
  scout readout    850 at    8500.0 fs: T  291.2 K, E -127.493638 Ha (peak excursion 1.41e-7/water), bonds 1.870, peak 5.25; 2949 core-s/ps
  scout readout    875 at    8750.0 fs: T  292.1 K, E -127.493622 Ha (peak excursion 1.41e-7/water), bonds 1.880, peak 5.25; 2945 core-s/ps
  scout readout    900 at    9000.0 fs: T  287.9 K, E -127.493635 Ha (peak excursion 1.69e-7/water), bonds 1.866, peak 5.25; 2942 core-s/ps
  scout readout    925 at    9250.0 fs: T  285.6 K, E -127.493637 Ha (peak excursion 1.69e-7/water), bonds 1.884, peak 5.25; 2953 core-s/ps
  KICK cycle 3 at 9420 fs: axis 0 sign -1 v_d 50 m/s; dp_total 5.69e-14 au, dKE 1.878e-3 Ha = 0.0047 kT/water; rescale removed -4.173e-2 Ha
  scout readout    950 at    9500.0 fs: T  300.1 K, E -127.450025 Ha (peak excursion 1.69e-7/water), bonds 1.877, peak 5.15; 2949 core-s/ps
  scout readout    975 at    9750.0 fs: T  294.8 K, E -127.450020 Ha (peak excursion 1.69e-7/water), bonds 1.868, peak 5.15; 2949 core-s/ps
  scout readout   1000 at   10000.0 fs: T  295.5 K, E -127.450036 Ha (peak excursion 1.69e-7/water), bonds 1.873, peak 5.15; 2950 core-s/ps
  scout readout   1025 at   10250.0 fs: T  293.2 K, E -127.450026 Ha (peak excursion 1.69e-7/water), bonds 1.840, peak 5.25; 2950 core-s/ps
  scout readout   1050 at   10500.0 fs: T  289.6 K, E -127.450026 Ha (peak excursion 1.69e-7/water), bonds 1.859, peak 5.25; 2949 core-s/ps
  scout readout   1075 at   10750.0 fs: T  288.8 K, E -127.450033 Ha (peak excursion 1.69e-7/water), bonds 1.845, peak 5.25; 2941 core-s/ps
  scout readout   1100 at   11000.0 fs: T  304.3 K, E -127.450048 Ha (peak excursion 1.69e-7/water), bonds 1.868, peak 5.25; 2935 core-s/ps
  scout readout   1125 at   11250.0 fs: T  292.2 K, E -127.450038 Ha (peak excursion 1.69e-7/water), bonds 1.870, peak 5.25; 2929 core-s/ps
  scout readout   1150 at   11500.0 fs: T  301.4 K, E -127.450050 Ha (peak excursion 1.69e-7/water), bonds 1.889, peak 5.25; 2924 core-s/ps
  scout readout   1175 at   11750.0 fs: T  303.3 K, E -127.450034 Ha (peak excursion 1.69e-7/water), bonds 1.875, peak 5.15; 2927 core-s/ps
  scout readout   1200 at   12000.0 fs: T  312.6 K, E -127.450060 Ha (peak excursion 1.69e-7/water), bonds 1.873, peak 5.25; 2922 core-s/ps
  scout readout   1225 at   12250.0 fs: T  302.6 K, E -127.450049 Ha (peak excursion 1.69e-7/water), bonds 1.870, peak 5.25; 2915 core-s/ps
  scout readout   1250 at   12500.0 fs: T  298.5 K, E -127.450033 Ha (peak excursion 1.69e-7/water), bonds 1.859, peak 5.25; 2908 core-s/ps
  KICK cycle 4 at 12560 fs: axis 0 sign +1 v_d 50 m/s; dp_total 4.41e-14 au, dKE 1.234e-3 Ha = 0.0031 kT/water; rescale removed 1.580e-2 Ha
  scout readout   1275 at   12750.0 fs: T  304.3 K, E -127.464627 Ha (peak excursion 1.69e-7/water), bonds 1.873, peak 5.25; 2907 core-s/ps
  scout readout   1300 at   13000.0 fs: T  308.7 K, E -127.464627 Ha (peak excursion 1.69e-7/water), bonds 1.884, peak 5.25; 2908 core-s/ps
  scout readout   1325 at   13250.0 fs: T  306.7 K, E -127.464636 Ha (peak excursion 1.69e-7/water), bonds 1.875, peak 5.25; 2909 core-s/ps
  scout readout   1350 at   13500.0 fs: T  308.8 K, E -127.464626 Ha (peak excursion 1.69e-7/water), bonds 1.859, peak 5.25; 2909 core-s/ps
  scout readout   1375 at   13750.0 fs: T  306.6 K, E -127.464623 Ha (peak excursion 1.69e-7/water), bonds 1.880, peak 5.05; 2903 core-s/ps
  scout readout   1400 at   14000.0 fs: T  294.5 K, E -127.464615 Ha (peak excursion 1.69e-7/water), bonds 1.875, peak 5.15; 2902 core-s/ps
  scout readout   1425 at   14250.0 fs: T  302.2 K, E -127.464635 Ha (peak excursion 1.69e-7/water), bonds 1.877, peak 5.15; 2902 core-s/ps
  scout readout   1450 at   14500.0 fs: T  309.2 K, E -127.464637 Ha (peak excursion 1.69e-7/water), bonds 1.870, peak 5.25; 2903 core-s/ps
  scout readout   1475 at   14750.0 fs: T  296.2 K, E -127.464626 Ha (peak excursion 1.69e-7/water), bonds 1.870, peak 5.15; 2903 core-s/ps
  scout readout   1500 at   15000.0 fs: T  310.2 K, E -127.464622 Ha (peak excursion 1.69e-7/water), bonds 1.891, peak 5.25; 2897 core-s/ps
  scout readout   1525 at   15250.0 fs: T  298.4 K, E -127.464618 Ha (peak excursion 1.69e-7/water), bonds 1.875, peak 5.25; 2889 core-s/ps
  scout readout   1550 at   15500.0 fs: T  301.1 K, E -127.464626 Ha (peak excursion 1.69e-7/water), bonds 1.854, peak 5.25; 2882 core-s/ps
  KICK cycle 5 at 15700 fs: axis 0 sign -1 v_d 50 m/s; dp_total 4.40e-14 au, dKE 3.166e-3 Ha = 0.0079 kT/water; rescale removed 7.803e-2 Ha
  scout readout   1575 at   15750.0 fs: T  290.4 K, E -127.539498 Ha (peak excursion 1.69e-7/water), bonds 1.880, peak 5.25; 2875 core-s/ps
  scout readout   1600 at   16000.0 fs: T  301.1 K, E -127.539514 Ha (peak excursion 1.69e-7/water), bonds 1.880, peak 5.25; 2869 core-s/ps
  scout readout   1625 at   16250.0 fs: T  296.2 K, E -127.539494 Ha (peak excursion 1.69e-7/water), bonds 1.880, peak 5.25; 2862 core-s/ps
  scout readout   1650 at   16500.0 fs: T  295.9 K, E -127.539518 Ha (peak excursion 1.69e-7/water), bonds 1.877, peak 5.25; 2856 core-s/ps
  scout readout   1675 at   16750.0 fs: T  296.6 K, E -127.539500 Ha (peak excursion 1.69e-7/water), bonds 1.875, peak 5.25; 2849 core-s/ps
  scout readout   1700 at   17000.0 fs: T  297.6 K, E -127.539505 Ha (peak excursion 1.69e-7/water), bonds 1.894, peak 5.25; 2843 core-s/ps
  scout readout   1725 at   17250.0 fs: T  284.4 K, E -127.539496 Ha (peak excursion 1.69e-7/water), bonds 1.884, peak 5.25; 2838 core-s/ps
  scout readout   1750 at   17500.0 fs: T  298.6 K, E -127.539512 Ha (peak excursion 1.69e-7/water), bonds 1.891, peak 5.25; 2832 core-s/ps
  scout readout   1775 at   17750.0 fs: T  304.0 K, E -127.539518 Ha (peak excursion 1.69e-7/water), bonds 1.880, peak 5.25; 2826 core-s/ps
  scout readout   1800 at   18000.0 fs: T  299.3 K, E -127.539509 Ha (peak excursion 1.69e-7/water), bonds 1.880, peak 5.25; 2821 core-s/ps
  scout readout   1825 at   18250.0 fs: T  307.9 K, E -127.539531 Ha (peak excursion 1.69e-7/water), bonds 1.877, peak 5.25; 2816 core-s/ps
  scout readout   1850 at   18500.0 fs: T  301.5 K, E -127.539515 Ha (peak excursion 1.69e-7/water), bonds 1.884, peak 5.25; 2811 core-s/ps
  scout readout   1875 at   18750.0 fs: T  311.5 K, E -127.539541 Ha (peak excursion 1.69e-7/water), bonds 1.894, peak 5.25; 2806 core-s/ps
  KICK cycle 6 at 18840 fs: axis 0 sign +1 v_d 50 m/s; dp_total 5.26e-14 au, dKE 1.963e-3 Ha = 0.0049 kT/water; rescale removed 8.429e-2 Ha
  scout readout   1900 at   19000.0 fs: T  300.8 K, E -127.621858 Ha (peak excursion 1.69e-7/water), bonds 1.891, peak 5.25; 2801 core-s/ps
  scout readout   1925 at   19250.0 fs: T  296.0 K, E -127.621862 Ha (peak excursion 1.69e-7/water), bonds 1.894, peak 5.25; 2797 core-s/ps
  scout readout   1950 at   19500.0 fs: T  291.3 K, E -127.621845 Ha (peak excursion 1.69e-7/water), bonds 1.889, peak 5.15; 2792 core-s/ps
  scout readout   1975 at   19750.0 fs: T  293.5 K, E -127.621863 Ha (peak excursion 1.69e-7/water), bonds 1.894, peak 5.25; 2788 core-s/ps
  scout readout   2000 at   20000.0 fs: T  302.3 K, E -127.621867 Ha (peak excursion 1.69e-7/water), bonds 1.877, peak 5.25; 2784 core-s/ps
  scout readout   2025 at   20250.0 fs: T  290.0 K, E -127.621855 Ha (peak excursion 1.69e-7/water), bonds 1.873, peak 5.25; 2779 core-s/ps
  scout readout   2050 at   20500.0 fs: T  290.4 K, E -127.621842 Ha (peak excursion 1.69e-7/water), bonds 1.887, peak 5.15; 2775 core-s/ps
  scout readout   2075 at   20750.0 fs: T  292.6 K, E -127.621855 Ha (peak excursion 1.69e-7/water), bonds 1.903, peak 5.15; 2771 core-s/ps
  scout readout   2100 at   21000.0 fs: T  284.4 K, E -127.621852 Ha (peak excursion 1.69e-7/water), bonds 1.882, peak 5.15; 2767 core-s/ps
  scout readout   2125 at   21250.0 fs: T  298.2 K, E -127.621874 Ha (peak excursion 1.69e-7/water), bonds 1.910, peak 5.15; 2764 core-s/ps
  scout readout   2150 at   21500.0 fs: T  291.1 K, E -127.621834 Ha (peak excursion 1.69e-7/water), bonds 1.898, peak 5.25; 2760 core-s/ps
  scout readout   2175 at   21750.0 fs: T  296.8 K, E -127.621859 Ha (peak excursion 1.69e-7/water), bonds 1.896, peak 5.25; 2756 core-s/ps
  KICK cycle 7 at 21980 fs: axis 0 sign -1 v_d 50 m/s; dp_total 5.22e-15 au, dKE 3.994e-3 Ha = 0.0100 kT/water; rescale removed 2.752e-2 Ha
  scout readout   2200 at   22000.0 fs: T  289.7 K, E -127.645387 Ha (peak excursion 1.69e-7/water), bonds 1.910, peak 5.15; 2753 core-s/ps
  scout readout   2225 at   22250.0 fs: T  299.1 K, E -127.645403 Ha (peak excursion 1.69e-7/water), bonds 1.882, peak 5.15; 2750 core-s/ps
  scout readout   2250 at   22500.0 fs: T  293.9 K, E -127.645391 Ha (peak excursion 1.69e-7/water), bonds 1.910, peak 5.15; 2746 core-s/ps
  scout readout   2275 at   22750.0 fs: T  289.3 K, E -127.645390 Ha (peak excursion 1.69e-7/water), bonds 1.905, peak 5.25; 2743 core-s/ps
  scout readout   2300 at   23000.0 fs: T  292.2 K, E -127.645390 Ha (peak excursion 1.69e-7/water), bonds 1.896, peak 5.25; 2740 core-s/ps
  scout readout   2325 at   23250.0 fs: T  288.2 K, E -127.645392 Ha (peak excursion 1.69e-7/water), bonds 1.896, peak 5.25; 2736 core-s/ps
  scout readout   2350 at   23500.0 fs: T  279.1 K, E -127.645372 Ha (peak excursion 1.69e-7/water), bonds 1.891, peak 5.25; 2733 core-s/ps
  scout readout   2375 at   23750.0 fs: T  284.7 K, E -127.645388 Ha (peak excursion 1.69e-7/water), bonds 1.891, peak 5.25; 2730 core-s/ps

thread 'main' (2442824) panicked at crates/holon-render/examples/replace0.rs:1497:40:
walk row: Os { code: 28, kind: StorageFull, message: "No space left on device" }
note: run with `RUST_BACKTRACE=1` environment variable to display a backtrace
