THE N-LADDER — CARRIER_V2_PREREG.md §4
density 0.01486 atoms/bohr^3, pair floor 1e-6 Ha, dE4 ON, 4 frames x 64 substeps per rung

    N     edge     route     cells    r_cut    W_pair/step  W_trip/step    W_dE4    3D@0 s (cont.)

generating the three pair curves once:
  curve H-H: 96 knots, R_e 1.3887 bohr D_e 0.204142 Ha, worst residual 8.72e-11, route Determinant, budget 5000, exit Converged, 1.3 s (contended)
  curve O-H: 96 knots, R_e 1.9909 bohr D_e 0.122901 Ha, worst residual 9.95e-11, route Determinant, budget 5000, exit Converged, 13.8 s (contended)
  curve O-O: 96 knots, R_e 2.4421 bohr D_e 0.147621 Ha, worst residual 4.81e-6, route Determinant, budget 5000, exit IterationCap, NOT CONVERGED (worst residual above CONVERGED_RESIDUAL), 1051.7 s (contended)
   24    11.73  Complete   1x1x1   22.000          276.0          0.0        0     yes       0.0
   48    14.78  Complete   1x1x1   22.000         1128.0          0.0        0     yes       0.0
   96    18.62  Complete   1x1x1   22.000         4547.6          0.0        0     yes       0.1
  201    23.83  Complete   1x1x1   22.000        17571.0          0.0        0     yes       0.6
  402    30.02  Complete   1x1x1   22.000        54899.4          0.0        0     yes       1.4

(the seconds column is CONTENDED — shared, loaded host, no core pinning)

F1 — d ln W_pair / d ln N
  over the top three rungs (96, 201, 402): 1.7403
  over all 5 rungs:                       1.8856
  staked: PASS at <= 1.35, and >= 1.80 means the cell route never engaged
  F1: NEITHER — between the staked bands, reported as such

F2 — Route::Cells at N = 402 with >= 3 cells per axis: FAIL (Complete 1x1x1)

G8 — THE SCISSOR'S PRICE, extrapolated from the fit above
  N =   800  ( 2x 2x 2 cells at 100 atoms/cell)  W_pair/step ~       181838  =   3.3x the N = 402 rung
  N =  6400  ( 4x 4x 4 cells at 100 atoms/cell)  W_pair/step ~      6781801  = 123.5x the N = 402 rung
  the extrapolation uses the TOP-RUNG slope 1.7403; if F1 read NEITHER or
  FAIL above, this number is an upper bound on the cost and not a forecast
