phase scout, out /home/emoore/CIRISHolon/conformance/water_observatory/replace0/response1_L_seed2, observatory ../conformance/water_observatory
seed 2 of 3: 0x5245504c41434532
scout: 432 waters (1296 atoms) at n_cells = 6, box 44.3904 bohr, seed 0x5245504c41434532
scout: fine settle 3000 frames under the stochastic thermostat (78.2 fs)
  settling frame    500: T  372.9 K, cross-unit U -1.228306e-3 Ha/water
  settling frame   1000: T  466.5 K, cross-unit U -7.275471e-3 Ha/water
  settling frame   1500: T  436.1 K, cross-unit U -7.058078e-3 Ha/water
  settling frame   2000: T  398.2 K, cross-unit U -6.698133e-3 Ha/water
  settling frame   2500: T  399.4 K, cross-unit U -7.679064e-3 Ha/water
  settling frame   3000: T  368.7 K, cross-unit U -9.072402e-3 Ha/water
scout: reference geometry O-H 1.95609 +/- 0.03583 bohr, H-O-H 1.67391 +/- 0.05089 rad over 432 units; fine T 368.7 K
scout: stiffness envelope READ from /home/emoore/CIRISHolon/conformance/water_observatory/replace0/transport_seed0/stiffness.json: 6.4190e-2 Ha/bohr^2 (an intensive property of the monomer, declared)
scout: rigid clock dt 15.5812 au (14.46x fine); readout every 10 fs = 27 rigid steps at dt 15.3116 au
scout: rigid modes as projected 522.6 K; rigid settle by criterion (5 x 500-step blocks of U/water, trend under scatter), floor 3000 steps (1111.1 fs), cap 30000
  rigid settle block    1 (step    500): T  293.0 K, U/water -2.920906e-1 Ha
  rigid settle block    2 (step   1000): T  293.0 K, U/water -2.948864e-1 Ha
  rigid settle block    3 (step   1500): T  293.0 K, U/water -2.958312e-1 Ha
  rigid settle block    4 (step   2000): T  293.0 K, U/water -2.963231e-1 Ha
  rigid settle block    5 (step   2500): T  293.0 K, U/water -2.966069e-1 Ha
  rigid settle block    6 (step   3000): T  293.0 K, U/water -2.967550e-1 Ha
  rigid settle block    7 (step   3500): T  293.0 K, U/water -2.967384e-1 Ha
  rigid settle block    8 (step   4000): T  293.0 K, U/water -2.968356e-1 Ha
  rigid settle block    9 (step   4500): T  293.0 K, U/water -2.970673e-1 Ha
  rigid settle block   10 (step   5000): T  293.0 K, U/water -2.971769e-1 Ha
  rigid settle block   11 (step   5500): T  293.0 K, U/water -2.970412e-1 Ha
  rigid settle block   12 (step   6000): T  293.0 K, U/water -2.969884e-1 Ha
scout: rigid settle SETTLED by criterion at step 6000 (2222.2 fs)
scout: production 3768 readouts x 10 fs = 37.7 ps, NVE from T 293.0 K, E -127.116907 Ha — 12 kick cycles of 314 readouts, longitudinal on axis 0 at 50 m/s
  KICK cycle 0 at 0 fs: axis 0 sign +1 v_d 50 m/s; dp_total 1.11e-13 au, dKE 4.573e-3 Ha = 0.0114 kT/water; rescale removed 0.000e0 Ha
  scout readout     25 at     250.0 fs: T  289.0 K, E -127.112328 Ha (peak excursion 6.76e-8/water), bonds 1.792, peak 5.25; 3531 core-s/ps
  scout readout     50 at     500.0 fs: T  308.3 K, E -127.112353 Ha (peak excursion 6.76e-8/water), bonds 1.831, peak 5.35; 3283 core-s/ps
  scout readout     75 at     750.0 fs: T  305.4 K, E -127.112351 Ha (peak excursion 6.76e-8/water), bonds 1.819, peak 5.35; 3109 core-s/ps
  scout readout    100 at    1000.0 fs: T  305.7 K, E -127.112357 Ha (peak excursion 8.74e-8/water), bonds 1.815, peak 5.25; 3016 core-s/ps
  scout readout    125 at    1250.0 fs: T  309.0 K, E -127.112383 Ha (peak excursion 1.66e-7/water), bonds 1.819, peak 5.25; 2982 core-s/ps
  scout readout    150 at    1500.0 fs: T  308.8 K, E -127.112361 Ha (peak excursion 1.66e-7/water), bonds 1.824, peak 5.15; 2925 core-s/ps
  scout readout    175 at    1750.0 fs: T  313.8 K, E -127.112372 Ha (peak excursion 1.66e-7/water), bonds 1.817, peak 5.25; 2899 core-s/ps
  scout readout    200 at    2000.0 fs: T  308.5 K, E -127.112378 Ha (peak excursion 1.72e-7/water), bonds 1.810, peak 5.25; 2873 core-s/ps
  scout readout    225 at    2250.0 fs: T  326.0 K, E -127.112372 Ha (peak excursion 1.72e-7/water), bonds 1.847, peak 5.25; 2880 core-s/ps
  scout readout    250 at    2500.0 fs: T  312.8 K, E -127.112351 Ha (peak excursion 1.72e-7/water), bonds 1.852, peak 5.25; 2897 core-s/ps
  scout readout    275 at    2750.0 fs: T  320.0 K, E -127.112372 Ha (peak excursion 1.72e-7/water), bonds 1.856, peak 5.25; 2897 core-s/ps
  scout readout    300 at    3000.0 fs: T  332.7 K, E -127.112388 Ha (peak excursion 1.72e-7/water), bonds 1.826, peak 5.25; 2901 core-s/ps
  KICK cycle 1 at 3140 fs: axis 0 sign -1 v_d 50 m/s; dp_total 7.30e-15 au, dKE 1.854e-3 Ha = 0.0046 kT/water; rescale removed 1.723e-1 Ha
  scout readout    325 at    3250.0 fs: T  305.7 K, E -127.282888 Ha (peak excursion 1.72e-7/water), bonds 1.850, peak 5.25; 2920 core-s/ps
  scout readout    350 at    3500.0 fs: T  312.7 K, E -127.282893 Ha (peak excursion 1.72e-7/water), bonds 1.863, peak 5.25; 2929 core-s/ps
  scout readout    375 at    3750.0 fs: T  308.1 K, E -127.282902 Ha (peak excursion 1.72e-7/water), bonds 1.854, peak 5.15; 2952 core-s/ps
  scout readout    400 at    4000.0 fs: T  310.4 K, E -127.282908 Ha (peak excursion 1.72e-7/water), bonds 1.859, peak 5.25; 2954 core-s/ps
  scout readout    425 at    4250.0 fs: T  320.8 K, E -127.282935 Ha (peak excursion 1.80e-7/water), bonds 1.861, peak 5.05; 2956 core-s/ps
  scout readout    450 at    4500.0 fs: T  309.7 K, E -127.282921 Ha (peak excursion 1.80e-7/water), bonds 1.838, peak 5.15; 2958 core-s/ps
  scout readout    475 at    4750.0 fs: T  306.4 K, E -127.282910 Ha (peak excursion 1.80e-7/water), bonds 1.831, peak 5.25; 2953 core-s/ps
  scout readout    500 at    5000.0 fs: T  311.5 K, E -127.282946 Ha (peak excursion 1.80e-7/water), bonds 1.856, peak 5.25; 2957 core-s/ps
  scout readout    525 at    5250.0 fs: T  309.2 K, E -127.282922 Ha (peak excursion 1.80e-7/water), bonds 1.868, peak 5.25; 2947 core-s/ps
  scout readout    550 at    5500.0 fs: T  309.5 K, E -127.282902 Ha (peak excursion 1.80e-7/water), bonds 1.859, peak 5.25; 2963 core-s/ps
  scout readout    575 at    5750.0 fs: T  291.6 K, E -127.282894 Ha (peak excursion 1.80e-7/water), bonds 1.826, peak 5.25; 2978 core-s/ps
  scout readout    600 at    6000.0 fs: T  311.1 K, E -127.282906 Ha (peak excursion 1.80e-7/water), bonds 1.854, peak 5.25; 2984 core-s/ps
  scout readout    625 at    6250.0 fs: T  310.9 K, E -127.282918 Ha (peak excursion 1.80e-7/water), bonds 1.845, peak 5.25; 2980 core-s/ps
  KICK cycle 2 at 6280 fs: axis 0 sign +1 v_d 50 m/s; dp_total 1.09e-14 au, dKE 4.851e-3 Ha = 0.0121 kT/water; rescale removed 6.657e-2 Ha
  scout readout    650 at    6500.0 fs: T  303.3 K, E -127.344661 Ha (peak excursion 1.80e-7/water), bonds 1.873, peak 5.15; 2978 core-s/ps
  scout readout    675 at    6750.0 fs: T  299.5 K, E -127.344632 Ha (peak excursion 1.80e-7/water), bonds 1.838, peak 5.15; 2991 core-s/ps
  scout readout    700 at    7000.0 fs: T  300.6 K, E -127.344625 Ha (peak excursion 1.80e-7/water), bonds 1.870, peak 5.05; 2984 core-s/ps
  scout readout    725 at    7250.0 fs: T  303.4 K, E -127.344622 Ha (peak excursion 1.80e-7/water), bonds 1.868, peak 5.15; 2990 core-s/ps
  scout readout    750 at    7500.0 fs: T  305.9 K, E -127.344622 Ha (peak excursion 1.80e-7/water), bonds 1.870, peak 5.25; 2989 core-s/ps
  scout readout    775 at    7750.0 fs: T  297.2 K, E -127.344613 Ha (peak excursion 1.80e-7/water), bonds 1.847, peak 5.25; 2991 core-s/ps
  scout readout    800 at    8000.0 fs: T  298.2 K, E -127.344614 Ha (peak excursion 1.80e-7/water), bonds 1.852, peak 5.15; 2980 core-s/ps
  scout readout    825 at    8250.0 fs: T  296.6 K, E -127.344611 Ha (peak excursion 1.80e-7/water), bonds 1.875, peak 5.15; 2971 core-s/ps
  scout readout    850 at    8500.0 fs: T  303.2 K, E -127.344612 Ha (peak excursion 1.80e-7/water), bonds 1.882, peak 5.25; 2963 core-s/ps
  scout readout    875 at    8750.0 fs: T  298.2 K, E -127.344603 Ha (peak excursion 1.80e-7/water), bonds 1.884, peak 5.25; 2953 core-s/ps
  scout readout    900 at    9000.0 fs: T  309.3 K, E -127.344600 Ha (peak excursion 1.80e-7/water), bonds 1.854, peak 5.25; 2950 core-s/ps
  scout readout    925 at    9250.0 fs: T  302.7 K, E -127.344613 Ha (peak excursion 1.80e-7/water), bonds 1.854, peak 5.15; 2954 core-s/ps
  KICK cycle 3 at 9420 fs: axis 0 sign -1 v_d 50 m/s; dp_total 1.24e-14 au, dKE 2.911e-3 Ha = 0.0073 kT/water; rescale removed 6.218e-2 Ha
  scout readout    950 at    9500.0 fs: T  305.7 K, E -127.403893 Ha (peak excursion 1.80e-7/water), bonds 1.859, peak 5.25; 2945 core-s/ps
  scout readout    975 at    9750.0 fs: T  295.3 K, E -127.403877 Ha (peak excursion 1.80e-7/water), bonds 1.854, peak 5.15; 2935 core-s/ps
  scout readout   1000 at   10000.0 fs: T  299.0 K, E -127.403891 Ha (peak excursion 1.80e-7/water), bonds 1.870, peak 5.15; 2928 core-s/ps
  scout readout   1025 at   10250.0 fs: T  309.3 K, E -127.403906 Ha (peak excursion 1.80e-7/water), bonds 1.868, peak 5.25; 2932 core-s/ps
  scout readout   1050 at   10500.0 fs: T  299.1 K, E -127.403885 Ha (peak excursion 1.80e-7/water), bonds 1.866, peak 5.15; 2931 core-s/ps
  scout readout   1075 at   10750.0 fs: T  308.4 K, E -127.403896 Ha (peak excursion 1.80e-7/water), bonds 1.875, peak 5.25; 2932 core-s/ps
  scout readout   1100 at   11000.0 fs: T  304.8 K, E -127.403883 Ha (peak excursion 1.80e-7/water), bonds 1.850, peak 5.25; 2927 core-s/ps
  scout readout   1125 at   11250.0 fs: T  298.1 K, E -127.403887 Ha (peak excursion 1.80e-7/water), bonds 1.854, peak 5.15; 2924 core-s/ps
  scout readout   1150 at   11500.0 fs: T  295.7 K, E -127.403874 Ha (peak excursion 1.80e-7/water), bonds 1.900, peak 5.15; 2925 core-s/ps
  scout readout   1175 at   11750.0 fs: T  305.6 K, E -127.403897 Ha (peak excursion 1.80e-7/water), bonds 1.877, peak 5.25; 2924 core-s/ps
  scout readout   1200 at   12000.0 fs: T  303.4 K, E -127.403879 Ha (peak excursion 1.80e-7/water), bonds 1.856, peak 5.15; 2924 core-s/ps
  scout readout   1225 at   12250.0 fs: T  300.8 K, E -127.403891 Ha (peak excursion 1.80e-7/water), bonds 1.852, peak 5.25; 2920 core-s/ps
  scout readout   1250 at   12500.0 fs: T  307.7 K, E -127.403876 Ha (peak excursion 1.80e-7/water), bonds 1.870, peak 5.25; 2911 core-s/ps
  KICK cycle 4 at 12560 fs: axis 0 sign +1 v_d 50 m/s; dp_total 7.49e-14 au, dKE -8.785e-4 Ha = -0.0022 kT/water; rescale removed 6.332e-2 Ha
  scout readout   1275 at   12750.0 fs: T  294.5 K, E -127.468076 Ha (peak excursion 1.80e-7/water), bonds 1.868, peak 5.25; 2902 core-s/ps
  scout readout   1300 at   13000.0 fs: T  300.7 K, E -127.468080 Ha (peak excursion 1.80e-7/water), bonds 1.880, peak 5.25; 2894 core-s/ps
  scout readout   1325 at   13250.0 fs: T  298.1 K, E -127.468076 Ha (peak excursion 1.80e-7/water), bonds 1.873, peak 5.15; 2886 core-s/ps
  scout readout   1350 at   13500.0 fs: T  300.6 K, E -127.468083 Ha (peak excursion 1.80e-7/water), bonds 1.891, peak 5.25; 2878 core-s/ps
  scout readout   1375 at   13750.0 fs: T  301.0 K, E -127.468102 Ha (peak excursion 1.80e-7/water), bonds 1.856, peak 5.25; 2870 core-s/ps
  scout readout   1400 at   14000.0 fs: T  308.7 K, E -127.468087 Ha (peak excursion 1.80e-7/water), bonds 1.898, peak 5.25; 2862 core-s/ps
  scout readout   1425 at   14250.0 fs: T  310.0 K, E -127.468104 Ha (peak excursion 1.80e-7/water), bonds 1.868, peak 5.25; 2855 core-s/ps
  scout readout   1450 at   14500.0 fs: T  299.1 K, E -127.468106 Ha (peak excursion 1.80e-7/water), bonds 1.880, peak 5.25; 2848 core-s/ps
  scout readout   1475 at   14750.0 fs: T  303.4 K, E -127.468112 Ha (peak excursion 1.80e-7/water), bonds 1.870, peak 5.15; 2842 core-s/ps
  scout readout   1500 at   15000.0 fs: T  300.0 K, E -127.468093 Ha (peak excursion 1.80e-7/water), bonds 1.877, peak 5.25; 2835 core-s/ps
  scout readout   1525 at   15250.0 fs: T  318.4 K, E -127.468129 Ha (peak excursion 1.80e-7/water), bonds 1.870, peak 5.15; 2829 core-s/ps
  scout readout   1550 at   15500.0 fs: T  300.7 K, E -127.468103 Ha (peak excursion 1.80e-7/water), bonds 1.875, peak 5.15; 2823 core-s/ps
  KICK cycle 5 at 15700 fs: axis 0 sign -1 v_d 50 m/s; dp_total 4.31e-14 au, dKE 3.169e-3 Ha = 0.0079 kT/water; rescale removed 5.702e-2 Ha
  scout readout   1575 at   15750.0 fs: T  294.4 K, E -127.521963 Ha (peak excursion 1.80e-7/water), bonds 1.882, peak 5.15; 2817 core-s/ps
  scout readout   1600 at   16000.0 fs: T  297.0 K, E -127.521973 Ha (peak excursion 1.80e-7/water), bonds 1.898, peak 5.25; 2811 core-s/ps
  scout readout   1625 at   16250.0 fs: T  304.4 K, E -127.521981 Ha (peak excursion 1.80e-7/water), bonds 1.863, peak 5.25; 2806 core-s/ps
  scout readout   1650 at   16500.0 fs: T  298.3 K, E -127.521968 Ha (peak excursion 1.80e-7/water), bonds 1.898, peak 5.25; 2801 core-s/ps
  scout readout   1675 at   16750.0 fs: T  291.5 K, E -127.521968 Ha (peak excursion 1.80e-7/water), bonds 1.882, peak 5.25; 2795 core-s/ps
  scout readout   1700 at   17000.0 fs: T  303.5 K, E -127.521967 Ha (peak excursion 1.80e-7/water), bonds 1.914, peak 5.25; 2790 core-s/ps
  scout readout   1725 at   17250.0 fs: T  303.5 K, E -127.521978 Ha (peak excursion 1.80e-7/water), bonds 1.910, peak 5.15; 2786 core-s/ps
  scout readout   1750 at   17500.0 fs: T  304.0 K, E -127.521985 Ha (peak excursion 1.80e-7/water), bonds 1.880, peak 5.15; 2781 core-s/ps
  scout readout   1775 at   17750.0 fs: T  303.1 K, E -127.521992 Ha (peak excursion 1.80e-7/water), bonds 1.889, peak 5.15; 2776 core-s/ps
  scout readout   1800 at   18000.0 fs: T  298.1 K, E -127.521984 Ha (peak excursion 1.80e-7/water), bonds 1.887, peak 5.25; 2772 core-s/ps
  scout readout   1825 at   18250.0 fs: T  294.5 K, E -127.521981 Ha (peak excursion 1.80e-7/water), bonds 1.880, peak 5.25; 2768 core-s/ps
  scout readout   1850 at   18500.0 fs: T  302.5 K, E -127.521986 Ha (peak excursion 1.80e-7/water), bonds 1.898, peak 5.25; 2764 core-s/ps
  scout readout   1875 at   18750.0 fs: T  310.1 K, E -127.521997 Ha (peak excursion 1.80e-7/water), bonds 1.907, peak 5.25; 2759 core-s/ps
  KICK cycle 6 at 18840 fs: axis 0 sign +1 v_d 50 m/s; dp_total 1.01e-14 au, dKE 5.152e-3 Ha = 0.0129 kT/water; rescale removed 2.874e-2 Ha
  scout readout   1900 at   19000.0 fs: T  291.3 K, E -127.545554 Ha (peak excursion 1.80e-7/water), bonds 1.884, peak 5.25; 2756 core-s/ps
  scout readout   1925 at   19250.0 fs: T  303.5 K, E -127.545585 Ha (peak excursion 1.80e-7/water), bonds 1.880, peak 5.15; 2752 core-s/ps
  scout readout   1950 at   19500.0 fs: T  297.4 K, E -127.545572 Ha (peak excursion 1.80e-7/water), bonds 1.891, peak 5.15; 2748 core-s/ps
  scout readout   1975 at   19750.0 fs: T  301.0 K, E -127.545578 Ha (peak excursion 1.80e-7/water), bonds 1.889, peak 5.15; 2744 core-s/ps
  scout readout   2000 at   20000.0 fs: T  292.3 K, E -127.545575 Ha (peak excursion 1.80e-7/water), bonds 1.896, peak 5.25; 2741 core-s/ps
  scout readout   2025 at   20250.0 fs: T  293.6 K, E -127.545555 Ha (peak excursion 1.80e-7/water), bonds 1.900, peak 5.15; 2737 core-s/ps
  scout readout   2050 at   20500.0 fs: T  295.7 K, E -127.545581 Ha (peak excursion 1.80e-7/water), bonds 1.891, peak 5.15; 2734 core-s/ps
  scout readout   2075 at   20750.0 fs: T  290.2 K, E -127.545571 Ha (peak excursion 1.80e-7/water), bonds 1.896, peak 5.25; 2730 core-s/ps
  scout readout   2100 at   21000.0 fs: T  297.0 K, E -127.545586 Ha (peak excursion 1.80e-7/water), bonds 1.884, peak 5.25; 2727 core-s/ps
  scout readout   2125 at   21250.0 fs: T  288.2 K, E -127.545572 Ha (peak excursion 1.80e-7/water), bonds 1.882, peak 5.25; 2725 core-s/ps

thread 'main' (3158477) panicked at crates/holon-render/examples/replace0.rs:1497:40:
walk row: Os { code: 28, kind: StorageFull, message: "No space left on device" }
note: run with `RUST_BACKTRACE=1` environment variable to display a backtrace
