phase atomwalk, out /home/emoore/CIRISHolon/conformance/water_observatory/replace0/molsearch1, observatory ../conformance/water_observatory
seed 0 of 3: 0x5245504c41434530
atomwalk: 384 atoms at n_cells = 4, box 29.5936 bohr, seed 0x5245504c41434530; settle 40000, then 20000 NVE frames, a row every 38 (0.990 fs)
  settling frame    500: T  390.3 K, cross-unit U 1.839427e-4 Ha/water
  settling frame   1000: T  477.7 K, cross-unit U -1.894341e-3 Ha/water
  settling frame   1500: T  442.7 K, cross-unit U -1.686068e-3 Ha/water
  settling frame   2000: T  392.8 K, cross-unit U -1.523736e-3 Ha/water
  settling frame   2500: T  420.0 K, cross-unit U -2.069303e-3 Ha/water
  settling frame   3000: T  397.2 K, cross-unit U -2.738307e-3 Ha/water
  settling frame   3500: T  380.6 K, cross-unit U -2.625596e-3 Ha/water
  settling frame   4000: T  405.0 K, cross-unit U -3.012919e-3 Ha/water
  settling frame   4500: T  386.3 K, cross-unit U -3.465986e-3 Ha/water
  settling frame   5000: T  382.9 K, cross-unit U -3.488197e-3 Ha/water
  settling frame   5500: T  365.1 K, cross-unit U -3.774243e-3 Ha/water
  settling frame   6000: T  371.1 K, cross-unit U -4.078080e-3 Ha/water
  settling frame   6500: T  388.5 K, cross-unit U -4.389851e-3 Ha/water
  settling frame   7000: T  358.0 K, cross-unit U -4.544102e-3 Ha/water
  settling frame   7500: T  375.7 K, cross-unit U -4.785849e-3 Ha/water
  settling frame   8000: T  379.4 K, cross-unit U -5.098594e-3 Ha/water
  settling frame   8500: T  351.4 K, cross-unit U -5.109410e-3 Ha/water
  settling frame   9000: T  344.5 K, cross-unit U -5.007947e-3 Ha/water
  settling frame   9500: T  356.6 K, cross-unit U -5.536160e-3 Ha/water
  settling frame  10000: T  338.8 K, cross-unit U -5.417845e-3 Ha/water
  settling frame  10500: T  349.1 K, cross-unit U -5.710559e-3 Ha/water
  settling frame  11000: T  333.3 K, cross-unit U -5.787135e-3 Ha/water
  settling frame  11500: T  334.2 K, cross-unit U -5.859656e-3 Ha/water
  settling frame  12000: T  302.4 K, cross-unit U -5.674766e-3 Ha/water
  settling frame  12500: T  317.6 K, cross-unit U -6.100297e-3 Ha/water
  settling frame  13000: T  344.1 K, cross-unit U -6.273341e-3 Ha/water
  settling frame  13500: T  342.9 K, cross-unit U -6.469883e-3 Ha/water
  settling frame  14000: T  332.9 K, cross-unit U -6.487773e-3 Ha/water
  settling frame  14500: T  350.4 K, cross-unit U -6.835483e-3 Ha/water
  settling frame  15000: T  319.5 K, cross-unit U -6.507519e-3 Ha/water
  settling frame  15500: T  338.6 K, cross-unit U -6.724454e-3 Ha/water
  settling frame  16000: T  352.7 K, cross-unit U -6.993235e-3 Ha/water
  settling frame  16500: T  343.4 K, cross-unit U -6.919501e-3 Ha/water
  settling frame  17000: T  339.3 K, cross-unit U -6.966663e-3 Ha/water
  settling frame  17500: T  348.3 K, cross-unit U -7.358748e-3 Ha/water
  settling frame  18000: T  334.6 K, cross-unit U -7.252392e-3 Ha/water
  settling frame  18500: T  325.3 K, cross-unit U -7.245862e-3 Ha/water
  settling frame  19000: T  324.0 K, cross-unit U -7.103016e-3 Ha/water
  settling frame  19500: T  344.9 K, cross-unit U -7.607616e-3 Ha/water
  settling frame  20000: T  319.3 K, cross-unit U -7.419123e-3 Ha/water
  settling frame  20500: T  324.2 K, cross-unit U -7.669752e-3 Ha/water
  settling frame  21000: T  323.0 K, cross-unit U -7.814509e-3 Ha/water
  settling frame  21500: T  317.4 K, cross-unit U -7.902498e-3 Ha/water
  settling frame  22000: T  311.7 K, cross-unit U -8.059172e-3 Ha/water
  settling frame  22500: T  308.8 K, cross-unit U -8.404761e-3 Ha/water
  settling frame  23000: T  309.1 K, cross-unit U -8.385417e-3 Ha/water
  settling frame  23500: T  324.8 K, cross-unit U -8.631512e-3 Ha/water
  settling frame  24000: T  322.0 K, cross-unit U -8.396800e-3 Ha/water
  settling frame  24500: T  332.2 K, cross-unit U -8.658406e-3 Ha/water
  settling frame  25000: T  315.8 K, cross-unit U -8.446977e-3 Ha/water
  settling frame  25500: T  324.2 K, cross-unit U -8.613976e-3 Ha/water
  settling frame  26000: T  311.0 K, cross-unit U -8.707477e-3 Ha/water
  settling frame  26500: T  319.4 K, cross-unit U -8.705940e-3 Ha/water
  settling frame  27000: T  281.4 K, cross-unit U -8.533991e-3 Ha/water
  settling frame  27500: T  307.7 K, cross-unit U -8.849868e-3 Ha/water
  settling frame  28000: T  301.0 K, cross-unit U -8.693182e-3 Ha/water
  settling frame  28500: T  286.4 K, cross-unit U -8.541706e-3 Ha/water
  settling frame  29000: T  291.1 K, cross-unit U -8.668346e-3 Ha/water
  settling frame  29500: T  301.5 K, cross-unit U -8.583687e-3 Ha/water
  settling frame  30000: T  310.9 K, cross-unit U -8.865462e-3 Ha/water
  settling frame  30500: T  304.7 K, cross-unit U -8.925759e-3 Ha/water
  settling frame  31000: T  285.1 K, cross-unit U -8.538080e-3 Ha/water
  settling frame  31500: T  321.3 K, cross-unit U -8.967767e-3 Ha/water
  settling frame  32000: T  303.1 K, cross-unit U -8.761980e-3 Ha/water
  settling frame  32500: T  284.6 K, cross-unit U -8.383828e-3 Ha/water
  settling frame  33000: T  299.8 K, cross-unit U -8.921990e-3 Ha/water
  settling frame  33500: T  289.7 K, cross-unit U -8.774960e-3 Ha/water
  settling frame  34000: T  305.5 K, cross-unit U -9.004099e-3 Ha/water
  settling frame  34500: T  292.2 K, cross-unit U -8.936514e-3 Ha/water
  settling frame  35000: T  288.4 K, cross-unit U -8.948982e-3 Ha/water
  settling frame  35500: T  295.1 K, cross-unit U -9.063822e-3 Ha/water
  settling frame  36000: T  306.1 K, cross-unit U -9.197378e-3 Ha/water
  settling frame  36500: T  302.3 K, cross-unit U -9.130604e-3 Ha/water
  settling frame  37000: T  305.9 K, cross-unit U -9.143596e-3 Ha/water
  settling frame  37500: T  296.6 K, cross-unit U -9.123951e-3 Ha/water
  settling frame  38000: T  319.1 K, cross-unit U -9.346931e-3 Ha/water
  settling frame  38500: T  294.7 K, cross-unit U -9.193181e-3 Ha/water
  settling frame  39000: T  298.4 K, cross-unit U -9.394847e-3 Ha/water
  settling frame  39500: T  325.0 K, cross-unit U -9.488111e-3 Ha/water
  settling frame  40000: T  300.0 K, cross-unit U -9.142733e-3 Ha/water
  atomwalk frame   10000: T  298.9 K, E drift 5.50e-12 Ha/atom, 4545 s
  atomwalk frame   20000: T  317.8 K, E drift 3.64e-10 Ha/atom, 9255 s
atomwalk: done, 527 rows in 9255 s; E drift 3.64e-10 Ha/atom
