phase scout, out /home/emoore/CIRISHolon/conformance/water_observatory/replace0/response1_T200_seed0, observatory ../conformance/water_observatory
seed 0 of 3: 0x5245504c41434530
scout: 432 waters (1296 atoms) at n_cells = 6, box 44.3904 bohr, seed 0x5245504c41434530
scout: fine settle 3000 frames under the stochastic thermostat (78.2 fs)
  settling frame    500: T  393.6 K, cross-unit U -3.000970e-4 Ha/water
  settling frame   1000: T  467.2 K, cross-unit U -6.653193e-3 Ha/water
  settling frame   1500: T  437.5 K, cross-unit U -6.217477e-3 Ha/water
  settling frame   2000: T  410.3 K, cross-unit U -6.792305e-3 Ha/water
  settling frame   2500: T  408.0 K, cross-unit U -7.669554e-3 Ha/water
  settling frame   3000: T  373.8 K, cross-unit U -8.704838e-3 Ha/water
scout: reference geometry O-H 1.95456 +/- 0.03713 bohr, H-O-H 1.67725 +/- 0.05033 rad over 432 units; fine T 373.8 K
scout: stiffness envelope READ from /home/emoore/CIRISHolon/conformance/water_observatory/replace0/transport_seed0/stiffness.json: 6.4190e-2 Ha/bohr^2 (an intensive property of the monomer, declared)
scout: rigid clock dt 15.5493 au (14.43x fine); readout every 10 fs = 27 rigid steps at dt 15.3116 au
scout: rigid modes as projected 533.7 K; rigid settle by criterion (5 x 500-step blocks of U/water, trend under scatter), floor 3000 steps (1111.1 fs), cap 30000
  rigid settle block    1 (step    500): T  293.0 K, U/water -2.916847e-1 Ha
  rigid settle block    2 (step   1000): T  293.0 K, U/water -2.944887e-1 Ha
  rigid settle block    3 (step   1500): T  293.0 K, U/water -2.954996e-1 Ha
  rigid settle block    4 (step   2000): T  293.0 K, U/water -2.960591e-1 Ha
  rigid settle block    5 (step   2500): T  293.0 K, U/water -2.964085e-1 Ha
  rigid settle block    6 (step   3000): T  293.0 K, U/water -2.964969e-1 Ha
  rigid settle block    7 (step   3500): T  293.0 K, U/water -2.966082e-1 Ha
  rigid settle block    8 (step   4000): T  293.0 K, U/water -2.968476e-1 Ha
  rigid settle block    9 (step   4500): T  293.0 K, U/water -2.969286e-1 Ha
  rigid settle block   10 (step   5000): T  293.0 K, U/water -2.970595e-1 Ha
  rigid settle block   11 (step   5500): T  293.0 K, U/water -2.970402e-1 Ha
  rigid settle block   12 (step   6000): T  293.0 K, U/water -2.971197e-1 Ha
  rigid settle block   13 (step   6500): T  293.0 K, U/water -2.970831e-1 Ha
  rigid settle block   14 (step   7000): T  293.0 K, U/water -2.972048e-1 Ha
  rigid settle block   15 (step   7500): T  293.0 K, U/water -2.972392e-1 Ha
  rigid settle block   16 (step   8000): T  293.0 K, U/water -2.972753e-1 Ha
  rigid settle block   17 (step   8500): T  293.0 K, U/water -2.974647e-1 Ha
  rigid settle block   18 (step   9000): T  293.0 K, U/water -2.974717e-1 Ha
  rigid settle block   19 (step   9500): T  293.0 K, U/water -2.975089e-1 Ha
  rigid settle block   20 (step  10000): T  293.0 K, U/water -2.974531e-1 Ha
  rigid settle block   21 (step  10500): T  293.0 K, U/water -2.975056e-1 Ha
  rigid settle block   22 (step  11000): T  293.0 K, U/water -2.975817e-1 Ha
  rigid settle block   23 (step  11500): T  293.0 K, U/water -2.976611e-1 Ha
  rigid settle block   24 (step  12000): T  293.0 K, U/water -2.975897e-1 Ha
  rigid settle block   25 (step  12500): T  293.0 K, U/water -2.975236e-1 Ha
scout: rigid settle SETTLED by criterion at step 12500 (4629.6 fs)
scout: production 3768 readouts x 10 fs = 37.7 ps, NVE from T 293.0 K, E -127.398679 Ha — 12 kick cycles of 314 readouts, transverse on axis 1 at 200 m/s
  KICK cycle 0 at 0 fs: axis 1 sign +1 v_d 200 m/s; dp_total 2.66e-13 au, dKE 2.819e-2 Ha = 0.0703 kT/water; rescale removed 0.000e0 Ha
  scout readout     25 at     250.0 fs: T  302.7 K, E -127.370498 Ha (peak excursion 7.18e-8/water), bonds 1.852, peak 5.25; 3884 core-s/ps
  scout readout     50 at     500.0 fs: T  286.4 K, E -127.370490 Ha (peak excursion 7.18e-8/water), bonds 1.875, peak 5.15; 3931 core-s/ps
  scout readout     75 at     750.0 fs: T  300.0 K, E -127.370489 Ha (peak excursion 7.18e-8/water), bonds 1.847, peak 5.25; 3902 core-s/ps
  scout readout    100 at    1000.0 fs: T  304.4 K, E -127.370486 Ha (peak excursion 7.18e-8/water), bonds 1.870, peak 5.25; 4021 core-s/ps
  scout readout    125 at    1250.0 fs: T  289.3 K, E -127.370469 Ha (peak excursion 7.18e-8/water), bonds 1.840, peak 5.25; 4031 core-s/ps
  scout readout    150 at    1500.0 fs: T  291.3 K, E -127.370476 Ha (peak excursion 7.18e-8/water), bonds 1.856, peak 5.15; 3991 core-s/ps
  scout readout    175 at    1750.0 fs: T  304.9 K, E -127.370520 Ha (peak excursion 1.00e-7/water), bonds 1.829, peak 5.15; 4033 core-s/ps
  scout readout    200 at    2000.0 fs: T  300.0 K, E -127.370510 Ha (peak excursion 1.03e-7/water), bonds 1.861, peak 5.35; 4000 core-s/ps
  scout readout    225 at    2250.0 fs: T  296.3 K, E -127.370520 Ha (peak excursion 1.05e-7/water), bonds 1.854, peak 5.15; 3994 core-s/ps
  scout readout    250 at    2500.0 fs: T  295.5 K, E -127.370515 Ha (peak excursion 1.25e-7/water), bonds 1.866, peak 5.25; 3973 core-s/ps
  scout readout    275 at    2750.0 fs: T  300.3 K, E -127.370519 Ha (peak excursion 1.25e-7/water), bonds 1.856, peak 5.25; 3952 core-s/ps
  scout readout    300 at    3000.0 fs: T  305.8 K, E -127.370532 Ha (peak excursion 1.25e-7/water), bonds 1.850, peak 5.15; 3921 core-s/ps
  KICK cycle 1 at 3140 fs: axis 1 sign -1 v_d 200 m/s; dp_total 2.11e-13 au, dKE 3.989e-2 Ha = 0.0995 kT/water; rescale removed 4.891e-2 Ha
  scout readout    325 at    3250.0 fs: T  299.7 K, E -127.379547 Ha (peak excursion 1.45e-7/water), bonds 1.850, peak 5.25; 3894 core-s/ps
  scout readout    350 at    3500.0 fs: T  287.6 K, E -127.379527 Ha (peak excursion 1.45e-7/water), bonds 1.850, peak 5.25; 3877 core-s/ps
  scout readout    375 at    3750.0 fs: T  301.9 K, E -127.379538 Ha (peak excursion 1.45e-7/water), bonds 1.861, peak 5.25; 3879 core-s/ps
  scout readout    400 at    4000.0 fs: T  307.5 K, E -127.379551 Ha (peak excursion 1.45e-7/water), bonds 1.863, peak 5.25; 3852 core-s/ps
  scout readout    425 at    4250.0 fs: T  305.0 K, E -127.379564 Ha (peak excursion 1.45e-7/water), bonds 1.880, peak 5.25; 3833 core-s/ps
  scout readout    450 at    4500.0 fs: T  300.0 K, E -127.379555 Ha (peak excursion 1.45e-7/water), bonds 1.854, peak 5.25; 3835 core-s/ps
  scout readout    475 at    4750.0 fs: T  289.9 K, E -127.379523 Ha (peak excursion 1.45e-7/water), bonds 1.843, peak 5.25; 3833 core-s/ps
  scout readout    500 at    5000.0 fs: T  296.6 K, E -127.379538 Ha (peak excursion 1.45e-7/water), bonds 1.873, peak 5.25; 3831 core-s/ps
  scout readout    525 at    5250.0 fs: T  291.4 K, E -127.379540 Ha (peak excursion 1.45e-7/water), bonds 1.859, peak 5.25; 3823 core-s/ps
  scout readout    550 at    5500.0 fs: T  294.9 K, E -127.379551 Ha (peak excursion 1.45e-7/water), bonds 1.870, peak 5.15; 3819 core-s/ps
  scout readout    575 at    5750.0 fs: T  300.2 K, E -127.379548 Ha (peak excursion 1.45e-7/water), bonds 1.856, peak 5.25; 3821 core-s/ps
  scout readout    600 at    6000.0 fs: T  291.6 K, E -127.379529 Ha (peak excursion 1.45e-7/water), bonds 1.863, peak 5.25; 3815 core-s/ps
  scout readout    625 at    6250.0 fs: T  301.2 K, E -127.379543 Ha (peak excursion 1.45e-7/water), bonds 1.852, peak 5.25; 3794 core-s/ps
  KICK cycle 2 at 6280 fs: axis 1 sign +1 v_d 200 m/s; dp_total 7.29e-13 au, dKE 2.403e-2 Ha = 0.0600 kT/water; rescale removed 4.342e-2 Ha
  scout readout    650 at    6500.0 fs: T  299.0 K, E -127.398948 Ha (peak excursion 1.45e-7/water), bonds 1.843, peak 5.25; 3775 core-s/ps
  scout readout    675 at    6750.0 fs: T  300.6 K, E -127.398946 Ha (peak excursion 1.45e-7/water), bonds 1.887, peak 5.25; 3758 core-s/ps
  scout readout    700 at    7000.0 fs: T  296.5 K, E -127.398936 Ha (peak excursion 1.45e-7/water), bonds 1.866, peak 5.15; 3741 core-s/ps
  scout readout    725 at    7250.0 fs: T  303.0 K, E -127.398936 Ha (peak excursion 1.45e-7/water), bonds 1.856, peak 5.25; 3726 core-s/ps
  scout readout    750 at    7500.0 fs: T  299.4 K, E -127.398940 Ha (peak excursion 1.45e-7/water), bonds 1.852, peak 5.25; 3711 core-s/ps
  scout readout    775 at    7750.0 fs: T  299.8 K, E -127.398942 Ha (peak excursion 1.45e-7/water), bonds 1.889, peak 5.15; 3698 core-s/ps
  scout readout    800 at    8000.0 fs: T  317.1 K, E -127.398971 Ha (peak excursion 1.45e-7/water), bonds 1.882, peak 5.25; 3685 core-s/ps
  scout readout    825 at    8250.0 fs: T  316.2 K, E -127.398964 Ha (peak excursion 1.45e-7/water), bonds 1.880, peak 5.15; 3673 core-s/ps
  scout readout    850 at    8500.0 fs: T  318.3 K, E -127.398973 Ha (peak excursion 1.45e-7/water), bonds 1.877, peak 5.15; 3662 core-s/ps
  scout readout    875 at    8750.0 fs: T  309.4 K, E -127.398950 Ha (peak excursion 1.45e-7/water), bonds 1.889, peak 5.25; 3652 core-s/ps
  scout readout    900 at    9000.0 fs: T  300.0 K, E -127.398934 Ha (peak excursion 1.45e-7/water), bonds 1.854, peak 5.15; 3642 core-s/ps
  scout readout    925 at    9250.0 fs: T  318.0 K, E -127.398955 Ha (peak excursion 1.45e-7/water), bonds 1.866, peak 5.15; 3632 core-s/ps
  KICK cycle 3 at 9420 fs: axis 1 sign -1 v_d 200 m/s; dp_total 1.49e-13 au, dKE 3.185e-2 Ha = 0.0795 kT/water; rescale removed 6.806e-2 Ha
  scout readout    950 at    9500.0 fs: T  302.7 K, E -127.435184 Ha (peak excursion 1.45e-7/water), bonds 1.882, peak 5.25; 3623 core-s/ps
  scout readout    975 at    9750.0 fs: T  295.2 K, E -127.435151 Ha (peak excursion 1.45e-7/water), bonds 1.856, peak 5.25; 3615 core-s/ps
  scout readout   1000 at   10000.0 fs: T  300.5 K, E -127.435168 Ha (peak excursion 1.45e-7/water), bonds 1.863, peak 5.15; 3607 core-s/ps
  scout readout   1025 at   10250.0 fs: T  298.9 K, E -127.435181 Ha (peak excursion 1.45e-7/water), bonds 1.859, peak 5.15; 3599 core-s/ps
  scout readout   1050 at   10500.0 fs: T  307.3 K, E -127.435179 Ha (peak excursion 1.45e-7/water), bonds 1.877, peak 5.15; 3592 core-s/ps
  scout readout   1075 at   10750.0 fs: T  287.2 K, E -127.435143 Ha (peak excursion 1.45e-7/water), bonds 1.854, peak 5.35; 3585 core-s/ps
  scout readout   1100 at   11000.0 fs: T  306.0 K, E -127.435158 Ha (peak excursion 1.45e-7/water), bonds 1.887, peak 5.25; 3579 core-s/ps
  scout readout   1125 at   11250.0 fs: T  302.1 K, E -127.435167 Ha (peak excursion 1.45e-7/water), bonds 1.873, peak 5.25; 3573 core-s/ps
  scout readout   1150 at   11500.0 fs: T  305.9 K, E -127.435160 Ha (peak excursion 1.45e-7/water), bonds 1.845, peak 5.15; 3567 core-s/ps
  scout readout   1175 at   11750.0 fs: T  297.8 K, E -127.435178 Ha (peak excursion 1.45e-7/water), bonds 1.836, peak 5.15; 3561 core-s/ps
  scout readout   1200 at   12000.0 fs: T  300.2 K, E -127.435159 Ha (peak excursion 1.45e-7/water), bonds 1.870, peak 5.25; 3556 core-s/ps
  scout readout   1225 at   12250.0 fs: T  315.3 K, E -127.435173 Ha (peak excursion 1.45e-7/water), bonds 1.880, peak 5.25; 3550 core-s/ps
  scout readout   1250 at   12500.0 fs: T  306.9 K, E -127.435174 Ha (peak excursion 1.45e-7/water), bonds 1.838, peak 5.25; 3545 core-s/ps
  KICK cycle 4 at 12560 fs: axis 1 sign +1 v_d 200 m/s; dp_total 5.04e-13 au, dKE 2.945e-2 Ha = 0.0735 kT/water; rescale removed 1.111e-2 Ha

thread 'main' (3158479) panicked at crates/holon-render/examples/replace0.rs:1497:40:
walk row: Os { code: 28, kind: StorageFull, message: "No space left on device" }
note: run with `RUST_BACKTRACE=1` environment variable to display a backtrace
