phase run, out /home/emoore/CIRISHolon/conformance/water_observatory/liquid2, observatory /home/emoore/CIRISHolon/conformance/water_observatory
law /home/emoore/CIRISHolon/conformance/water_observatory/ct3/wall_ct3.json (60 knots at c0 = 1.400000); deepest shape 2.915803, worst knot miss 2.279e-15
seed 2 of 3: 0x4c4951554946
REFUSING the frozen settling in /home/emoore/CIRISHolon/conformance/water_observatory/liquid2/pilot/settling.json: it was frozen at 8x the tables' step and this arm runs at 1x. A floor in FRAMES does not travel across a step change. The floor falls back to LIQUID-1's own measured settling converted at this step, and the record says so.
L0 door: unswitched reach 13.3988, table reach 17.2114, switched 13.3988, legality 14.0000, half-edge 14.7968; truncation 7.1590e-8 per water against 1e-5; 128 units, 0 free -> ADMITTED
  settling block    4 at frame   8100: T  363.7 K, cross-unit U -4.601942e-3 Ha per water
  settling block    8 at frame  16100: T  330.0 K, cross-unit U -7.119811e-3 Ha per water
  settling block   12 at frame  24100: T  308.0 K, cross-unit U -8.480619e-3 Ha per water
  settling block   16 at frame  32100: T  300.2 K, cross-unit U -8.756031e-3 Ha per water
  settling block   20 at frame  40100: T  299.9 K, cross-unit U -9.262201e-3 Ha per water
  settling block   24 at frame  48100: T  304.9 K, cross-unit U -9.235133e-3 Ha per water
  settling block   28 at frame  56100: T  294.7 K, cross-unit U -9.222807e-3 Ha per water
  settling block   32 at frame  64100: T  302.3 K, cross-unit U -9.292581e-3 Ha per water
  settling block   36 at frame  72100: T  304.0 K, cross-unit U -9.615906e-3 Ha per water
  settling block   40 at frame  80100: T  296.9 K, cross-unit U -9.625025e-3 Ha per water
  settling block   44 at frame  88100: T  296.7 K, cross-unit U -9.860849e-3 Ha per water
  settling block   45 at frame  90100: T  296.6 K, cross-unit U -9.718458e-3 Ha per water  -> SETTLED
  frame     2000: T  277.2 K, units 128, bonds/molecule 1.663, spanning 1.000, largest 0.999, drift 9.75e-7, 20 readouts
  frame     4000: T  274.5 K, units 128, bonds/molecule 1.647, spanning 1.000, largest 0.998, drift 9.75e-7, 40 readouts
  frame     6000: T  297.4 K, units 128, bonds/molecule 1.649, spanning 1.000, largest 0.998, drift 1.10e-6, 60 readouts
  frame     8000: T  317.0 K, units 128, bonds/molecule 1.645, spanning 1.000, largest 0.998, drift 1.41e-6, 80 readouts
  frame    10000: T  297.2 K, units 128, bonds/molecule 1.652, spanning 1.000, largest 0.998, drift 1.81e-6, 100 readouts
  frame    12000: T  297.7 K, units 128, bonds/molecule 1.662, spanning 1.000, largest 0.999, drift 1.81e-6, 120 readouts
  frame    14000: T  311.3 K, units 128, bonds/molecule 1.665, spanning 1.000, largest 0.998, drift 1.81e-6, 140 readouts
  frame    16000: T  311.1 K, units 128, bonds/molecule 1.670, spanning 1.000, largest 0.998, drift 1.81e-6, 160 readouts
  frame    18000: T  329.7 K, units 128, bonds/molecule 1.674, spanning 1.000, largest 0.999, drift 1.81e-6, 180 readouts
  frame    20000: T  304.3 K, units 128, bonds/molecule 1.678, spanning 1.000, largest 0.999, drift 1.81e-6, 200 readouts
  frame    22000: T  307.7 K, units 128, bonds/molecule 1.680, spanning 1.000, largest 0.999, drift 1.81e-6, 220 readouts
  frame    24000: T  290.9 K, units 128, bonds/molecule 1.680, spanning 1.000, largest 0.999, drift 1.81e-6, 240 readouts
  frame    26000: T  272.3 K, units 128, bonds/molecule 1.683, spanning 1.000, largest 0.999, drift 1.81e-6, 260 readouts
  frame    28000: T  265.3 K, units 128, bonds/molecule 1.684, spanning 1.000, largest 0.999, drift 1.81e-6, 280 readouts
  frame    30000: T  279.9 K, units 128, bonds/molecule 1.684, spanning 1.000, largest 0.998, drift 1.81e-6, 300 readouts
  frame    32000: T  283.8 K, units 128, bonds/molecule 1.681, spanning 1.000, largest 0.998, drift 1.81e-6, 320 readouts
  frame    34000: T  291.7 K, units 128, bonds/molecule 1.678, spanning 1.000, largest 0.998, drift 1.81e-6, 340 readouts
  frame    36000: T  280.6 K, units 128, bonds/molecule 1.676, spanning 1.000, largest 0.998, drift 1.81e-6, 360 readouts
  frame    38000: T  345.2 K, units 128, bonds/molecule 1.675, spanning 1.000, largest 0.997, drift 1.81e-6, 380 readouts
  frame    40000: T  314.4 K, units 128, bonds/molecule 1.676, spanning 1.000, largest 0.997, drift 1.81e-6, 400 readouts
  frame    42000: T  281.8 K, units 128, bonds/molecule 1.676, spanning 1.000, largest 0.997, drift 1.81e-6, 420 readouts
  frame    44000: T  317.8 K, units 128, bonds/molecule 1.674, spanning 1.000, largest 0.997, drift 1.81e-6, 440 readouts
  frame    46000: T  308.7 K, units 128, bonds/molecule 1.673, spanning 1.000, largest 0.997, drift 1.81e-6, 460 readouts
  frame    48000: T  327.4 K, units 128, bonds/molecule 1.673, spanning 1.000, largest 0.996, drift 1.81e-6, 480 readouts
  frame    50000: T  301.3 K, units 128, bonds/molecule 1.673, spanning 1.000, largest 0.996, drift 1.81e-6, 500 readouts
  frame    52000: T  322.1 K, units 128, bonds/molecule 1.674, spanning 1.000, largest 0.996, drift 1.81e-6, 520 readouts
  frame    54000: T  295.5 K, units 128, bonds/molecule 1.675, spanning 1.000, largest 0.997, drift 1.81e-6, 540 readouts
  frame    56000: T  303.0 K, units 128, bonds/molecule 1.677, spanning 1.000, largest 0.997, drift 1.81e-6, 560 readouts
  frame    58000: T  288.9 K, units 128, bonds/molecule 1.679, spanning 1.000, largest 0.997, drift 1.81e-6, 580 readouts
  frame    60000: T  288.0 K, units 128, bonds/molecule 1.680, spanning 1.000, largest 0.997, drift 1.81e-6, 600 readouts
  frame    62000: T  307.1 K, units 128, bonds/molecule 1.681, spanning 1.000, largest 0.997, drift 1.81e-6, 620 readouts
  frame    64000: T  296.3 K, units 128, bonds/molecule 1.682, spanning 1.000, largest 0.997, drift 1.81e-6, 640 readouts
  frame    66000: T  314.8 K, units 128, bonds/molecule 1.682, spanning 1.000, largest 0.997, drift 1.81e-6, 660 readouts
  frame    68000: T  302.8 K, units 128, bonds/molecule 1.681, spanning 1.000, largest 0.997, drift 1.81e-6, 680 readouts
  frame    70000: T  307.9 K, units 128, bonds/molecule 1.680, spanning 1.000, largest 0.997, drift 1.81e-6, 700 readouts
  frame    72000: T  279.8 K, units 128, bonds/molecule 1.680, spanning 1.000, largest 0.997, drift 1.81e-6, 720 readouts
  frame    74000: T  282.5 K, units 128, bonds/molecule 1.679, spanning 1.000, largest 0.997, drift 1.81e-6, 740 readouts
  frame    76000: T  281.6 K, units 128, bonds/molecule 1.679, spanning 1.000, largest 0.997, drift 1.81e-6, 760 readouts
  frame    78000: T  289.3 K, units 128, bonds/molecule 1.680, spanning 1.000, largest 0.997, drift 1.81e-6, 780 readouts
  frame    80000: T  289.0 K, units 128, bonds/molecule 1.680, spanning 1.000, largest 0.997, drift 1.87e-6, 800 readouts
  frame    82000: T  306.6 K, units 128, bonds/molecule 1.679, spanning 1.000, largest 0.997, drift 1.87e-6, 820 readouts
  frame    84000: T  291.7 K, units 128, bonds/molecule 1.678, spanning 1.000, largest 0.997, drift 1.87e-6, 840 readouts
  frame    86000: T  303.7 K, units 128, bonds/molecule 1.679, spanning 1.000, largest 0.997, drift 1.87e-6, 860 readouts
  frame    88000: T  300.2 K, units 128, bonds/molecule 1.680, spanning 1.000, largest 0.997, drift 2.11e-6, 880 readouts
  frame    90000: T  272.9 K, units 128, bonds/molecule 1.682, spanning 1.000, largest 0.997, drift 2.11e-6, 900 readouts
  frame    92000: T  282.2 K, units 128, bonds/molecule 1.683, spanning 1.000, largest 0.997, drift 2.14e-6, 920 readouts
  frame    94000: T  278.8 K, units 128, bonds/molecule 1.684, spanning 1.000, largest 0.998, drift 2.21e-6, 940 readouts
  frame    96000: T  289.2 K, units 128, bonds/molecule 1.685, spanning 1.000, largest 0.998, drift 2.21e-6, 960 readouts
  frame    98000: T  309.0 K, units 128, bonds/molecule 1.686, spanning 1.000, largest 0.998, drift 2.21e-6, 980 readouts
  frame   100000: T  276.9 K, units 128, bonds/molecule 1.687, spanning 1.000, largest 0.998, drift 2.21e-6, 1000 readouts
