seam law: ../conformance/water_observatory/ct2/wall_ct2.json (a 9.480487e2, b 2.400000, P 2.217404e1, c 2.440000, C6 0.000000e0, A_OH 2.258605e1, b_OH 2.200000, A_HH 1.525046e0, b_HH 1.750000, P_HH 1.697142e-2, c_HH 1.020000, P_CT 1.371043e0, c_CT 1.400000)
DRY RUN: 2000 settling frames and 10000 counted frames (the freeze's arm is 2000 and 100000).
SCREEN PAIRCT: T 293 K, charge x1, C6 None, settle 2000, count 10000, m_ct Some(0) — a DIAGNOSTIC, not a reading
box: 384 atoms, 128 waters, edge 29.593631 bohr at 0.997 g/cm³, seed 0x4c4951554944
L0 door (Amendment 2): seam switch r_cut 14.00 bohr (r_on 12.00); unswitched reach 18.5781, switched reach 14.0000; truncation tail 1.2648e-4 Ha over 53280 pairs beyond r_on = 9.8814e-7 per water against the stake 1e-5 → within
L0 door: tables' reach 20.0000, seam terms' reach 14.0000, legality radius 14.0000 (= max(4, 14.0000)), half-edge 14.7968 → ADMITTED
L0 door: 128 units, 0 free atoms
§1 the box's cross-unit energy is -1.877726e-3 hartree per water against kT = 9.278758e-4; under −2kT the liquid is expected to HOLD together, between −2kT and −kT there is NO EXPECTATION, above −kT it is expected to EVAPORATE into the cell — this box: hold
L2 price: 0.450605 s per force pass at 384 atoms with the lattice sum (15624 wave-vectors, 37404 real pairs); 12000 passes ⇒ 5407.3 s expected
  frame    2000: T  377.8 K, units 128, H-bonds/molecule 0.669, drift 1.07e-5, 20 readouts
  frame    4000: T  362.1 K, units 128, H-bonds/molecule 0.726, drift 1.07e-5, 40 readouts
  frame    6000: T  320.7 K, units 128, H-bonds/molecule 0.791, drift 1.07e-5, 60 readouts
  frame    8000: T  321.7 K, units 128, H-bonds/molecule 0.822, drift 1.07e-5, 80 readouts
  frame   10000: T  325.5 K, units 128, H-bonds/molecule 0.858, drift 1.07e-5, 100 readouts
R1 first O–O peak: r 5.650 bohr, g 2.170 → branch (c)  [KILL: position (5.0, 5.6) bohr, height (2.0, 4.0)]
R2 H-bonds/molecule: 0.8578 → branch (b)  [KILL: (3.0, 4.0)]
R3 self-diffusion: VOID — diffusion refuses (gate: MSD exponent in [0.85, 1.15]): MSD goes as tau^1.93 over this window, not tau^1; there is no diffusive regime here and a straight-line fit would report the slope of a curve as a diffusion constant
L1 books: columns true, drift peak 1.066e-5 against 1.000e-5 (false), momentum 8.69e-12 / bound 3.67e-8 (true)
L2 price: 6005.9 s against 5407.3 s expected (true)
carrier: 0.2751 of first-shell O–O pairs cross a face (floor 0.05) — nonzero
plant (i) raw-difference g_OO: first peak Some((5.65, 1.5773499955601966)) vs Some((5.65, 2.1696449188930513)), moved 0.273 (needs > 0.2)
plant (ii) open-box H-bonds: 0.6188 against 0.8578, fell 0.279 (needs > 0.2)
wrote arm.done
done
