# D1 overlap: H2
#   grid rule      uniform in R^-1/4 (table::grid_point), 16 knots
#   range (exact)  [0.392722458, 10.500000000] bohr
#   asymptote      -0.933163699114551 hartree
#   stake          |E_dmrg - E_fci| <= 1e-8 Ha at chi = 64
#   ladder [8, 16, 32, 64]  sweeps 25  tol 1e-11
R_bohr	E_fci	res_fci	n_det	E_chi8	d_chi8	E_chi16	d_chi16	E_chi32	d_chi32	E_chi64	d_chi64
0.392722458	0.066836311615462	2.236e-15	4	0.066836311615459	-2.665e-15	0.066836311615459	-2.665e-15	0.066836311615459	-2.665e-15	0.066836311615459	-2.665e-15	mpo_s 0.0
0.457309109	-0.252120983608980	3.574e-15	4	-0.252120983608983	-3.553e-15	-0.252120983608983	-3.553e-15	-0.252120983608983	-3.553e-15	-0.252120983608983	-3.553e-15	mpo_s 0.0
0.535736035	-0.520257942110820	2.700e-15	4	-0.520257942110817	+3.109e-15	-0.520257942110817	+3.109e-15	-0.520257942110817	+3.109e-15	-0.520257942110817	+3.109e-15	mpo_s 0.0
0.631719751	-0.738513886614484	4.881e-16	4	-0.738513886614491	-7.550e-15	-0.738513886614491	-7.550e-15	-0.738513886614491	-7.550e-15	-0.738513886614491	-7.550e-15	mpo_s 0.0
0.750194979	-0.907938203230118	1.780e-15	4	-0.907938203230117	+4.441e-16	-0.907938203230117	+4.441e-16	-0.907938203230117	+4.441e-16	-0.907938203230117	+4.441e-16	mpo_s 0.0
0.897793140	-1.029732632065472	1.787e-15	4	-1.029732632065472	-8.882e-16	-1.029732632065472	-8.882e-16	-1.029732632065472	-8.882e-16	-1.029732632065472	-8.882e-16	mpo_s 0.0
1.083543047	-1.105153471143171	1.332e-15	4	-1.105153471142665	+5.054e-13	-1.105153471142665	+5.054e-13	-1.105153471142665	+5.054e-13	-1.105153471142665	+5.054e-13	mpo_s 0.0
1.319914592	-1.136085118502462	4.479e-16	4	-1.136085118502462	+0.000e0	-1.136085118502462	+0.000e0	-1.136085118502462	+0.000e0	-1.136085118502462	+0.000e0	mpo_s 0.0
1.624402597	-1.126999969920172	1.341e-15	4	-1.126999969920170	+1.332e-15	-1.126999969920170	+1.332e-15	-1.126999969920170	+1.332e-15	-1.126999969920170	+1.332e-15	mpo_s 0.0
2.021980049	-1.085912892503722	2.247e-15	4	-1.085912892503722	+0.000e0	-1.085912892503722	+0.000e0	-1.085912892503722	+0.000e0	-1.085912892503722	+0.000e0	mpo_s 0.0
2.548984849	-1.025278626791676	1.373e-15	4	-1.025278626791674	+1.554e-15	-1.025278626791674	+1.554e-15	-1.025278626791674	+1.554e-15	-1.025278626791674	+1.554e-15	mpo_s 0.0
3.259434256	-0.968824899001963	4.599e-16	4	-0.968824899001967	-3.553e-15	-0.968824899001967	-3.553e-15	-0.968824899001967	-3.553e-15	-0.968824899001967	-3.553e-15	mpo_s 0.0
4.235575055	-0.940182316849060	7.109e-16	4	-0.940182316849061	-8.882e-16	-0.940182316849061	-8.882e-16	-0.940182316849061	-8.882e-16	-0.940182316849061	-8.882e-16	mpo_s 0.0
5.606075427	-0.933694911938472	7.022e-16	4	-0.933694911938473	-1.332e-15	-0.933694911938473	-1.332e-15	-0.933694911938473	-1.332e-15	-0.933694911938473	-1.332e-15	mpo_s 0.0
7.578534500	-0.933171017753958	1.585e-16	4	-0.933171017753959	-8.882e-16	-0.933171017753959	-8.882e-16	-0.933171017753959	-8.882e-16	-0.933171017753959	-8.882e-16	mpo_s 0.0
10.500000000	-0.933163701926650	2.263e-13	4	-0.933163701926651	-1.554e-15	-0.933163701926651	-1.554e-15	-0.933163701926651	-1.554e-15	-0.933163701926651	-1.554e-15	mpo_s 0.0
# WORST |delta| at largest chi = 5.053735e-13 Ha at R = 1.083543 bohr   stake 1e-8   PASS
# elapsed 0.2 s
exit=0
