# D1 overlap: LiH
#   grid rule      uniform in R^-1/4 (table::grid_point), 12 knots
#   range (exact)  [0.811466032, 15.500000000] bohr
#   asymptote      -7.782418426175330 hartree
#   stake          |E_dmrg - E_fci| <= 1e-8 Ha at chi = 64
#   ladder [8, 16, 32, 64]  sweeps 25  tol 1e-11
R_bohr	E_fci	res_fci	n_det	E_chi8	d_chi8	E_chi16	d_chi16	E_chi32	d_chi32	E_chi64	d_chi64
0.811466032	-6.782418411537893	5.654e-11	225	-6.782092725585777	+3.257e-4	-6.782418411538977	-1.084e-12	-6.782418411538977	-1.084e-12	-6.782418411538979	-1.085e-12	mpo_s 582.4
0.985533775	-7.117166456763274	8.942e-11	225	-7.117037898353700	+1.286e-4	-7.117166456768863	-5.588e-12	-7.117166456768866	-5.592e-12	-7.117166456768866	-5.592e-12	mpo_s 632.2
1.208881332	-7.401244560725205	9.575e-11	225	-7.401189887475734	+5.467e-5	-7.401244560726420	-1.215e-12	-7.401244560726420	-1.215e-12	-7.401244560726420	-1.215e-12	mpo_s 545.2
1.499239531	-7.626984929922582	4.965e-11	225	-7.626961630092209	+2.330e-5	-7.626984929923323	-7.407e-13	-7.626984929923319	-7.372e-13	-7.626984929923319	-7.372e-13	mpo_s 545.2
1.882248870	-7.782469827747041	6.832e-11	225	-7.782439605214889	+3.022e-5	-7.782469827748232	-1.192e-12	-7.782469827748229	-1.188e-12	-7.782469827748229	-1.188e-12	mpo_s 583.1
2.395761658	-7.864679153891290	6.180e-11	225	-7.864661617691157	+1.754e-5	-7.864679153892348	-1.059e-12	-7.864679153892347	-1.057e-12	-7.864679153892347	-1.057e-12	mpo_s 704.6
3.096965013	-7.881489607747469	6.443e-11	225	-7.881477326997456	+1.228e-5	-7.881489607749246	-1.776e-12	-7.881489607749240	-1.771e-12	-7.881489607749240	-1.771e-12	mpo_s 590.9
4.074538008	-7.849096053072052	3.208e-11	225	-7.849076945819882	+1.911e-5	-7.849096053072061	-8.882e-15	-7.849096053072057	-5.329e-15	-7.849096053072057	-5.329e-15	mpo_s 621.3
5.470125522	-7.802690205725835	6.078e-11	225	-7.802632526266299	+5.768e-5	-7.802690205726222	-3.872e-13	-7.802690205726224	-3.890e-13	-7.802690205726222	-3.872e-13	mpo_s 527.7
7.517782476	-7.784373273949537	2.440e-11	225	-7.784284413147418	+8.886e-5	-7.784373273950482	-9.450e-13	-7.784373273950482	-9.450e-13	-7.784373273950484	-9.468e-13	mpo_s 558.7
10.619764932	-7.782449697899045	3.491e-11	225	-7.782431431750810	+1.827e-5	-7.782449697900093	-1.048e-12	-7.782449697900093	-1.048e-12	-7.782449697900093	-1.048e-12	mpo_s 519.2
15.500000000	-7.782418431987795	2.070e-11	225	-7.782418430056081	+1.932e-9	-7.782418431988730	-9.353e-13	-7.782418431988726	-9.308e-13	-7.782418431988726	-9.308e-13	mpo_s 605.5
# WORST |delta| at largest chi = 5.591971e-12 Ha at R = 0.985534 bohr   stake 1e-8   PASS
# elapsed 7151.5 s
exit=0
