FIELD-5 exchange — the Heitler–London referee on FIELD-3's six linear nodes, 24 threads
  R_OO 2.5 Å: E_HL -1.499036990e2  E_es -2.359621e-2  E_exch +1.664803e-1  norm 0.999999999999996  nonzero 194481/194481  S_max 1.495e-1  σ 2.9 s, 55.1 core-s
  R_OO 2.7 Å: E_HL -1.499762889e2  E_es -1.225826e-2  E_exch +8.255240e-2  norm 0.999999999999996  nonzero 194481/194481  S_max 1.101e-1  σ 2.9 s, 55.2 core-s
  R_OO 2.9 Å: E_HL -1.500134393e2  E_es -6.927182e-3  E_exch +4.007096e-2  norm 0.999999999999996  nonzero 194481/194481  S_max 7.849e-2  σ 2.8 s, 58.4 core-s
  R_OO 3.1 Å: E_HL -1.500320075e2  E_es -4.336589e-3  E_exch +1.891213e-2  norm 0.999999999999996  nonzero 194481/194481  S_max 5.444e-2  σ 2.9 s, 57.8 core-s
  R_OO 3.4 Å: E_HL -1.500433850e2  E_es -2.573445e-3  E_exch +5.771548e-3  norm 0.999999999999996  nonzero 194481/194481  S_max 3.000e-2  σ 2.9 s, 58.2 core-s
  R_OO 3.7 Å: E_HL -1.500467412e2  E_es -1.781707e-3  E_exch +1.623600e-3  norm 0.999999999999996  nonzero 194481/194481  S_max 1.579e-2  σ 2.7 s, 59.1 core-s

G-H1:
  norm: worst |‖Ψ‖ − 1| = 4.441e-15 over seven readings (tol 1e-12) → PASS
  count: nonzero determinants 194481 = n_det(A)·n_det(B) = 441 · 441 = 194481 at every node (the freeze names 441 × 441 = 194,481) → PASS
  limit: |E_HL(40 bohr) − E_A0 − E_B0| = 2.030e-6 Ha (tol 1e-8) → FAIL
G-H1 → FAIL

| R (Å) | R_OO (bohr) | ΔE_exact (Ha) | E_HL − E_A0 − E_B0 (Ha) | E_es (Ha) | E_exch (Ha) | σ (s) | core-s |
| 2.5 | 4.7243 | +2.506907e-3 | +1.428841e-1 | -2.359621e-2 | +1.664803e-1 | 2.9 | 55.1 |
| 2.7 | 5.1023 | -4.319926e-3 | +7.029414e-2 | -1.225826e-2 | +8.255240e-2 | 2.9 | 55.2 |
| 2.9 | 5.4802 | -5.480012e-3 | +3.314378e-2 | -6.927182e-3 | +4.007096e-2 | 2.8 | 58.4 |
| 3.1 | 5.8582 | -4.757010e-3 | +1.457554e-2 | -4.336589e-3 | +1.891213e-2 | 2.9 | 57.8 |
| 3.4 | 6.4251 | -3.217466e-3 | +3.198103e-3 | -2.573445e-3 | +5.771548e-3 | 2.9 | 58.2 |
| 3.7 | 6.9920 | -2.141365e-3 | -1.581070e-4 | -1.781707e-3 | +1.623600e-3 | 2.7 | 59.1 |
H1: E_exch > 1e-6 at all six (true); non-increasing outward (true) → PASS
M-CHEAPER-THAN-ITS-PRICE (recorded): every reading at or above a tenth of its 7 core-second price: true (cheapest 55.1 core-s)

fit (a) the wall over E_exch — FIELD-3's rule: the largest contiguous set of the SHORTEST nodes, at least three, within 0.1·|ΔE_exact| at each
  attempt k = 6 (to 3.7 Å): A = 2.713244e3 Ha, b = 2.043814 /bohr, worst miss 2.9288 of |ΔE_exact| (tol 0.1) → does not qualify
  attempt k = 5 (to 3.4 Å): A = 1.885566e3 Ha, b = 1.972329 /bohr, worst miss 1.1356 of |ΔE_exact| (tol 0.1) → does not qualify
  attempt k = 4 (to 3.1 Å): A = 1.388019e3 Ha, b = 1.910098 /bohr, worst miss 0.3066 of |ΔE_exact| (tol 0.1) → does not qualify
  attempt k = 3 (to 2.9 Å): A = 1.189391e3 Ha, b = 1.878127 /bohr, worst miss 0.1367 of |ΔE_exact| (tol 0.1) → does not qualify
fit (a): positive prefix 6 of 6; A = 0.000000000e0 Ha, b = 0.000000 /bohr over the shortest 0 nodes (R_x = NaN Å)
S1: branch (c) — VOID: no wall, the arms do not run. the positive prefix is 6, but no set of three or more is fitted within 0.1·|ΔE_exact| — (c) by the harvest rule, NOT by the prefix count

fit (b) the penetration term on the OUTER nodes only (4 of them, H–O placement, c-grid 0.5–4 step 0.01): P = 1.603983127e1 Ha, c = 2.42 /bohr (weighted residual 9.701972e-5, at grid edge false)
  2.5 Å: p(FIELD-4) -1.709209e-2  fit -1.922330e-2  miss -2.131210e-3 (-0.8501 of ΔE_exact)  [inner, NOT fit]
  2.7 Å: p(FIELD-4) -7.312200e-3  fit -7.703219e-3  miss -3.910189e-4 (-0.0905 of ΔE_exact)  [inner, NOT fit]
  2.9 Å: p(FIELD-4) -3.075757e-3  fit -3.086825e-3  miss -1.106792e-5 (-0.0020 of ΔE_exact)  [in the fit]
  3.1 Å: p(FIELD-4) -1.264867e-3  fit -1.236937e-3  miss +2.792961e-5 (+0.0059 of ΔE_exact)  [in the fit]
  3.4 Å: p(FIELD-4) -3.102007e-4  fit -3.137574e-4  miss -3.556709e-6 (-0.0011 of ΔE_exact)  [in the fit]
  3.7 Å: p(FIELD-4) -6.338338e-5  fit -7.958532e-5  miss -1.620194e-5 (-0.0076 of ΔE_exact)  [in the fit]

fit (c) dispersion from the remainder ΔE_exact − E_q − p_fit − E_exch, OUTER nodes only
  2.5 Å: remainder -1.376809e-1 Ha (-54.9206 of ΔE_exact)  [inner, NOT fit]
  2.7 Å: remainder -7.383173e-2 Ha (-17.0910 of ΔE_exact)  [inner, NOT fit]
  2.9 Å: remainder -3.833027e-2 Ha (-6.9946 of ΔE_exact)  [in the fit]
  3.1 Å: remainder -1.916202e-2 Ha (-4.0282 of ΔE_exact)  [in the fit]
  3.4 Å: remainder -6.298046e-3 Ha (-1.9575 of ΔE_exact)  [in the fit]
  3.7 Å: remainder -1.901034e-3 Ha (-0.8878 of ΔE_exact)  [in the fit]
  log-log slope 2.9 → 3.1 Å: -10.396
  log-log slope 3.1 → 3.4 Å: -12.046
  log-log slope 3.4 → 3.7 Å: -14.166
fit (c): C₆ = 0.000000000e0 Ha·bohr⁶; every slope in [-8, -4] → NOT transferred (C₆ = 0 recorded)

G-C1 — the harvest is the engine's arithmetic, the SAME reference on both sides (E_q(R) − E_q(40) from the engine itself)
  R 2.5 Å: engine -2.629478874786e-2 (field diff -7.071489e-3, seam -1.922330e-2) vs formula -2.629478874786e-2 (E_q(R) − E_q(40) -7.071489e-3 + pen -1.922330e-2 + wall +0.000000e0 + disp +0.000000e0) — miss 1.388e-17
  R 2.7 Å: engine -1.304273359118e-2 (field diff -5.339515e-3, seam -7.703219e-3) vs formula -1.304273359118e-2 (E_q(R) − E_q(40) -5.339515e-3 + pen -7.703219e-3 + wall +0.000000e0 + disp +0.000000e0) — miss 6.939e-18
  R 2.9 Å: engine -7.222695656606e-3 (field diff -4.135871e-3, seam -3.086825e-3) vs formula -7.222695656606e-3 (E_q(R) − E_q(40) -4.135871e-3 + pen -3.086825e-3 + wall +0.000000e0 + disp +0.000000e0) — miss 8.674e-18
plant (i) at 2.9 Å: miss 6.173650e-3 vs 2·|p_HO| 6.173650e-3 (difference 9.714e-17); carrier |p_HO| 3.087e-3 ≥ 1e-4: true → FIRES
  R 3.1 Å: engine -4.508968239719e-3 (field diff -3.272031e-3, seam -1.236937e-3) vs formula -4.508968239719e-3 (E_q(R) − E_q(40) -3.272031e-3 + pen -1.236937e-3 + wall +0.000000e0 + disp +0.000000e0) — miss 1.128e-17
  R 3.4 Å: engine -2.692600796947e-3 (field diff -2.378843e-3, seam -3.137574e-4) vs formula -2.692600796947e-3 (E_q(R) − E_q(40) -2.378843e-3 + pen -3.137574e-4 + wall +0.000000e0 + disp +0.000000e0) — miss 1.366e-16
  R 3.7 Å: engine -1.865345768227e-3 (field diff -1.785760e-3, seam -7.958532e-5) vs formula -1.865345768227e-3 (E_q(R) − E_q(40) -1.785760e-3 + pen -7.958532e-5 + wall +0.000000e0 + disp +0.000000e0) — miss 1.208e-16
G-C1: worst |engine − formula| = 1.366e-16 (stake 1e-10) → PASS

wall5.json written
prediction.json filed BEFORE the tilted solve: E_pred -7.049511e-3 Ha — E_q(R) − E_q(40) -3.962014e-3, p_HO -3.087496e-3, wall +0.000000e0 (NOT harvested; 0.0 recorded), disp +0.000000e0; units 2
