phase scout, out /home/emoore/CIRISHolon/conformance/water_observatory/replace0/response1_T_seed1, observatory ../conformance/water_observatory
seed 1 of 3: 0x5245504c41434531
scout: 432 waters (1296 atoms) at n_cells = 6, box 44.3904 bohr, seed 0x5245504c41434531
scout: fine settle 3000 frames under the stochastic thermostat (78.2 fs)
  settling frame    500: T  386.3 K, cross-unit U -1.329679e-3 Ha/water
  settling frame   1000: T  448.3 K, cross-unit U -6.959028e-3 Ha/water
  settling frame   1500: T  415.0 K, cross-unit U -6.580176e-3 Ha/water
  settling frame   2000: T  403.7 K, cross-unit U -7.652212e-3 Ha/water
  settling frame   2500: T  403.6 K, cross-unit U -8.708636e-3 Ha/water
  settling frame   3000: T  361.8 K, cross-unit U -9.194626e-3 Ha/water
scout: reference geometry O-H 1.95559 +/- 0.03686 bohr, H-O-H 1.67393 +/- 0.05034 rad over 432 units; fine T 361.8 K
scout: stiffness envelope READ from /home/emoore/CIRISHolon/conformance/water_observatory/replace0/transport_seed0/stiffness.json: 6.4190e-2 Ha/bohr^2 (an intensive property of the monomer, declared)
scout: rigid clock dt 15.5810 au (14.46x fine); readout every 10 fs = 27 rigid steps at dt 15.3116 au
scout: rigid modes as projected 515.6 K; rigid settle by criterion (5 x 500-step blocks of U/water, trend under scatter), floor 3000 steps (1111.1 fs), cap 30000
  rigid settle block    1 (step    500): T  293.0 K, U/water -2.920039e-1 Ha
  rigid settle block    2 (step   1000): T  293.0 K, U/water -2.948155e-1 Ha
  rigid settle block    3 (step   1500): T  293.0 K, U/water -2.957255e-1 Ha
  rigid settle block    4 (step   2000): T  293.0 K, U/water -2.961962e-1 Ha
  rigid settle block    5 (step   2500): T  293.0 K, U/water -2.964689e-1 Ha
  rigid settle block    6 (step   3000): T  293.0 K, U/water -2.966789e-1 Ha
  rigid settle block    7 (step   3500): T  293.0 K, U/water -2.967425e-1 Ha
  rigid settle block    8 (step   4000): T  293.0 K, U/water -2.968160e-1 Ha
  rigid settle block    9 (step   4500): T  293.0 K, U/water -2.970213e-1 Ha
  rigid settle block   10 (step   5000): T  293.0 K, U/water -2.971201e-1 Ha
  rigid settle block   11 (step   5500): T  293.0 K, U/water -2.971467e-1 Ha
  rigid settle block   12 (step   6000): T  293.0 K, U/water -2.972886e-1 Ha
  rigid settle block   13 (step   6500): T  293.0 K, U/water -2.971906e-1 Ha
  rigid settle block   14 (step   7000): T  293.0 K, U/water -2.973546e-1 Ha
  rigid settle block   15 (step   7500): T  293.0 K, U/water -2.974427e-1 Ha
  rigid settle block   16 (step   8000): T  293.0 K, U/water -2.975091e-1 Ha
  rigid settle block   17 (step   8500): T  293.0 K, U/water -2.973739e-1 Ha
  rigid settle block   18 (step   9000): T  293.0 K, U/water -2.974534e-1 Ha
scout: rigid settle SETTLED by criterion at step 9000 (3333.3 fs)
scout: production 3768 readouts x 10 fs = 37.7 ps, NVE from T 293.0 K, E -127.277275 Ha — 12 kick cycles of 314 readouts, transverse on axis 1 at 50 m/s
  KICK cycle 0 at 0 fs: axis 1 sign +1 v_d 50 m/s; dp_total 3.38e-14 au, dKE 1.730e-4 Ha = 0.0004 kT/water; rescale removed 0.000e0 Ha
  scout readout     25 at     250.0 fs: T  285.9 K, E -127.277107 Ha (peak excursion 6.19e-8/water), bonds 1.819, peak 5.25; 4147 core-s/ps
  scout readout     50 at     500.0 fs: T  293.2 K, E -127.277119 Ha (peak excursion 6.41e-8/water), bonds 1.840, peak 5.25; 4204 core-s/ps
  scout readout     75 at     750.0 fs: T  302.1 K, E -127.277115 Ha (peak excursion 6.41e-8/water), bonds 1.838, peak 5.25; 4216 core-s/ps
  scout readout    100 at    1000.0 fs: T  297.3 K, E -127.277092 Ha (peak excursion 6.41e-8/water), bonds 1.836, peak 5.25; 4171 core-s/ps
  scout readout    125 at    1250.0 fs: T  301.0 K, E -127.277119 Ha (peak excursion 6.41e-8/water), bonds 1.856, peak 5.25; 4147 core-s/ps
  scout readout    150 at    1500.0 fs: T  296.4 K, E -127.277099 Ha (peak excursion 8.04e-8/water), bonds 1.838, peak 5.15; 4107 core-s/ps
  scout readout    175 at    1750.0 fs: T  295.0 K, E -127.277074 Ha (peak excursion 8.04e-8/water), bonds 1.843, peak 5.25; 4091 core-s/ps
  scout readout    200 at    2000.0 fs: T  302.3 K, E -127.277116 Ha (peak excursion 8.04e-8/water), bonds 1.868, peak 5.25; 4061 core-s/ps
  scout readout    225 at    2250.0 fs: T  291.6 K, E -127.277112 Ha (peak excursion 8.92e-8/water), bonds 1.831, peak 5.25; 4087 core-s/ps
  scout readout    250 at    2500.0 fs: T  301.9 K, E -127.277111 Ha (peak excursion 8.92e-8/water), bonds 1.850, peak 5.25; 4084 core-s/ps
  scout readout    275 at    2750.0 fs: T  308.1 K, E -127.277133 Ha (peak excursion 8.92e-8/water), bonds 1.852, peak 5.25; 4064 core-s/ps
  scout readout    300 at    3000.0 fs: T  292.5 K, E -127.277126 Ha (peak excursion 8.92e-8/water), bonds 1.829, peak 5.35; 4087 core-s/ps
  KICK cycle 1 at 3140 fs: axis 1 sign -1 v_d 50 m/s; dp_total 7.50e-14 au, dKE -9.418e-4 Ha = -0.0023 kT/water; rescale removed -2.040e-3 Ha
  scout readout    325 at    3250.0 fs: T  305.3 K, E -127.276030 Ha (peak excursion 9.05e-8/water), bonds 1.838, peak 5.25; 4064 core-s/ps
  scout readout    350 at    3500.0 fs: T  303.8 K, E -127.276038 Ha (peak excursion 9.05e-8/water), bonds 1.829, peak 5.15; 4054 core-s/ps
  scout readout    375 at    3750.0 fs: T  306.3 K, E -127.276075 Ha (peak excursion 1.16e-7/water), bonds 1.850, peak 5.15; 4036 core-s/ps
  scout readout    400 at    4000.0 fs: T  324.1 K, E -127.276080 Ha (peak excursion 1.36e-7/water), bonds 1.838, peak 5.25; 4017 core-s/ps
  scout readout    425 at    4250.0 fs: T  300.5 K, E -127.276041 Ha (peak excursion 1.36e-7/water), bonds 1.850, peak 5.25; 3992 core-s/ps
  scout readout    450 at    4500.0 fs: T  306.7 K, E -127.276055 Ha (peak excursion 1.36e-7/water), bonds 1.870, peak 5.15; 3968 core-s/ps
  scout readout    475 at    4750.0 fs: T  310.5 K, E -127.276062 Ha (peak excursion 1.37e-7/water), bonds 1.840, peak 5.25; 3952 core-s/ps
  scout readout    500 at    5000.0 fs: T  323.1 K, E -127.276080 Ha (peak excursion 1.55e-7/water), bonds 1.863, peak 5.25; 3947 core-s/ps
  scout readout    525 at    5250.0 fs: T  305.6 K, E -127.276067 Ha (peak excursion 1.69e-7/water), bonds 1.861, peak 5.15; 3923 core-s/ps
  scout readout    550 at    5500.0 fs: T  323.6 K, E -127.276104 Ha (peak excursion 1.85e-7/water), bonds 1.847, peak 5.15; 3905 core-s/ps
  scout readout    575 at    5750.0 fs: T  307.3 K, E -127.276097 Ha (peak excursion 2.00e-7/water), bonds 1.850, peak 5.25; 3904 core-s/ps
  scout readout    600 at    6000.0 fs: T  313.4 K, E -127.276104 Ha (peak excursion 2.00e-7/water), bonds 1.875, peak 5.25; 3900 core-s/ps
  scout readout    625 at    6250.0 fs: T  304.6 K, E -127.276071 Ha (peak excursion 2.00e-7/water), bonds 1.850, peak 5.25; 3894 core-s/ps
  KICK cycle 2 at 6280 fs: axis 1 sign +1 v_d 50 m/s; dp_total 1.39e-14 au, dKE 2.914e-3 Ha = 0.0073 kT/water; rescale removed 1.238e-1 Ha
  scout readout    650 at    6500.0 fs: T  293.0 K, E -127.396978 Ha (peak excursion 2.00e-7/water), bonds 1.854, peak 5.25; 3886 core-s/ps
  scout readout    675 at    6750.0 fs: T  297.1 K, E -127.396980 Ha (peak excursion 2.00e-7/water), bonds 1.850, peak 5.25; 3881 core-s/ps
  scout readout    700 at    7000.0 fs: T  296.5 K, E -127.396972 Ha (peak excursion 2.00e-7/water), bonds 1.859, peak 5.25; 3879 core-s/ps
  scout readout    725 at    7250.0 fs: T  302.3 K, E -127.396984 Ha (peak excursion 2.00e-7/water), bonds 1.877, peak 5.25; 3872 core-s/ps
  scout readout    750 at    7500.0 fs: T  286.7 K, E -127.396965 Ha (peak excursion 2.00e-7/water), bonds 1.880, peak 5.25; 3853 core-s/ps
  scout readout    775 at    7750.0 fs: T  300.5 K, E -127.396982 Ha (peak excursion 2.00e-7/water), bonds 1.875, peak 5.25; 3836 core-s/ps
  scout readout    800 at    8000.0 fs: T  307.6 K, E -127.396991 Ha (peak excursion 2.00e-7/water), bonds 1.856, peak 5.15; 3819 core-s/ps
  scout readout    825 at    8250.0 fs: T  295.5 K, E -127.396984 Ha (peak excursion 2.00e-7/water), bonds 1.856, peak 5.15; 3803 core-s/ps
  scout readout    850 at    8500.0 fs: T  290.5 K, E -127.396976 Ha (peak excursion 2.00e-7/water), bonds 1.852, peak 5.25; 3788 core-s/ps
  scout readout    875 at    8750.0 fs: T  294.9 K, E -127.396986 Ha (peak excursion 2.00e-7/water), bonds 1.852, peak 5.25; 3774 core-s/ps
  scout readout    900 at    9000.0 fs: T  303.4 K, E -127.396998 Ha (peak excursion 2.00e-7/water), bonds 1.875, peak 5.25; 3761 core-s/ps
  scout readout    925 at    9250.0 fs: T  306.8 K, E -127.397007 Ha (peak excursion 2.00e-7/water), bonds 1.866, peak 5.25; 3748 core-s/ps
  KICK cycle 3 at 9420 fs: axis 1 sign -1 v_d 50 m/s; dp_total 9.43e-14 au, dKE 7.526e-4 Ha = 0.0019 kT/water; rescale removed 6.284e-2 Ha
  scout readout    950 at    9500.0 fs: T  296.0 K, E -127.459080 Ha (peak excursion 2.00e-7/water), bonds 1.866, peak 5.05; 3736 core-s/ps
  scout readout    975 at    9750.0 fs: T  306.7 K, E -127.459105 Ha (peak excursion 2.00e-7/water), bonds 1.868, peak 5.15; 3725 core-s/ps
  scout readout   1000 at   10000.0 fs: T  304.8 K, E -127.459097 Ha (peak excursion 2.00e-7/water), bonds 1.873, peak 5.15; 3714 core-s/ps
  scout readout   1025 at   10250.0 fs: T  293.7 K, E -127.459086 Ha (peak excursion 2.00e-7/water), bonds 1.866, peak 5.25; 3704 core-s/ps
  scout readout   1050 at   10500.0 fs: T  292.3 K, E -127.459096 Ha (peak excursion 2.00e-7/water), bonds 1.868, peak 5.15; 3694 core-s/ps
  scout readout   1075 at   10750.0 fs: T  297.4 K, E -127.459095 Ha (peak excursion 2.00e-7/water), bonds 1.875, peak 5.25; 3685 core-s/ps
  scout readout   1100 at   11000.0 fs: T  293.7 K, E -127.459078 Ha (peak excursion 2.00e-7/water), bonds 1.868, peak 5.25; 3676 core-s/ps
  scout readout   1125 at   11250.0 fs: T  300.9 K, E -127.459082 Ha (peak excursion 2.00e-7/water), bonds 1.882, peak 5.25; 3667 core-s/ps
  scout readout   1150 at   11500.0 fs: T  288.4 K, E -127.459061 Ha (peak excursion 2.00e-7/water), bonds 1.840, peak 5.15; 3659 core-s/ps
  scout readout   1175 at   11750.0 fs: T  297.8 K, E -127.459083 Ha (peak excursion 2.00e-7/water), bonds 1.863, peak 5.15; 3652 core-s/ps
  scout readout   1200 at   12000.0 fs: T  292.1 K, E -127.459111 Ha (peak excursion 2.00e-7/water), bonds 1.850, peak 5.25; 3644 core-s/ps
  scout readout   1225 at   12250.0 fs: T  292.0 K, E -127.459095 Ha (peak excursion 2.00e-7/water), bonds 1.873, peak 5.25; 3637 core-s/ps
  scout readout   1250 at   12500.0 fs: T  296.8 K, E -127.459094 Ha (peak excursion 2.00e-7/water), bonds 1.861, peak 5.15; 3630 core-s/ps
  KICK cycle 4 at 12560 fs: axis 1 sign +1 v_d 50 m/s; dp_total 7.22e-15 au, dKE 3.580e-3 Ha = 0.0089 kT/water; rescale removed 2.616e-2 Ha
  scout readout   1275 at   12750.0 fs: T  292.0 K, E -127.481652 Ha (peak excursion 2.00e-7/water), bonds 1.877, peak 5.15; 3624 core-s/ps
  scout readout   1300 at   13000.0 fs: T  292.7 K, E -127.481668 Ha (peak excursion 2.00e-7/water), bonds 1.873, peak 5.25; 3618 core-s/ps
  scout readout   1325 at   13250.0 fs: T  305.8 K, E -127.481683 Ha (peak excursion 2.00e-7/water), bonds 1.896, peak 5.15; 3612 core-s/ps
  scout readout   1350 at   13500.0 fs: T  310.1 K, E -127.481699 Ha (peak excursion 2.00e-7/water), bonds 1.854, peak 5.25; 3606 core-s/ps
  scout readout   1375 at   13750.0 fs: T  286.8 K, E -127.481672 Ha (peak excursion 2.00e-7/water), bonds 1.875, peak 5.15; 3600 core-s/ps

thread 'main' (3158476) panicked at crates/holon-render/examples/replace0.rs:1497:40:
walk row: Os { code: 28, kind: StorageFull, message: "No space left on device" }
note: run with `RUST_BACKTRACE=1` environment variable to display a backtrace
