POINT: slice=1 i=0 c=0.05000000 theta=4.052268 s1=2.410000 s2=2.410000 s3=0.170413 E_o3=28.955920275110 dE3=-0.834727336829 d_warm=0.000000e0 time_ms=45303
POINT: slice=1 i=1 c=0.13526335 theta=10.976962 s1=2.410000 s2=2.410000 s3=0.461012 E_o3=-172.444765537479 dE3=-0.174561101386 d_warm=-5.587708e-11 time_ms=97983
POINT: slice=1 i=2 c=0.22052670 theta=17.942161 s1=2.410000 s2=2.410000 s3=0.751611 E_o3=-204.339332325188 dE3=0.370211254995 d_warm=0.000000e0 time_ms=57155
POINT: slice=2 i=0 c=0.05000000 theta=4.052268 s1=2.100000 s2=2.100000 s3=0.148492 E_o3=81.312085177983 dE3=-1.006141523230 d_warm=0.000000e0 time_ms=63612
POINT: slice=3 i=0 c=0.05000000 theta=4.052268 s1=2.280000 s2=3.200000 s3=0.939617 E_o3=-212.262467150445 dE3=0.408232909057 d_warm=0.000000e0 time_ms=82573
POINT: slice=1 i=3 c=0.30579004 theta=24.974953 s1=2.410000 s2=2.410000 s3=1.042210 E_o3=-214.833570153935 dE3=0.596330226212 d_warm=7.162271e-12 time_ms=73924
POINT: slice=3 i=1 c=0.13526335 theta=10.976962 s1=2.280000 s2=3.200000 s3=1.055167 E_o3=-215.302250923969 dE3=0.297880135109 d_warm=7.048584e-12 time_ms=120827
POINT: slice=1 i=4 c=0.39105339 theta=32.104817 s1=2.410000 s2=2.410000 s3=1.332810 E_o3=-218.793117669673 dE3=0.712815209555 d_warm=-1.705303e-12 time_ms=74069
POINT: slice=2 i=1 c=0.13526335 theta=10.976962 s1=2.100000 s2=2.100000 s3=0.401712 E_o3=-158.104750119100 dE3=-0.264526370028 d_warm=-7.389644e-12 time_ms=145250
POINT: slice=3 i=2 c=0.22052670 theta=17.942161 s1=2.280000 s2=3.200000 s3=1.247413 E_o3=-218.282460616747 dE3=0.289640604201 d_warm=3.410605e-12 time_ms=64526
POINT: slice=1 i=5 c=0.47631674 theta=39.364892 s1=2.410000 s2=2.410000 s3=1.623409 E_o3=-220.379391723673 dE3=0.693651301733 d_warm=-7.077006e-11 time_ms=83453
POINT: slice=2 i=2 c=0.22052670 theta=17.942161 s1=2.100000 s2=2.100000 s3=0.654931 E_o3=-197.174972080280 dE3=0.571783097118 d_warm=-8.412826e-12 time_ms=82551
POINT: slice=3 i=3 c=0.30579004 theta=24.974953 s1=2.280000 s2=3.200000 s3=1.486897 E_o3=-220.097543300189 dE3=0.318644059871 d_warm=8.867573e-12 time_ms=93599
POINT: slice=1 i=6 c=0.56158009 theta=46.793657 s1=2.410000 s2=2.410000 s3=1.914008 E_o3=-221.072674170978 dE3=0.572830631254 d_warm=5.059064e-12 time_ms=79852
POINT: slice=2 i=3 c=0.30579004 theta=24.974953 s1=2.100000 s2=2.100000 s3=0.908150 E_o3=-210.742475275046 dE3=0.884670021685 d_warm=-1.790568e-11 time_ms=92942
POINT: slice=1 i=7 c=0.64684343 theta=54.437296 s1=2.410000 s2=2.410000 s3=2.204607 E_o3=-221.358806325479 dE3=0.466995091141 d_warm=3.598188e-11 time_ms=71952
POINT: slice=3 i=4 c=0.39105339 theta=32.104817 s1=2.280000 s2=3.200000 s3=1.754380 E_o3=-220.954098462744 dE3=0.346215096354 d_warm=6.576784e-11 time_ms=86827
POINT: slice=2 i=4 c=0.39105339 theta=32.104817 s1=2.100000 s2=2.100000 s3=1.161369 E_o3=-216.382499845791 dE3=1.055587205972 d_warm=6.758683e-11 time_ms=93399
POINT: slice=1 i=8 c=0.73210678 theta=62.353205 s1=2.410000 s2=2.410000 s3=2.495206 E_o3=-221.464299436922 dE3=0.389174670475 d_warm=1.591616e-12 time_ms=75429
POINT: slice=3 i=5 c=0.47631674 theta=39.364892 s1=2.280000 s2=3.200000 s3=2.038872 E_o3=-221.290671647914 dE3=0.355977147139 d_warm=2.387424e-11 time_ms=102927
POINT: slice=2 i=5 c=0.47631674 theta=39.364892 s1=2.100000 s2=2.100000 s3=1.414589 E_o3=-219.011896033576 dE3=0.961705094823 d_warm=-5.860556e-11 time_ms=80902
POINT: slice=1 i=9 c=0.81737013 theta=70.615493 s1=2.410000 s2=2.410000 s3=2.785806 E_o3=-221.485495973614 dE3=0.338004367138 d_warm=-2.239631e-11 time_ms=88632
POINT: slice=2 i=6 c=0.56158009 theta=46.793657 s1=2.100000 s2=2.100000 s3=1.667808 E_o3=-220.222630515222 dE3=0.845530504121 d_warm=-6.593837e-11 time_ms=80994
POINT: slice=3 i=6 c=0.56158009 theta=46.793657 s1=2.280000 s2=3.200000 s3=2.334162 E_o3=-221.425918005741 dE3=0.318151739803 d_warm=-5.002221e-12 time_ms=141883
POINT: slice=2 i=7 c=0.64684343 theta=54.437296 s1=2.100000 s2=2.100000 s3=1.921027 E_o3=-220.780518661495 dE3=0.737292262079 d_warm=6.144774e-11 time_ms=65539
POINT: slice=1 i=10 c=0.90263348 theta=79.324128 s1=2.410000 s2=2.410000 s3=3.076405 E_o3=-221.470899822141 dE3=0.307440281121 d_warm=-3.694822e-12 time_ms=111803
POINT: slice=2 i=8 c=0.73210678 theta=62.353205 s1=2.100000 s2=2.100000 s3=2.174246 E_o3=-221.030206840547 dE3=0.651137631930 d_warm=-1.585931e-11 time_ms=56044
POINT: slice=3 i=7 c=0.64684343 theta=54.437296 s1=2.280000 s2=3.200000 s3=2.636624 E_o3=-221.466575351301 dE3=0.270864839508 d_warm=6.480150e-12 time_ms=115173
POINT: slice=2 i=9 c=0.81737013 theta=70.615493 s1=2.100000 s2=2.100000 s3=2.427465 E_o3=-221.128318461724 dE3=0.590855932796 d_warm=-8.071765e-12 time_ms=56838
POINT: slice=1 i=11 c=0.98789682 theta=88.621338 s1=2.410000 s2=2.410000 s3=3.367004 E_o3=-221.491009275555 dE3=0.249487531930 d_warm=-2.785328e-12 time_ms=127841
POINT: slice=2 i=10 c=0.90263348 theta=79.324128 s1=2.100000 s2=2.100000 s3=2.680685 E_o3=-221.149711474338 dE3=0.552784472148 d_warm=1.439844e-10 time_ms=92908
POINT: slice=1 i=12 c=1.07316017 theta=98.723878 s1=2.410000 s2=2.410000 s3=3.657603 E_o3=-221.527338148521 dE3=0.196854513288 d_warm=-5.229595e-12 time_ms=127552
POINT: slice=3 i=8 c=0.73210678 theta=62.353205 s1=2.280000 s2=3.200000 s3=2.944049 E_o3=-221.466459982100 dE3=0.227220554413 d_warm=-1.136868e-13 time_ms=180624
POINT: slice=2 i=11 c=0.98789682 theta=88.621338 s1=2.100000 s2=2.100000 s3=2.933904 E_o3=-221.190428807392 dE3=0.474983154738 d_warm=3.979039e-13 time_ms=101517
POINT: slice=1 i=13 c=1.15842352 theta=109.995421 s1=2.410000 s2=2.410000 s3=3.948202 E_o3=-221.550518720368 dE3=0.165434350012 d_warm=-2.614797e-11 time_ms=91981
POINT: slice=2 i=12 c=1.07316017 theta=98.723878 s1=2.100000 s2=2.100000 s3=3.187123 E_o3=-221.262469061447 dE3=0.364554625042 d_warm=-2.944489e-11 time_ms=91094
POINT: slice=3 i=9 c=0.81737013 theta=70.615493 s1=2.280000 s2=3.200000 s3=3.255031 E_o3=-221.471736405851 dE3=0.176225200329 d_warm=-3.097966e-11 time_ms=143738
POINT: slice=1 i=14 c=1.24368687 theta=123.144814 s1=2.410000 s2=2.410000 s3=4.238802 E_o3=-221.548753033967 dE3=0.162974984925 d_warm=2.444267e-12 time_ms=91497
POINT: slice=2 i=13 c=1.15842352 theta=109.995421 s1=2.100000 s2=2.100000 s3=3.440342 E_o3=-221.322093065231 dE3=0.277840881731 d_warm=-2.336265e-11 time_ms=70090
POINT: slice=2 i=14 c=1.24368687 theta=123.144814 s1=2.100000 s2=2.100000 s3=3.693562 E_o3=-221.338402836279 dE3=0.249207492054 d_warm=9.379164e-12 time_ms=88518
POINT: slice=1 i=15 c=1.32895021 theta=140.005726 s1=2.410000 s2=2.410000 s3=4.529401 E_o3=-221.517704109489 dE3=0.191779972518 d_warm=-5.115908e-13 time_ms=115781
POINT: slice=3 i=10 c=0.90263348 theta=79.324128 s1=2.280000 s2=3.200000 s3=3.568640 E_o3=-221.497264049471 dE3=0.125425877713 d_warm=-1.591616e-12 time_ms=202784
POINT: slice=2 i=15 c=1.32895021 theta=140.005726 s1=2.100000 s2=2.100000 s3=3.946781 E_o3=-221.310116377356 dE3=0.270628433267 d_warm=-1.369926e-11 time_ms=77555
POINT: slice=1 i=16 c=1.41421356 theta=180.000000 s1=2.410000 s2=2.410000 s3=4.820000 E_o3=-221.440080274454 dE3=0.268122388673 d_warm=-3.979039e-12 time_ms=74918
POINT: slice=2 i=16 c=1.41421356 theta=180.000000 s1=2.100000 s2=2.100000 s3=4.200000 E_o3=-221.234792327504 dE3=0.342098446562 d_warm=4.916956e-11 time_ms=61779
POINT: slice=3 i=11 c=0.98789682 theta=88.621338 s1=2.280000 s2=3.200000 s3=3.884240 E_o3=-221.516210250822 dE3=0.095756770059 d_warm=-4.263256e-12 time_ms=174032
POINT: slice=3 i=12 c=1.07316017 theta=98.723878 s1=2.280000 s2=3.200000 s3=4.201382 E_o3=-221.532686719865 dE3=0.074067236248 d_warm=-7.673862e-12 time_ms=124600
POINT: slice=3 i=13 c=1.15842352 theta=109.995421 s1=2.280000 s2=3.200000 s3=4.519741 E_o3=-221.540685575204 dE3=0.063496385951 d_warm=4.035883e-12 time_ms=93000
POINT: slice=3 i=14 c=1.24368687 theta=123.144814 s1=2.280000 s2=3.200000 s3=4.839078 E_o3=-221.537119937893 dE3=0.065663852942 d_warm=-2.842171e-13 time_ms=104048
POINT: slice=3 i=15 c=1.32895021 theta=140.005726 s1=2.280000 s2=3.200000 s3=5.159211 E_o3=-221.520467733192 dE3=0.081612121567 d_warm=-2.785328e-12 time_ms=137718
POINT: slice=3 i=16 c=1.41421356 theta=180.000000 s1=2.280000 s2=3.200000 s3=5.480000 E_o3=-221.491743787131 dE3=0.110207970811 d_warm=-1.017497e-11 time_ms=216710
