# SATURATION-2 Frozen P2 Water Quench Run Log (Complete MBE3 with OOO Served)
# Launch Command: cargo run --release -p holon-render --example waterquench -- mixed
# Composition: 8 H + 4 O (12 atoms in 34.6 x 20.8 bohr)
# Frames: 20,000 boundaries x 64 substeps (dt = 0.5386 - 1.0772 a.u. -> 33.35 ps)
# Thermostat: T_init 3000 K, T_target 300 K, tau 2000
# Physics Path: Pairs (H-H, O-H, O-O) + Complete MBE3 Triples (H3, OH2, O2H, O3)

# curve H-H: 96 knots, R_e = 1.3887 bohr, D_e = 0.204142 Ha, worst residual 8.7e-11, 0.4 s
# curve O-H: 96 knots, R_e = 1.9909 bohr, D_e = 0.122901 Ha, worst residual 9.9e-11, 4.6 s
# WARNING O-O: worst residual 6.70e-6 exceeds CONVERGED_RESIDUAL 1e-9. Locate it before trusting anything this arm reports; see examples/s2_oo_residual.rs
# curve O-O: 96 knots, R_e = 2.4421 bohr, D_e = 0.147621 Ha, worst residual 6.7e-6, 321.1 s
# arm = mixed (8 H + 4 O)   seeds = 8   12 atoms in 34.6 x 20.8 bohr
# 20000 boundaries x 64 substeps, dt = 1.0772 a.u. -> 33.35 ps
# T_init 3000 K, T_target 300 K, tau 2000
# setup 327.5 s

seed 0x0000000053415421  dt 0.5386  modal-O O4H4  free O 0  free H 0  largest 8  molecules [H2 H2 O4H4]        fenced 0  drift 1.67e-4/1.17e1  |p| 1.73e-12/7.52e-8  T 307 K  28 s
seed 0x0000000053415422  dt 0.5386  modal-O   OH  free O 0  free H 0  largest 6  molecules [H2 H2 OH O3H3]     fenced 0  drift 2.10e-4/1.07e1  |p| 3.38e-12/1.05e-7  T 353 K  22 s
seed 0x0000000053415423  dt 0.5386  modal-O O4H2  free O 0  free H 0  largest 6  molecules [H2 H2 H2 O4H2]     fenced 0  drift 1.52e-4/1.06e1  |p| 4.48e-12/9.03e-8  T 203 K  16 s
seed 0x0000000053415424  dt 0.5386  modal-O  O2H  free O 0  free H 0  largest 3  molecules [H2 H2 H2 O2H O2H]  fenced 0  drift 4.90e-5/1.99e0  |p| 6.17e-12/9.92e-8  T 308 K  17 s
seed 0x0000000053415425  dt 1.0772  modal-O O4H4  free O 0  free H 0  largest 8  molecules [H2 H2 O4H4]        fenced 0  drift 8.40e-5/4.68e1  |p| 4.41e-12/8.04e-8  T 295 K  24 s
seed 0x0000000053415426  dt 0.5386  modal-O O4H4  free O 0  free H 0  largest 8  molecules [H2 H2 O4H4]        fenced 0  drift 2.56e-4/2.42e0  |p| 4.23e-12/8.36e-8  T 330 K  25 s
seed 0x0000000053415427  dt 0.5386  modal-O  O2H  free O 0  free H 0  largest 3  molecules [H2 H2 H2 O2H O2H]  fenced 0  drift 4.80e-5/1.64e0  |p| 4.80e-12/1.07e-7  T 303 K  20 s
seed 0x0000000053415428  dt 0.5386  modal-O O4H4  free O 0  free H 0  largest 8  molecules [H2 H2 O4H4]        fenced 0  drift 6.69e-5/9.25e0  |p| 4.99e-12/9.59e-8  T 287 K  24 s

# ---- mixed (8 H + 4 O) ----
# seeds with the modal O-containing molecule = H2O : 0 / 8
# seeds with ZERO free oxygen                      : 8 / 8
# seeds with any molecule at all                   : 8 / 8
# worst drift / bound = 1.057e-4, worst |p| / bound = 6.216e-5
# fence incidence (triples refused for want of a table), per seed: [0, 0, 0, 0, 0, 0, 0, 0]
# molecule census over all seeds: 19xH2  1xOH  4xO2H  1xO3H3  1xO4H2  4xO4H4
