warning: function `scale` is never used
    --> crates/holon-chem/src/fci.rs:1502:4
     |
1502 | fn scale(a: f64, x: &mut [f64]) {
     |    ^^^^^
     |
     = note: `#[warn(dead_code)]` (part of `#[warn(unused)]`) on by default

warning: function `normalised` is never used
    --> crates/holon-chem/src/fci.rs:1510:4
     |
1510 | fn normalised(a: &[f64]) -> Vec<f64> {
     |    ^^^^^^^^^^

warning: function pointer comparisons do not produce meaningful results since their addresses are not guaranteed to be unique
   --> crates/holon-chem/src/tower.rs:352:5
    |
350 | #[derive(Clone, Debug, PartialEq)]
    |                        --------- in this derive macro expansion
351 | pub struct ClassicalPotentialOp {
352 |     pub pair_energy_fn: Option<fn(r: f64) -> f64>,
    |     ^^^^^^^^^^^^^^^^^^^^^^^^^^^^^^^^^^^^^^^^^^^^^
    |
    = note: the address of the same function can vary between different codegen units
    = note: furthermore, different functions could have the same address after being merged together
    = note: for more information visit <https://doc.rust-lang.org/nightly/core/ptr/fn.fn_addr_eq.html>
    = note: `#[warn(unpredictable_function_pointer_comparisons)]` on by default

warning: function pointer comparisons do not produce meaningful results since their addresses are not guaranteed to be unique
   --> crates/holon-chem/src/tower.rs:467:5
    |
465 | #[derive(Clone, Debug, PartialEq)]
    |                        --------- in this derive macro expansion
466 | pub struct RingPolymerOp {
467 |     pub pair_energy_fn: Option<fn(r: f64) -> f64>,
    |     ^^^^^^^^^^^^^^^^^^^^^^^^^^^^^^^^^^^^^^^^^^^^^
    |
    = note: the address of the same function can vary between different codegen units
    = note: furthermore, different functions could have the same address after being merged together
    = note: for more information visit <https://doc.rust-lang.org/nightly/core/ptr/fn.fn_addr_eq.html>

warning: `holon-chem` (lib) generated 4 warnings
warning: unused variable: `d`
   --> crates/holon/src/cyclo.rs:180:13
    |
180 |         let d = self.c.len();
    |             ^ help: if this is intentional, prefix it with an underscore: `_d`
    |
    = note: `#[warn(unused_variables)]` (part of `#[warn(unused)]`) on by default

warning: `holon` (lib) generated 1 warning (run `cargo fix --lib -p holon` to apply 1 suggestion)
warning: fields `e_three` and `e_four` are never read
   --> crates/holon-render/examples/waterquench.rs:298:5
    |
290 | struct Outcome {
    |        ------- fields in this struct
...
298 |     e_three: f64,
    |     ^^^^^^^
299 |     e_four: f64,
    |     ^^^^^^
    |
    = note: `#[warn(dead_code)]` (part of `#[warn(unused)]`) on by default

warning: `holon-render` (example "waterquench") generated 1 warning
    Finished `release` profile [optimized + debuginfo] target(s) in 0.13s
     Running `target/release/examples/waterquench mixed 0x53415423`
# curve H-H: 96 knots, R_e = 1.3887 bohr, D_e = 0.204142 Ha, worst residual 8.7e-11, 1.0 s
# curve O-H: 96 knots, R_e = 1.9909 bohr, D_e = 0.122901 Ha, worst residual 9.9e-11, 10.3 s
# WARNING O-O: worst residual 2.68e-6 exceeds CONVERGED_RESIDUAL 1e-9. Locate it before trusting anything this arm reports; see examples/s2_oo_residual.rs
# curve O-O: 96 knots, R_e = 2.4421 bohr, D_e = 0.147621 Ha, worst residual 2.7e-6, 741.8 s
# arm = mixed (8 H + 4 O)   seeds = 1   12 atoms in 34.6 x 20.8 bohr
# 20000 boundaries x 64 substeps, dt = 1.0772 a.u. -> 33.35 ps
# T_init 3000 K, T_target 300 K, tau 2000
# setup 755.7 s
  [0x0000000053415423] frame  1000/20000 | T  732 K | dE4 solves:    0 | drift: 5.18e-5 | time:   1.8 s
  [0x0000000053415423] frame  2000/20000 | T  413 K | dE4 solves:   64 | drift: 5.11e-5 | time: 204.8 s
  [0x0000000053415423] frame  3000/20000 | T  290 K | dE4 solves:   64 | drift: 4.46e-5 | time: 206.9 s
  [0x0000000053415423] frame  4000/20000 | T  292 K | dE4 solves:   64 | drift: 5.05e-5 | time: 209.3 s
  [0x0000000053415423] frame  5000/20000 | T  308 K | dE4 solves:   74 | drift: 5.15e-5 | time: 359.9 s
  [0x0000000053415423] frame  6000/20000 | T  155 K | dE4 solves:  142 | drift: 5.07e-5 | time: 573.9 s
  [0x0000000053415423] frame  7000/20000 | T  204 K | dE4 solves:  142 | drift: 5.40e-5 | time: 575.4 s
  [0x0000000053415423] frame  8000/20000 | T  256 K | dE4 solves:  233 | drift: 5.94e-5 | time: 837.7 s
  [0x0000000053415423] frame  9000/20000 | T  325 K | dE4 solves:  478 | drift: 6.23e-5 | time: 1584.6 s
  [0x0000000053415423] frame 10000/20000 | T  288 K | dE4 solves:  765 | drift: 5.72e-5 | time: 2435.4 s
  [0x0000000053415423] frame 11000/20000 | T  286 K | dE4 solves:  820 | drift: 6.28e-5 | time: 2583.9 s
  [0x0000000053415423] frame 12000/20000 | T  295 K | dE4 solves:  820 | drift: 5.95e-5 | time: 2587.3 s
  [0x0000000053415423] frame 13000/20000 | T  312 K | dE4 solves:  854 | drift: 5.97e-5 | time: 2696.4 s
  [0x0000000053415423] frame 14000/20000 | T  311 K | dE4 solves:  927 | drift: 6.61e-5 | time: 3237.0 s
  [0x0000000053415423] frame 15000/20000 | T  341 K | dE4 solves:  927 | drift: 6.07e-5 | time: 3241.0 s
  [0x0000000053415423] frame 16000/20000 | T  328 K | dE4 solves: 1028 | drift: 5.84e-5 | time: 3549.7 s
  [0x0000000053415423] frame 17000/20000 | T  307 K | dE4 solves: 1102 | drift: 5.37e-5 | time: 3752.3 s
  [0x0000000053415423] frame 18000/20000 | T  296 K | dE4 solves: 1185 | drift: 6.04e-5 | time: 4016.5 s
  [0x0000000053415423] frame 19000/20000 | T  303 K | dE4 solves: 1235 | drift: 6.20e-5 | time: 4188.7 s
  [0x0000000053415423] frame 20000/20000 | T  277 K | dE4 solves: 1266 | drift: 5.41e-5 | time: 4298.0 s
seed 0x0000000053415423  dt 0.5386  modal-O   OH  free O 0  free H 0  largest 4  molecules [H2 H4 OH O3H]  fenced 4  dE4_evals 1266  drift 5.89e-3/1.85e0  |p| 1.92e-2/8.13e-8  T 277 K  4298 s

# ---- mixed (8 H + 4 O) ----
# seeds with the modal O-containing molecule = H2O : 0 / 1
# seeds with ZERO free oxygen                      : 1 / 1
# seeds with any molecule at all                   : 1 / 1
# worst drift / bound = 3.189e-3, worst |p| / bound = 2.365e5
# fence incidence (triples refused for want of a table), per seed: [4]
# dE4 (O,H,H,H) ab-initio solves, per seed: [1266]
# molecule census over all seeds: 1xH2  1xH4  1xOH  1xO3H
