warning: function `scale` is never used
    --> crates/holon-chem/src/fci.rs:1502:4
     |
1502 | fn scale(a: f64, x: &mut [f64]) {
     |    ^^^^^
     |
     = note: `#[warn(dead_code)]` (part of `#[warn(unused)]`) on by default

warning: function `normalised` is never used
    --> crates/holon-chem/src/fci.rs:1510:4
     |
1510 | fn normalised(a: &[f64]) -> Vec<f64> {
     |    ^^^^^^^^^^

warning: function pointer comparisons do not produce meaningful results since their addresses are not guaranteed to be unique
   --> crates/holon-chem/src/tower.rs:352:5
    |
350 | #[derive(Clone, Debug, PartialEq)]
    |                        --------- in this derive macro expansion
351 | pub struct ClassicalPotentialOp {
352 |     pub pair_energy_fn: Option<fn(r: f64) -> f64>,
    |     ^^^^^^^^^^^^^^^^^^^^^^^^^^^^^^^^^^^^^^^^^^^^^
    |
    = note: the address of the same function can vary between different codegen units
    = note: furthermore, different functions could have the same address after being merged together
    = note: for more information visit <https://doc.rust-lang.org/nightly/core/ptr/fn.fn_addr_eq.html>
    = note: `#[warn(unpredictable_function_pointer_comparisons)]` on by default

warning: function pointer comparisons do not produce meaningful results since their addresses are not guaranteed to be unique
   --> crates/holon-chem/src/tower.rs:467:5
    |
465 | #[derive(Clone, Debug, PartialEq)]
    |                        --------- in this derive macro expansion
466 | pub struct RingPolymerOp {
467 |     pub pair_energy_fn: Option<fn(r: f64) -> f64>,
    |     ^^^^^^^^^^^^^^^^^^^^^^^^^^^^^^^^^^^^^^^^^^^^^
    |
    = note: the address of the same function can vary between different codegen units
    = note: furthermore, different functions could have the same address after being merged together
    = note: for more information visit <https://doc.rust-lang.org/nightly/core/ptr/fn.fn_addr_eq.html>

warning: `holon-chem` (lib) generated 4 warnings
warning: unused variable: `d`
   --> crates/holon/src/cyclo.rs:180:13
    |
180 |         let d = self.c.len();
    |             ^ help: if this is intentional, prefix it with an underscore: `_d`
    |
    = note: `#[warn(unused_variables)]` (part of `#[warn(unused)]`) on by default

warning: `holon` (lib) generated 1 warning (run `cargo fix --lib -p holon` to apply 1 suggestion)
warning: fields `e_three` and `e_four` are never read
   --> crates/holon-render/examples/waterquench.rs:298:5
    |
290 | struct Outcome {
    |        ------- fields in this struct
...
298 |     e_three: f64,
    |     ^^^^^^^
299 |     e_four: f64,
    |     ^^^^^^
    |
    = note: `#[warn(dead_code)]` (part of `#[warn(unused)]`) on by default

warning: `holon-render` (example "waterquench") generated 1 warning
    Finished `release` profile [optimized + debuginfo] target(s) in 0.21s
     Running `target/release/examples/waterquench mixed 0x53415426`
# curve H-H: 96 knots, R_e = 1.3887 bohr, D_e = 0.204142 Ha, worst residual 8.7e-11, 0.8 s
# curve O-H: 96 knots, R_e = 1.9909 bohr, D_e = 0.122901 Ha, worst residual 9.9e-11, 14.7 s
# WARNING O-O: worst residual 2.68e-6 exceeds CONVERGED_RESIDUAL 1e-9. Locate it before trusting anything this arm reports; see examples/s2_oo_residual.rs
# curve O-O: 96 knots, R_e = 2.4421 bohr, D_e = 0.147621 Ha, worst residual 2.7e-6, 750.6 s
# arm = mixed (8 H + 4 O)   seeds = 1   12 atoms in 34.6 x 20.8 bohr
# 20000 boundaries x 64 substeps, dt = 1.0772 a.u. -> 33.35 ps
# T_init 3000 K, T_target 300 K, tau 2000
# setup 769.2 s
  [0x0000000053415426] frame  1000/20000 | T  246 K | dE4 solves:  117 | drift: 2.93e-5 | time: 364.6 s
  [0x0000000053415426] frame  2000/20000 | T  279 K | dE4 solves:  117 | drift: 3.03e-5 | time: 366.5 s
  [0x0000000053415426] frame  3000/20000 | T  319 K | dE4 solves:  117 | drift: 3.05e-5 | time: 368.2 s
  [0x0000000053415426] frame  4000/20000 | T  247 K | dE4 solves:  117 | drift: 3.44e-5 | time: 370.7 s
  [0x0000000053415426] frame  5000/20000 | T  419 K | dE4 solves:  117 | drift: 8.00e-6 | time: 374.9 s
  [0x0000000053415426] frame  6000/20000 | T  443 K | dE4 solves:  117 | drift: 2.56e-5 | time: 377.7 s
  [0x0000000053415426] frame  7000/20000 | T  340 K | dE4 solves:  165 | drift: 1.11e-5 | time: 645.2 s
  [0x0000000053415426] frame  8000/20000 | T  377 K | dE4 solves:  165 | drift: 4.01e-5 | time: 649.1 s
  [0x0000000053415426] frame  9000/20000 | T  304 K | dE4 solves:  347 | drift: 9.47e-5 | time: 1391.4 s
  [0x0000000053415426] frame 10000/20000 | T  303 K | dE4 solves:  469 | drift: 1.03e-4 | time: 1902.8 s
  [0x0000000053415426] frame 11000/20000 | T  281 K | dE4 solves:  538 | drift: 1.21e-4 | time: 2183.0 s
  [0x0000000053415426] frame 12000/20000 | T  284 K | dE4 solves:  538 | drift: 1.55e-4 | time: 2185.1 s
  [0x0000000053415426] frame 13000/20000 | T  294 K | dE4 solves:  849 | drift: 1.94e-4 | time: 3388.3 s
  [0x0000000053415426] frame 14000/20000 | T  309 K | dE4 solves: 1040 | drift: 1.69e-4 | time: 4099.6 s
  [0x0000000053415426] frame 15000/20000 | T  320 K | dE4 solves: 1333 | drift: 1.61e-4 | time: 5130.8 s
  [0x0000000053415426] frame 16000/20000 | T  260 K | dE4 solves: 1472 | drift: 1.57e-4 | time: 5623.1 s
  [0x0000000053415426] frame 17000/20000 | T  315 K | dE4 solves: 1598 | drift: 1.69e-4 | time: 6129.9 s
  [0x0000000053415426] frame 18000/20000 | T  347 K | dE4 solves: 1598 | drift: 1.65e-4 | time: 6133.0 s
  [0x0000000053415426] frame 19000/20000 | T  259 K | dE4 solves: 1598 | drift: 1.13e-4 | time: 6135.4 s
  [0x0000000053415426] frame 20000/20000 | T  313 K | dE4 solves: 1639 | drift: 6.62e-5 | time: 6335.1 s
seed 0x0000000053415426  dt 0.5386  modal-O O4H2  free O 0  free H 0  largest 6  molecules [H2 H2 H2 O4H2]  fenced 4  dE4_evals 1639  drift 2.47e-3/7.05e0  |p| 8.62e-4/8.79e-8  T 313 K  6335 s

# ---- mixed (8 H + 4 O) ----
# seeds with the modal O-containing molecule = H2O : 0 / 1
# seeds with ZERO free oxygen                      : 1 / 1
# seeds with any molecule at all                   : 1 / 1
# worst drift / bound = 3.507e-4, worst |p| / bound = 9.809e3
# fence incidence (triples refused for want of a table), per seed: [4]
# dE4 (O,H,H,H) ab-initio solves, per seed: [1639]
# molecule census over all seeds: 3xH2  1xO4H2
