phase run, out /home/emoore/CIRISHolon/conformance/water_observatory/replace0, observatory /home/emoore/CIRISHolon/conformance/water_observatory
branch point REUSED from /home/emoore/CIRISHolon/conformance/water_observatory/replace0/branch.ckpt (digest 0x15ff2dffcef4c33f)
reference geometry at the branch: O-H 1.96422 +/- 0.02425 bohr, H-O-H 1.65888 +/- 0.03626 rad over 128 units (the pin: 1.94357 bohr, 1.68874 rad)
stiffness envelope MEASURED on the branch state: 5.6073e-2 Ha/bohr^2 (97 passes, 34.6 s)
the flexible arm REUSED from /home/emoore/CIRISHolon/conformance/water_observatory/replace0/flexible.series (41 readouts)
the rigid arm with the refinement demonstration
rigid clock: omega_T 1.307e-3, omega_R 5.835e-3 au^-1; dt 16.8240 au admitted (15.61x the fine 1.0775); 33 steps per readout at dt 16.3255 au
  rigid modes as projected: 440.2 K; rescaled to the fine box's 319.3 K, removing 1.471e-1 Ha
  rigid branch: T 319.3 K on 6 dof/unit, E -37.115411 Ha; discarded 3.546e-2 bohr rms, 4.882e-2 Ha internal KE
  rigid readout    1 at     13.0 fs: T  394.2 K, E -37.115441 Ha, bonds 1.438, peak 5.15
  rigid readout    2 at     26.1 fs: T  403.2 K, E -37.115425 Ha, bonds 1.508, peak 5.25
  rigid readout    3 at     39.1 fs: T  413.4 K, E -37.115432 Ha, bonds 1.578, peak 5.35
  rigid readout    4 at     52.1 fs: T  418.3 K, E -37.115430 Ha, bonds 1.594, peak 5.35
  rigid readout    5 at     65.2 fs: T  420.1 K, E -37.115429 Ha, bonds 1.531, peak 5.35
  rigid readout    6 at     78.2 fs: T  435.8 K, E -37.115424 Ha, bonds 1.539, peak 5.05
  rigid readout    7 at     91.2 fs: T  467.9 K, E -37.115417 Ha, bonds 1.609, peak 5.35
  rigid readout    8 at    104.3 fs: T  458.2 K, E -37.115418 Ha, bonds 1.578, peak 5.35
  rigid readout    9 at    117.3 fs: T  461.9 K, E -37.115421 Ha, bonds 1.578, peak 5.25
  rigid readout   10 at    130.3 fs: T  445.2 K, E -37.115419 Ha, bonds 1.602, peak 5.35
  rigid readout   11 at    143.3 fs: T  454.6 K, E -37.115431 Ha, bonds 1.578, peak 5.15
  rigid readout   12 at    156.4 fs: T  453.2 K, E -37.115418 Ha, bonds 1.609, peak 5.15
  rigid readout   13 at    169.4 fs: T  436.0 K, E -37.115409 Ha, bonds 1.578, peak 5.05
  rigid readout   14 at    182.4 fs: T  459.9 K, E -37.115422 Ha, bonds 1.547, peak 5.35
  rigid readout   15 at    195.5 fs: T  446.6 K, E -37.115419 Ha, bonds 1.555, peak 5.25
  rigid readout   16 at    208.5 fs: T  421.0 K, E -37.115409 Ha, bonds 1.555, peak 5.25
  rigid readout   17 at    221.5 fs: T  428.0 K, E -37.115409 Ha, bonds 1.602, peak 5.15
  rigid readout   18 at    234.6 fs: T  425.0 K, E -37.115420 Ha, bonds 1.547, peak 5.35
  rigid readout   19 at    247.6 fs: T  411.3 K, E -37.115409 Ha, bonds 1.484, peak 5.35
  rigid readout   20 at    260.6 fs: T  444.2 K, E -37.115421 Ha, bonds 1.523, peak 5.35
  rigid readout   21 at    273.7 fs: T  438.2 K, E -37.115410 Ha, bonds 1.516, peak 5.25
  rigid readout   22 at    286.7 fs: T  417.7 K, E -37.115403 Ha, bonds 1.523, peak 5.15
  rigid readout   23 at    299.7 fs: T  455.7 K, E -37.115413 Ha, bonds 1.562, peak 5.15
  rigid readout   24 at    312.8 fs: T  445.4 K, E -37.115390 Ha, bonds 1.539, peak 5.25
  rigid readout   25 at    325.8 fs: T  439.0 K, E -37.115413 Ha, bonds 1.539, peak 5.25
  rigid readout   26 at    338.8 fs: T  435.6 K, E -37.115398 Ha, bonds 1.469, peak 5.35
  rigid readout   27 at    351.9 fs: T  433.2 K, E -37.115391 Ha, bonds 1.531, peak 5.25
  rigid readout   28 at    364.9 fs: T  438.0 K, E -37.115392 Ha, bonds 1.547, peak 5.15
  rigid readout   29 at    377.9 fs: T  444.1 K, E -37.115391 Ha, bonds 1.555, peak 5.05
  rigid readout   30 at    390.9 fs: T  446.0 K, E -37.115390 Ha, bonds 1.586, peak 5.25
  rigid readout   31 at    404.0 fs: T  418.0 K, E -37.115375 Ha, bonds 1.617, peak 5.25
  rigid readout   32 at    417.0 fs: T  495.6 K, E -37.115424 Ha, bonds 1.586, peak 5.25
  rigid readout   33 at    430.0 fs: T  454.1 K, E -37.115398 Ha, bonds 1.562, peak 5.15
  rigid readout   34 at    443.1 fs: T  478.0 K, E -37.115420 Ha, bonds 1.539, peak 4.95
  rigid readout   35 at    456.1 fs: T  482.7 K, E -37.115417 Ha, bonds 1.570, peak 4.95
  rigid readout   36 at    469.1 fs: T  450.0 K, E -37.115391 Ha, bonds 1.586, peak 5.15
  rigid readout   37 at    482.2 fs: T  506.4 K, E -37.115430 Ha, bonds 1.602, peak 5.05
  rigid readout   38 at    495.2 fs: T  469.2 K, E -37.115410 Ha, bonds 1.602, peak 5.15
  rigid readout   39 at    508.2 fs: T  466.6 K, E -37.115411 Ha, bonds 1.633, peak 5.25
  rigid readout   40 at    521.3 fs: T  427.0 K, E -37.115388 Ha, bonds 1.641, peak 5.05
the rigid arm WITH the refinement demonstration, from the same branch point
rigid clock: omega_T 1.307e-3, omega_R 5.835e-3 au^-1; dt 16.8240 au admitted (15.61x the fine 1.0775); 33 steps per readout at dt 16.3255 au
  rigid modes as projected: 440.2 K; rescaled to the fine box's 319.3 K, removing 1.471e-1 Ha
  rigid branch: T 319.3 K on 6 dof/unit, E -37.115411 Ha; discarded 3.546e-2 bohr rms, 4.882e-2 Ha internal KE
  rigid readout    1 at     13.0 fs: T  394.2 K, E -37.115441 Ha, bonds 1.438, peak 5.15
  rigid readout    2 at     26.1 fs: T  403.2 K, E -37.115425 Ha, bonds 1.508, peak 5.25
  rigid readout    3 at     39.1 fs: T  413.4 K, E -37.115432 Ha, bonds 1.578, peak 5.35
  rigid readout    4 at     52.1 fs: T  418.3 K, E -37.115430 Ha, bonds 1.594, peak 5.35
  rigid readout    5 at     65.2 fs: T  420.1 K, E -37.115429 Ha, bonds 1.531, peak 5.35
  rigid readout    6 at     78.2 fs: T  435.8 K, E -37.115424 Ha, bonds 1.539, peak 5.05
  rigid readout    7 at     91.2 fs: T  467.9 K, E -37.115417 Ha, bonds 1.609, peak 5.35
  rigid readout    8 at    104.3 fs: T  458.2 K, E -37.115418 Ha, bonds 1.578, peak 5.35
  rigid readout    9 at    117.3 fs: T  461.9 K, E -37.115421 Ha, bonds 1.578, peak 5.25
  rigid readout   10 at    130.3 fs: T  445.2 K, E -37.115419 Ha, bonds 1.602, peak 5.35
  DISTURBANCE at 130.3 fs: unit 84 kinetic 3.340e-2 Ha against the share 2.784e-3
  REFINE at 130.7 fs: 1 hot, 6 units to fine stepping (buffer 6.5 bohr)
  FINE  readout   11 at    143.3 fs: T  459.4 K, E -37.083724 Ha, bonds 1.555, peak 5.15; 6 refined, held units discarded 1.23e-6 bohr / 1.54e-6 Ha per frame
  FINE  readout   12 at    156.4 fs: T  452.7 K, E -37.083735 Ha, bonds 1.602, peak 5.15; 6 refined, held units discarded 1.28e-6 bohr / 1.65e-6 Ha per frame
  FINE  readout   13 at    169.4 fs: T  436.9 K, E -37.083752 Ha, bonds 1.578, peak 5.05; 6 refined, held units discarded 1.32e-6 bohr / 1.73e-6 Ha per frame
  COARSEN at 169.4 fs: 4 unit(s) back to rigid (2 still refined); discarded 1.659e-2 bohr rms, 7.685e-5 Ha kinetic, potential moved +2.710e-4 Ha
  FINE  readout   14 at    182.4 fs: T  467.1 K, E -37.083614 Ha, bonds 1.531, peak 5.35; 2 refined, held units discarded 1.34e-6 bohr / 1.81e-6 Ha per frame
  FINE  readout   15 at    195.5 fs: T  451.5 K, E -37.083595 Ha, bonds 1.539, peak 5.25; 2 refined, held units discarded 1.29e-6 bohr / 1.69e-6 Ha per frame
  COARSEN at 195.5 fs: 1 unit(s) back to rigid (1 still refined); discarded 4.336e-2 bohr rms, 8.314e-5 Ha kinetic, potential moved -4.690e-4 Ha
  FINE  readout   16 at    208.5 fs: T  436.2 K, E -37.084110 Ha, bonds 1.523, peak 5.25; 1 refined, held units discarded 1.36e-6 bohr / 1.82e-6 Ha per frame
  FINE  readout   17 at    221.5 fs: T  434.8 K, E -37.084106 Ha, bonds 1.570, peak 5.15; 1 refined, held units discarded 1.31e-6 bohr / 1.74e-6 Ha per frame
  FINE  readout   18 at    234.6 fs: T  433.3 K, E -37.084120 Ha, bonds 1.508, peak 5.25; 1 refined, held units discarded 1.29e-6 bohr / 1.77e-6 Ha per frame
  FINE  readout   19 at    247.6 fs: T  430.6 K, E -37.084101 Ha, bonds 1.500, peak 5.35; 1 refined, held units discarded 1.27e-6 bohr / 1.74e-6 Ha per frame
  COARSEN at 247.6 fs: 1 unit(s) back to rigid (0 still refined); discarded 1.650e-2 bohr rms, 4.548e-5 Ha kinetic, potential moved -1.635e-5 Ha
  rigid readout   20 at    260.6 fs: T  456.7 K, E -37.084184 Ha, bonds 1.523, peak 4.95
  rigid readout   21 at    273.7 fs: T  450.4 K, E -37.084184 Ha, bonds 1.492, peak 5.35
  rigid readout   22 at    286.7 fs: T  428.9 K, E -37.084183 Ha, bonds 1.523, peak 5.45
  rigid readout   23 at    299.7 fs: T  478.3 K, E -37.084201 Ha, bonds 1.594, peak 5.15
  rigid readout   24 at    312.8 fs: T  439.4 K, E -37.084192 Ha, bonds 1.547, peak 5.15
  rigid readout   25 at    325.8 fs: T  458.4 K, E -37.084219 Ha, bonds 1.508, peak 5.35
  rigid readout   26 at    338.8 fs: T  437.8 K, E -37.084192 Ha, bonds 1.508, peak 5.05
  rigid readout   27 at    351.9 fs: T  447.0 K, E -37.084217 Ha, bonds 1.531, peak 5.25
  rigid readout   28 at    364.9 fs: T  424.8 K, E -37.084197 Ha, bonds 1.555, peak 4.95
  rigid readout   29 at    377.9 fs: T  436.0 K, E -37.084204 Ha, bonds 1.562, peak 5.15
  rigid readout   30 at    390.9 fs: T  453.3 K, E -37.084210 Ha, bonds 1.547, peak 5.25
  rigid readout   31 at    404.0 fs: T  433.0 K, E -37.084194 Ha, bonds 1.547, peak 5.15
  rigid readout   32 at    417.0 fs: T  473.8 K, E -37.084216 Ha, bonds 1.539, peak 5.15
  rigid readout   33 at    430.0 fs: T  484.6 K, E -37.084212 Ha, bonds 1.547, peak 5.05
  rigid readout   34 at    443.1 fs: T  475.1 K, E -37.084203 Ha, bonds 1.562, peak 5.25
  rigid readout   35 at    456.1 fs: T  460.7 K, E -37.084202 Ha, bonds 1.555, peak 5.25
  rigid readout   36 at    469.1 fs: T  483.6 K, E -37.084212 Ha, bonds 1.578, peak 5.15
  rigid readout   37 at    482.2 fs: T  474.9 K, E -37.084200 Ha, bonds 1.594, peak 5.35
  rigid readout   38 at    495.2 fs: T  443.6 K, E -37.084199 Ha, bonds 1.594, peak 5.15
  rigid readout   39 at    508.2 fs: T  442.1 K, E -37.084199 Ha, bonds 1.562, peak 5.25
  rigid readout   40 at    521.3 fs: T  467.4 K, E -37.084226 Ha, bonds 1.555, peak 5.15
