[     0.0s] A000001 pin loaded: 2048 rows, A000001(63)=4
[     0.0s] order   2:    1 types from      1 candidates  (abelian 1/1)
[     0.0s] order   3:    1 types from      1 candidates  (abelian 1/1)
[     0.0s] order   4:    2 types from      2 candidates  (abelian 2/2)
[     0.0s] order   5:    1 types from      1 candidates  (abelian 1/1)
[     0.0s] order   6:    2 types from      6 candidates  (abelian 1/1)
[     0.0s] order   7:    1 types from      1 candidates  (abelian 1/1)
[     0.0s] order   8:    5 types from     16 candidates  (abelian 3/3)
[     0.0s] order   9:    2 types from      3 candidates  (abelian 2/2)
[     0.0s] order  10:    2 types from      8 candidates  (abelian 1/1)
[     0.0s] order  11:    1 types from      1 candidates  (abelian 1/1)
[     0.0s] order  12:    5 types from     24 candidates  (abelian 2/2)
[     0.1s] order  13:    1 types from      1 candidates  (abelian 1/1)
[     0.1s] order  14:    2 types from     10 candidates  (abelian 1/1)
[     0.1s] order  15:    1 types from      8 candidates  (abelian 1/1)
[     0.4s] order  16:   14 types from    184 candidates  (abelian 5/5)
[     0.4s] order  17:    1 types from      1 candidates  (abelian 1/1)
[     0.5s] order  18:    5 types from     68 candidates  (abelian 2/2)
[     0.5s] order  19:    1 types from      1 candidates  (abelian 1/1)
[     0.5s] order  20:    5 types from     40 candidates  (abelian 2/2)
[     0.5s] order  21:    2 types from     12 candidates  (abelian 1/1)
[     0.5s] order  22:    2 types from     14 candidates  (abelian 1/1)
[     0.6s] order  23:    1 types from      1 candidates  (abelian 1/1)
[     1.0s] order  24:   15 types from    304 candidates  (abelian 3/3)
[     1.0s] order  25:    2 types from      5 candidates  (abelian 2/2)
[     1.1s] order  26:    2 types from     16 candidates  (abelian 1/1)
[     1.3s] order  27:    5 types from     48 candidates  (abelian 3/3)
[     1.4s] order  28:    4 types from     38 candidates  (abelian 2/2)
[     1.4s] order  29:    1 types from      1 candidates  (abelian 1/1)
[     1.6s] order  30:    4 types from     56 candidates  (abelian 1/1)
[     1.6s] order  31:    1 types from      1 candidates  (abelian 1/1)
[   156.8s] order  32:   51 types from   3084 candidates  (abelian 7/7)
[   156.9s] order  33:    1 types from     14 candidates  (abelian 1/1)
[   156.9s] order  34:    2 types from     20 candidates  (abelian 1/1)
[   157.0s] order  35:    1 types from     12 candidates  (abelian 1/1)
[   159.5s] order  36:   14 types from    400 candidates  (abelian 4/4)
[   159.5s] order  37:    1 types from      1 candidates  (abelian 1/1)
[   159.6s] order  38:    2 types from     22 candidates  (abelian 1/1)
[   159.7s] order  39:    2 types from     18 candidates  (abelian 1/1)
[   160.8s] order  40:   14 types from    276 candidates  (abelian 3/3)
[   160.8s] order  41:    1 types from      1 candidates  (abelian 1/1)
[   161.4s] order  42:    6 types from    146 candidates  (abelian 1/1)
[   161.4s] order  43:    1 types from      1 candidates  (abelian 1/1)
[   161.7s] order  44:    4 types from     54 candidates  (abelian 2/2)
[   161.9s] order  45:    2 types from     33 candidates  (abelian 2/2)
[   162.0s] order  46:    2 types from     26 candidates  (abelian 1/1)
[   162.1s] order  47:    1 types from      1 candidates  (abelian 1/1)
[   286.5s] order  48:   52 types from   6640 candidates  (abelian 5/5)
[   286.6s] order  49:    2 types from      7 candidates  (abelian 2/2)
[   288.0s] order  50:    5 types from    222 candidates  (abelian 2/2)
[   288.1s] order  51:    1 types from     20 candidates  (abelian 1/1)
[   288.7s] order  52:    5 types from     88 candidates  (abelian 2/2)
[   288.7s] order  53:    1 types from      1 candidates  (abelian 1/1)
[   310.8s] order  54:   15 types from   2142 candidates  (abelian 3/3)
[   311.0s] order  55:    2 types from     20 candidates  (abelian 1/1)
[   315.3s] order  56:   13 types from    328 candidates  (abelian 3/3)
[   315.5s] order  57:    2 types from     24 candidates  (abelian 1/1)
[   315.8s] order  58:    2 types from     32 candidates  (abelian 1/1)
[   315.8s] order  59:    1 types from      1 candidates  (abelian 1/1)
[   318.9s]   order 60: A5 admitted by hand (perfection verified)
[   318.9s] order  60:   13 types from    394 candidates  (abelian 2/2)
[   318.9s] order  61:    1 types from      1 candidates  (abelian 1/1)
[   319.6s] order  62:    2 types from     34 candidates  (abelian 1/1)
[   320.3s] order  63:    4 types from     66 candidates  (abelian 2/2)
[   320.3s] 
[   320.3s] === S1 GATE ===
[   320.3s] census total, orders 1..63: 319
[   320.3s] pin total,    orders 1..63: 319
[   320.3s] orders VOIDed by S1: NONE
[   320.3s] 
[   320.3s] === PIN CROSS-AUDIT, leg 2: exact abelian counts ===
[   320.5s] orders where the census abelian count != partition-product theorem: NONE
[   320.5s] 
[   320.5s] === PIN CROSS-AUDIT, leg 3: Holder on squarefree orders ===
[   320.5s] squarefree orders where Holder != pin: NONE
[   320.6s] census written (319 groups)
