# GAUGE: the interpolator's own rate, on functions with no physics in them
# same eval(), same subgrids, same 384-point held-out draw as the tableau
# 'interior' excludes any point in the FIRST or LAST interval of the c axis,
# which is where slope_weights uses a one-sided three-point slope.

## planted `exp-cos`
     nr   nu      max all    rate max interior    rate    max clear    rate  n_end
     65    9    5.2614e-4       -    5.2614e-4       -    5.2614e-4       -     99
        clear worst at (0.804, 0.840, 0.598)
     65   13    1.7289e-4   3.04x    1.7289e-4   3.04x    1.7289e-4   3.04x     72
        clear worst at (0.804, 0.840, 0.598)
     65   25    1.7068e-5  10.13x    1.7068e-5  10.13x    1.7068e-5  10.13x     35
        clear worst at (0.768, 0.922, 0.612)
     65   49    2.5535e-6   6.68x    2.5535e-6   6.68x    2.5535e-6   6.68x     16
        clear worst at (0.804, 0.840, 0.598)

     33    9    5.2623e-4       -    5.2623e-4       -    5.2623e-4       -     99
        clear worst at (0.804, 0.840, 0.598)
     33   13    1.7280e-4   3.05x    1.7280e-4   3.05x    1.7280e-4   3.05x     72
        clear worst at (0.804, 0.840, 0.598)
     33   25    1.7034e-5  10.14x    1.7034e-5  10.14x    1.7034e-5  10.14x     35
        clear worst at (0.731, 1.419, 0.573)
     33   49    9.2644e-6   1.84x    9.2644e-6   1.84x    9.2644e-6   1.84x     16
        clear worst at (0.728, 0.905, 1.230)

     17    9    5.4772e-4       -    5.4772e-4       -    5.4772e-4       -     99
        clear worst at (0.804, 0.840, 0.598)
     17   13    1.5139e-4   3.62x    1.5139e-4   3.62x    1.5139e-4   3.62x     72
        clear worst at (0.804, 0.840, 0.598)
     17   25    3.7368e-5   4.05x    3.7368e-5   4.05x    3.7368e-5   4.05x     35
        clear worst at (0.728, 0.905, 1.230)
     17   49    3.3244e-5   1.12x    3.3244e-5   1.12x    3.3244e-5   1.12x     16
        clear worst at (0.825, 1.248, 1.269)

      9    9    8.5772e-4       -    8.5772e-4       -    8.5772e-4       -     99
        clear worst at (0.804, 0.840, 0.598)
      9   13    5.4055e-4   1.59x    5.4055e-4   1.59x    2.7027e-4   3.17x     72
        clear worst at (0.831, 2.013, 0.430)
      9   25    6.4605e-4   0.84x    6.4605e-4   0.84x    6.4605e-4   0.42x     35
        clear worst at (0.728, 0.905, 1.230)
      9   49    6.3887e-4   1.01x    6.3887e-4   1.01x    6.3887e-4   1.01x     16
        clear worst at (0.728, 0.905, 1.230)

   For reference: h^2 is 4x per doubling of (nu-1), h^3 is 8x, h^4 is 16x. The
   (nu-1) ladder here is 8, 12, 24, 48, so 9->17 is not a doubling and only the
   13->25 and 25->49 rungs are.

## planted `c-bump`
     nr   nu      max all    rate max interior    rate    max clear    rate  n_end
     65    9    3.7696e-2       -    3.7696e-2       -    3.7696e-2       -     99
        clear worst at (2.858, 3.616, 0.986)
     65   13    1.4023e-2   2.69x    1.4023e-2   2.69x    1.4023e-2   2.69x     72
        clear worst at (1.668, 2.179, 0.658)
     65   25    1.2836e-3  10.92x    1.2836e-3  10.92x    1.2836e-3  10.92x     35
        clear worst at (3.139, 6.032, 0.695)
     65   49    1.3768e-4   9.32x    1.3768e-4   9.32x    1.3768e-4   9.32x     16
        clear worst at (1.347, 4.530, 0.613)

     33    9    3.7696e-2       -    3.7696e-2       -    3.7696e-2       -     99
        clear worst at (2.858, 3.616, 0.986)
     33   13    1.4022e-2   2.69x    1.4022e-2   2.69x    1.4022e-2   2.69x     72
        clear worst at (1.668, 2.179, 0.658)
     33   25    1.2830e-3  10.93x    1.2830e-3  10.93x    1.2830e-3  10.93x     35
        clear worst at (3.139, 6.032, 0.695)
     33   49    1.3842e-4   9.27x    1.3842e-4   9.27x    1.3842e-4   9.27x     16
        clear worst at (1.347, 4.530, 0.613)

     17    9    3.7695e-2       -    3.7695e-2       -    3.7695e-2       -     99
        clear worst at (2.858, 3.616, 0.986)
     17   13    1.4033e-2   2.69x    1.4033e-2   2.69x    1.4033e-2   2.69x     72
        clear worst at (1.668, 2.179, 0.658)
     17   25    1.2775e-3  10.98x    1.2775e-3  10.98x    1.2775e-3  10.98x     35
        clear worst at (3.139, 6.032, 0.695)
     17   49    1.9786e-4   6.46x    1.9786e-4   6.46x    1.9786e-4   6.46x     16
        clear worst at (0.768, 0.922, 0.612)

      9    9    3.7698e-2       -    3.7698e-2       -    3.7698e-2       -     99
        clear worst at (2.858, 3.616, 0.986)
      9   13    1.4146e-2   2.66x    1.4146e-2   2.66x    1.4146e-2   2.66x     72
        clear worst at (1.668, 2.179, 0.658)
      9   25    1.5247e-3   9.28x    1.5247e-3   9.28x    1.5247e-3   9.28x     35
        clear worst at (0.807, 1.503, 0.863)
      9   49    5.5131e-4   2.77x    5.5131e-4   2.77x    5.5131e-4   2.77x     16
        clear worst at (0.877, 1.927, 0.796)

   For reference: h^2 is 4x per doubling of (nu-1), h^3 is 8x, h^4 is 16x. The
   (nu-1) ladder here is 8, 12, 24, 48, so 9->17 is not a doubling and only the
   13->25 and 25->49 rungs are.

## the real (O, H, H) surface, same columns
     nr   nu      max all    rate max interior    rate    max clear    rate  n_end
     65    9    2.3783e-2       -    7.2569e-3       -    7.2569e-3       -     99
        clear worst at (2.621, 2.703, 0.461)
     65   13    1.6071e-2   1.48x    3.9371e-3   1.84x    3.9371e-3   1.84x     72
        clear worst at (2.621, 2.703, 0.461)
     65   25    3.8758e-3   4.15x    1.0334e-3   3.81x    1.0334e-3   3.81x     35
        clear worst at (2.886, 3.591, 0.630)
     65   49    7.6803e-4   5.05x    7.6803e-4   1.35x    4.8994e-4   2.11x     16
        clear worst at (2.621, 2.703, 0.461)

     33    9    2.3586e-2       -    7.2039e-3       -    7.2039e-3       -     99
        clear worst at (2.621, 2.703, 0.461)
     33   13    1.5905e-2   1.48x    3.4712e-3   2.08x    3.4712e-3   2.08x     72
        clear worst at (2.621, 2.703, 0.461)
     33   25    3.7544e-3   4.24x    9.2750e-4   3.74x    9.2750e-4   3.74x     35
        clear worst at (2.026, 2.936, 0.410)
     33   49    1.0608e-3   3.54x    9.1526e-4   1.01x    6.0330e-4   1.54x     16
        clear worst at (2.623, 2.644, 0.323)

     17    9    1.3720e-2       -    9.6727e-3       -    9.6727e-3       -     99
        clear worst at (2.621, 2.703, 0.461)
     17   13    1.0686e-2   1.28x    4.6320e-3   2.09x    4.6320e-3   2.09x     72
        clear worst at (2.311, 2.430, 0.293)
     17   25    1.0598e-2   1.01x    3.9883e-3   1.16x    3.9883e-3   1.16x     35
        clear worst at (2.311, 2.430, 0.293)
     17   49    1.0395e-2   1.02x    4.1314e-3   0.97x    4.1314e-3   0.97x     16
        clear worst at (2.311, 2.430, 0.293)

      9    9    2.7827e-2       -    1.4927e-2       -    1.4927e-2       -     99
        clear worst at (2.621, 2.703, 0.461)
      9   13    2.7416e-2   1.01x    1.2494e-2   1.19x    1.2494e-2   1.19x     72
        clear worst at (2.621, 2.703, 0.461)
      9   25    2.7193e-2   1.01x    1.0947e-2   1.14x    1.0947e-2   1.14x     35
        clear worst at (2.621, 2.703, 0.461)
      9   49    2.7149e-2   1.00x    1.0172e-2   1.08x    1.0172e-2   1.08x     16
        clear worst at (2.621, 2.703, 0.461)

   For reference: h^2 is 4x per doubling of (nu-1), h^3 is 8x, h^4 is 16x. The
   (nu-1) ladder here is 8, 12, 24, 48, so 9->17 is not a doubling and only the
   13->25 and 25->49 rungs are.

