phase run, out /home/emoore/CIRISHolon/conformance/water_observatory/replace0, observatory /home/emoore/CIRISHolon/conformance/water_observatory
settling 20000 frames under the stochastic thermostat, then NVE from the branch point
  settling frame    500: T  390.3 K, cross-unit U 1.839427e-4 Ha/water
  settling frame   1000: T  477.7 K, cross-unit U -1.894341e-3 Ha/water
  settling frame   1500: T  442.7 K, cross-unit U -1.686068e-3 Ha/water
  settling frame   2000: T  392.8 K, cross-unit U -1.523736e-3 Ha/water
  settling frame   2500: T  420.0 K, cross-unit U -2.069303e-3 Ha/water
  settling frame   3000: T  397.2 K, cross-unit U -2.738307e-3 Ha/water
  settling frame   3500: T  380.6 K, cross-unit U -2.625596e-3 Ha/water
  settling frame   4000: T  405.0 K, cross-unit U -3.012919e-3 Ha/water
  settling frame   4500: T  386.3 K, cross-unit U -3.465986e-3 Ha/water
  settling frame   5000: T  382.9 K, cross-unit U -3.488197e-3 Ha/water
  settling frame   5500: T  365.1 K, cross-unit U -3.774243e-3 Ha/water
  settling frame   6000: T  371.1 K, cross-unit U -4.078080e-3 Ha/water
  settling frame   6500: T  388.5 K, cross-unit U -4.389851e-3 Ha/water
  settling frame   7000: T  358.0 K, cross-unit U -4.544102e-3 Ha/water
  settling frame   7500: T  375.7 K, cross-unit U -4.785849e-3 Ha/water
  settling frame   8000: T  379.4 K, cross-unit U -5.098594e-3 Ha/water
  settling frame   8500: T  351.4 K, cross-unit U -5.109410e-3 Ha/water
  settling frame   9000: T  344.5 K, cross-unit U -5.007947e-3 Ha/water
  settling frame   9500: T  356.6 K, cross-unit U -5.536160e-3 Ha/water
  settling frame  10000: T  338.8 K, cross-unit U -5.417845e-3 Ha/water
  settling frame  10500: T  349.1 K, cross-unit U -5.710559e-3 Ha/water
  settling frame  11000: T  333.3 K, cross-unit U -5.787135e-3 Ha/water
  settling frame  11500: T  334.2 K, cross-unit U -5.859656e-3 Ha/water
  settling frame  12000: T  302.4 K, cross-unit U -5.674766e-3 Ha/water
  settling frame  12500: T  317.6 K, cross-unit U -6.100297e-3 Ha/water
  settling frame  13000: T  344.1 K, cross-unit U -6.273341e-3 Ha/water
  settling frame  13500: T  342.9 K, cross-unit U -6.469883e-3 Ha/water
  settling frame  14000: T  332.9 K, cross-unit U -6.487773e-3 Ha/water
  settling frame  14500: T  350.4 K, cross-unit U -6.835483e-3 Ha/water
  settling frame  15000: T  319.5 K, cross-unit U -6.507519e-3 Ha/water
  settling frame  15500: T  338.6 K, cross-unit U -6.724454e-3 Ha/water
  settling frame  16000: T  352.7 K, cross-unit U -6.993235e-3 Ha/water
  settling frame  16500: T  343.4 K, cross-unit U -6.919501e-3 Ha/water
  settling frame  17000: T  339.3 K, cross-unit U -6.966663e-3 Ha/water
  settling frame  17500: T  348.3 K, cross-unit U -7.358748e-3 Ha/water
  settling frame  18000: T  334.6 K, cross-unit U -7.252392e-3 Ha/water
  settling frame  18500: T  325.3 K, cross-unit U -7.245862e-3 Ha/water
  settling frame  19000: T  324.0 K, cross-unit U -7.103016e-3 Ha/water
  settling frame  19500: T  344.9 K, cross-unit U -7.607616e-3 Ha/water
  settling frame  20000: T  319.3 K, cross-unit U -7.419123e-3 Ha/water
stiffness envelope MEASURED on the branch state: 5.5926e-2 Ha/bohr^2 (97 passes, 48.2 s)
the flexible arm: 20000 frames at the tables' step, a readout every 500
  flexible frame     500: T  334.8 K, E -36.880374 Ha, bonds 1.422, peak 5.15
  flexible frame    1000: T  342.4 K, E -36.880374 Ha, bonds 1.508, peak 5.25
  flexible frame    1500: T  345.1 K, E -36.880374 Ha, bonds 1.531, peak 5.35
  flexible frame    2000: T  345.5 K, E -36.880373 Ha, bonds 1.594, peak 5.25
  flexible frame    2500: T  356.8 K, E -36.880374 Ha, bonds 1.508, peak 4.95
  flexible frame    3000: T  341.5 K, E -36.880374 Ha, bonds 1.492, peak 5.05
  flexible frame    3500: T  364.7 K, E -36.880374 Ha, bonds 1.562, peak 5.35
  flexible frame    4000: T  359.3 K, E -36.880374 Ha, bonds 1.492, peak 5.35
  flexible frame    4500: T  368.0 K, E -36.880374 Ha, bonds 1.539, peak 5.35
  flexible frame    5000: T  354.7 K, E -36.880374 Ha, bonds 1.539, peak 5.35
  flexible frame    5500: T  349.4 K, E -36.880375 Ha, bonds 1.586, peak 5.35
  flexible frame    6000: T  341.1 K, E -36.880374 Ha, bonds 1.539, peak 5.25
  flexible frame    6500: T  363.3 K, E -36.880375 Ha, bonds 1.562, peak 4.95
  flexible frame    7000: T  335.1 K, E -36.880375 Ha, bonds 1.484, peak 5.15
  flexible frame    7500: T  339.4 K, E -36.880374 Ha, bonds 1.508, peak 5.35
  flexible frame    8000: T  342.0 K, E -36.880375 Ha, bonds 1.531, peak 5.15
  flexible frame    8500: T  327.5 K, E -36.880374 Ha, bonds 1.531, peak 5.15
  flexible frame    9000: T  326.2 K, E -36.880375 Ha, bonds 1.461, peak 5.25
  flexible frame    9500: T  336.4 K, E -36.880375 Ha, bonds 1.516, peak 5.25
  flexible frame   10000: T  343.0 K, E -36.880374 Ha, bonds 1.523, peak 5.15
  flexible frame   10500: T  348.4 K, E -36.880374 Ha, bonds 1.547, peak 5.15
  flexible frame   11000: T  360.1 K, E -36.880375 Ha, bonds 1.477, peak 4.95
  flexible frame   11500: T  342.9 K, E -36.880374 Ha, bonds 1.477, peak 5.05
  flexible frame   12000: T  346.7 K, E -36.880374 Ha, bonds 1.484, peak 5.25
  flexible frame   12500: T  357.2 K, E -36.880374 Ha, bonds 1.484, peak 5.25
  flexible frame   13000: T  366.9 K, E -36.880374 Ha, bonds 1.523, peak 5.25
  flexible frame   13500: T  334.2 K, E -36.880374 Ha, bonds 1.547, peak 5.35
  flexible frame   14000: T  348.9 K, E -36.880374 Ha, bonds 1.555, peak 5.25
  flexible frame   14500: T  336.8 K, E -36.880374 Ha, bonds 1.531, peak 5.05
  flexible frame   15000: T  327.2 K, E -36.880374 Ha, bonds 1.461, peak 5.15
  flexible frame   15500: T  348.8 K, E -36.880374 Ha, bonds 1.477, peak 5.25
  flexible frame   16000: T  326.9 K, E -36.880374 Ha, bonds 1.453, peak 5.05
  flexible frame   16500: T  326.0 K, E -36.880374 Ha, bonds 1.453, peak 5.35
  flexible frame   17000: T  340.4 K, E -36.880374 Ha, bonds 1.469, peak 5.15
  flexible frame   17500: T  343.4 K, E -36.880374 Ha, bonds 1.477, peak 5.25
  flexible frame   18000: T  329.4 K, E -36.880374 Ha, bonds 1.539, peak 5.25
  flexible frame   18500: T  332.0 K, E -36.880374 Ha, bonds 1.492, peak 5.35
  flexible frame   19000: T  338.5 K, E -36.880374 Ha, bonds 1.492, peak 5.05
  flexible frame   19500: T  322.4 K, E -36.880374 Ha, bonds 1.453, peak 5.35
  flexible frame   20000: T  358.2 K, E -36.880374 Ha, bonds 1.523, peak 5.35
the rigid arm with the refinement demonstration
rigid clock: omega_T 1.305e-3, omega_R 5.935e-3 au^-1; dt 16.5408 au admitted (15.35x the fine 1.0775); 33 steps per readout at dt 16.3255 au
  rigid branch: T 446.0 K on 6 dof/unit, E -36.944516 Ha; discarded 4.398e-2 bohr rms, 4.898e-2 Ha internal KE
  rigid readout    1 at     13.0 fs: T  457.7 K, E -36.944517 Ha, bonds 1.414, peak 5.15
  rigid readout    2 at     26.1 fs: T  467.3 K, E -36.944501 Ha, bonds 1.484, peak 5.35
  rigid readout    3 at     39.1 fs: T  474.6 K, E -36.944520 Ha, bonds 1.508, peak 5.35
  rigid readout    4 at     52.1 fs: T  475.6 K, E -36.944520 Ha, bonds 1.570, peak 5.25
  rigid readout    5 at     65.2 fs: T  491.7 K, E -36.944527 Ha, bonds 1.508, peak 4.95
  rigid readout    6 at     78.2 fs: T  462.2 K, E -36.944507 Ha, bonds 1.469, peak 5.25
  rigid readout    7 at     91.2 fs: T  499.3 K, E -36.944536 Ha, bonds 1.523, peak 5.35
  rigid readout    8 at    104.3 fs: T  489.5 K, E -36.944522 Ha, bonds 1.500, peak 5.35
  rigid readout    9 at    117.3 fs: T  499.0 K, E -36.944522 Ha, bonds 1.508, peak 5.35
  rigid readout   10 at    130.3 fs: T  498.0 K, E -36.944529 Ha, bonds 1.539, peak 5.35
  rigid readout   11 at    143.3 fs: T  459.9 K, E -36.944517 Ha, bonds 1.500, peak 5.25
  rigid readout   12 at    156.4 fs: T  466.0 K, E -36.944515 Ha, bonds 1.531, peak 5.15
  rigid readout   13 at    169.4 fs: T  483.9 K, E -36.944530 Ha, bonds 1.500, peak 5.25
  rigid readout   14 at    182.4 fs: T  465.0 K, E -36.944529 Ha, bonds 1.438, peak 5.25
  rigid readout   15 at    195.5 fs: T  462.3 K, E -36.944512 Ha, bonds 1.500, peak 5.15
  rigid readout   16 at    208.5 fs: T  488.6 K, E -36.944522 Ha, bonds 1.500, peak 5.25
  rigid readout   17 at    221.5 fs: T  450.0 K, E -36.944516 Ha, bonds 1.492, peak 5.35
  rigid readout   18 at    234.6 fs: T  466.8 K, E -36.944525 Ha, bonds 1.547, peak 5.25
  rigid readout   19 at    247.6 fs: T  471.6 K, E -36.944513 Ha, bonds 1.555, peak 5.35
  rigid readout   20 at    260.6 fs: T  464.9 K, E -36.944549 Ha, bonds 1.547, peak 5.25
  rigid readout   21 at    273.7 fs: T  465.6 K, E -36.944537 Ha, bonds 1.484, peak 5.25
  rigid readout   22 at    286.7 fs: T  470.4 K, E -36.944543 Ha, bonds 1.508, peak 5.15
  rigid readout   23 at    299.7 fs: T  498.1 K, E -36.944559 Ha, bonds 1.469, peak 4.95
  rigid readout   24 at    312.8 fs: T  489.5 K, E -36.944567 Ha, bonds 1.492, peak 5.25
  rigid readout   25 at    325.8 fs: T  467.7 K, E -36.944549 Ha, bonds 1.508, peak 5.25
  rigid readout   26 at    338.8 fs: T  493.6 K, E -36.944588 Ha, bonds 1.484, peak 5.15
  rigid readout   27 at    351.9 fs: T  459.6 K, E -36.944569 Ha, bonds 1.484, peak 5.25
  rigid readout   28 at    364.9 fs: T  459.8 K, E -36.944568 Ha, bonds 1.523, peak 5.25
  rigid readout   29 at    377.9 fs: T  463.4 K, E -36.944562 Ha, bonds 1.492, peak 5.25
  rigid readout   30 at    390.9 fs: T  488.1 K, E -36.944583 Ha, bonds 1.477, peak 5.15
  rigid readout   31 at    404.0 fs: T  491.4 K, E -36.944588 Ha, bonds 1.453, peak 5.05
  rigid readout   32 at    417.0 fs: T  469.5 K, E -36.944566 Ha, bonds 1.398, peak 5.15
  rigid readout   33 at    430.0 fs: T  478.8 K, E -36.944579 Ha, bonds 1.453, peak 5.35
  rigid readout   34 at    443.1 fs: T  474.9 K, E -36.944578 Ha, bonds 1.469, peak 5.05
  rigid readout   35 at    456.1 fs: T  448.9 K, E -36.944585 Ha, bonds 1.445, peak 5.25
  rigid readout   36 at    469.1 fs: T  458.4 K, E -36.944585 Ha, bonds 1.508, peak 5.15
  rigid readout   37 at    482.2 fs: T  458.3 K, E -36.944584 Ha, bonds 1.500, peak 5.05
  rigid readout   38 at    495.2 fs: T  468.9 K, E -36.944587 Ha, bonds 1.492, peak 4.95
  rigid readout   39 at    508.2 fs: T  495.2 K, E -36.944583 Ha, bonds 1.492, peak 5.25
  rigid readout   40 at    521.3 fs: T  480.7 K, E -36.944591 Ha, bonds 1.422, peak 5.05
the rigid arm WITH the refinement demonstration, from the same branch point
rigid clock: omega_T 1.305e-3, omega_R 5.935e-3 au^-1; dt 16.5408 au admitted (15.35x the fine 1.0775); 33 steps per readout at dt 16.3255 au
  rigid branch: T 446.0 K on 6 dof/unit, E -36.944516 Ha; discarded 4.398e-2 bohr rms, 4.898e-2 Ha internal KE
  rigid readout    1 at     13.0 fs: T  457.7 K, E -36.944517 Ha, bonds 1.414, peak 5.15
  rigid readout    2 at     26.1 fs: T  467.3 K, E -36.944501 Ha, bonds 1.484, peak 5.35
  rigid readout    3 at     39.1 fs: T  474.6 K, E -36.944520 Ha, bonds 1.508, peak 5.35
  rigid readout    4 at     52.1 fs: T  475.6 K, E -36.944520 Ha, bonds 1.570, peak 5.25
  REFINE at 53.3 fs: 1 hot, 5 units to fine stepping (buffer 6.5 bohr)
  FINE  readout    5 at     65.2 fs: T  478.2 K, E -36.945313 Ha, bonds 1.500, peak 4.95; 5 refined, held units discarded 2.47e-6 bohr / 7.61e-6 Ha per frame
  FINE  readout    6 at     78.2 fs: T  458.3 K, E -36.945298 Ha, bonds 1.461, peak 5.25; 5 refined, held units discarded 2.41e-6 bohr / 7.27e-6 Ha per frame
  FINE  readout    7 at     91.2 fs: T  489.1 K, E -36.945259 Ha, bonds 1.508, peak 5.35; 5 refined, held units discarded 2.44e-6 bohr / 7.55e-6 Ha per frame
  COARSEN at 91.2 fs: 4 unit(s) back to rigid (1 still refined); discarded 3.991e-2 bohr rms, 6.842e-4 Ha kinetic, potential moved -9.103e-5 Ha
  FINE  readout    8 at    104.3 fs: T  487.5 K, E -36.945992 Ha, bonds 1.500, peak 5.05; 1 refined, held units discarded 2.51e-6 bohr / 8.00e-6 Ha per frame
  COARSEN at 104.3 fs: 1 unit(s) back to rigid (0 still refined); discarded 2.062e-2 bohr rms, 4.899e-5 Ha kinetic, potential moved -2.759e-5 Ha
  rigid readout    9 at    117.3 fs: T  497.8 K, E -36.946069 Ha, bonds 1.516, peak 5.35
  rigid readout   10 at    130.3 fs: T  496.0 K, E -36.946077 Ha, bonds 1.516, peak 5.35
  DISTURBANCE at 130.3 fs: unit 84 kinetic 1.424e-1 Ha against the share 2.784e-3
  REFINE at 79.8 fs: 1 hot, 5 units to fine stepping (buffer 6.5 bohr)
  FINE  readout   11 at    143.3 fs: T  529.1 K, E -36.811806 Ha, bonds 1.477, peak 5.25; 5 refined, held units discarded 2.43e-6 bohr / 7.31e-6 Ha per frame
  FINE  readout   12 at    156.4 fs: T  539.7 K, E -36.811833 Ha, bonds 1.523, peak 5.35; 5 refined, held units discarded 2.43e-6 bohr / 7.32e-6 Ha per frame
  FINE  readout   13 at    169.4 fs: T  551.5 K, E -36.811837 Ha, bonds 1.539, peak 5.25; 5 refined, held units discarded 2.51e-6 bohr / 7.90e-6 Ha per frame
  COARSEN at 169.4 fs: 2 unit(s) back to rigid (3 still refined); discarded 1.234e-2 bohr rms, 1.574e-4 Ha kinetic, potential moved +1.173e-4 Ha
  FINE  readout   14 at    182.4 fs: T  536.0 K, E -36.811859 Ha, bonds 1.438, peak 5.15; 3 refined, held units discarded 2.43e-6 bohr / 7.43e-6 Ha per frame
  FINE  readout   15 at    195.5 fs: T  532.6 K, E -36.811847 Ha, bonds 1.531, peak 5.15; 3 refined, held units discarded 2.40e-6 bohr / 7.13e-6 Ha per frame
  FINE  readout   16 at    208.5 fs: T  552.3 K, E -36.811834 Ha, bonds 1.492, peak 5.25; 3 refined, held units discarded 2.48e-6 bohr / 7.74e-6 Ha per frame
  FINE  readout   17 at    221.5 fs: T  532.4 K, E -36.811841 Ha, bonds 1.492, peak 5.05; 3 refined, held units discarded 2.46e-6 bohr / 7.46e-6 Ha per frame
  FINE  readout   18 at    234.6 fs: T  521.7 K, E -36.811813 Ha, bonds 1.492, peak 5.25; 3 refined, held units discarded 2.43e-6 bohr / 7.37e-6 Ha per frame
  FINE  readout   19 at    247.6 fs: T  514.5 K, E -36.811789 Ha, bonds 1.500, peak 5.35; 3 refined, held units discarded 2.41e-6 bohr / 7.31e-6 Ha per frame
  COARSEN at 247.6 fs: 2 unit(s) back to rigid (1 still refined); discarded 2.594e-2 bohr rms, 1.116e-4 Ha kinetic, potential moved +2.434e-5 Ha
  FINE  readout   20 at    260.6 fs: T  506.3 K, E -36.811810 Ha, bonds 1.438, peak 5.15; 1 refined, held units discarded 2.40e-6 bohr / 7.34e-6 Ha per frame
  FINE  readout   21 at    273.7 fs: T  551.5 K, E -36.811831 Ha, bonds 1.492, peak 5.25; 1 refined, held units discarded 2.39e-6 bohr / 7.34e-6 Ha per frame
  FINE  readout   22 at    286.7 fs: T  532.8 K, E -36.811849 Ha, bonds 1.469, peak 5.35; 1 refined, held units discarded 2.46e-6 bohr / 7.80e-6 Ha per frame
  FINE  readout   23 at    299.7 fs: T  529.4 K, E -36.811821 Ha, bonds 1.406, peak 5.15; 1 refined, held units discarded 2.45e-6 bohr / 7.57e-6 Ha per frame
  FINE  readout   24 at    312.8 fs: T  495.5 K, E -36.811789 Ha, bonds 1.336, peak 5.05; 1 refined, held units discarded 2.41e-6 bohr / 7.31e-6 Ha per frame
  FINE  readout   25 at    325.8 fs: T  496.6 K, E -36.811796 Ha, bonds 1.461, peak 5.05; 1 refined, held units discarded 2.31e-6 bohr / 6.73e-6 Ha per frame
  FINE  readout   26 at    338.8 fs: T  542.7 K, E -36.811785 Ha, bonds 1.516, peak 5.25; 1 refined, held units discarded 2.51e-6 bohr / 7.76e-6 Ha per frame
  FINE  readout   27 at    351.9 fs: T  539.2 K, E -36.811793 Ha, bonds 1.453, peak 5.05; 1 refined, held units discarded 2.47e-6 bohr / 7.50e-6 Ha per frame
  FINE  readout   28 at    364.9 fs: T  545.3 K, E -36.811829 Ha, bonds 1.445, peak 5.25; 1 refined, held units discarded 2.48e-6 bohr / 7.69e-6 Ha per frame
  FINE  readout   29 at    377.9 fs: T  510.4 K, E -36.811821 Ha, bonds 1.477, peak 5.15; 1 refined, held units discarded 2.44e-6 bohr / 7.67e-6 Ha per frame
  FINE  readout   30 at    390.9 fs: T  537.2 K, E -36.811796 Ha, bonds 1.453, peak 5.25; 1 refined, held units discarded 2.45e-6 bohr / 7.70e-6 Ha per frame
  FINE  readout   31 at    404.0 fs: T  527.4 K, E -36.811797 Ha, bonds 1.500, peak 5.15; 1 refined, held units discarded 2.43e-6 bohr / 7.60e-6 Ha per frame
  FINE  readout   32 at    417.0 fs: T  534.4 K, E -36.811789 Ha, bonds 1.477, peak 5.05; 1 refined, held units discarded 2.44e-6 bohr / 7.53e-6 Ha per frame
  FINE  readout   33 at    430.0 fs: T  550.2 K, E -36.811752 Ha, bonds 1.477, peak 5.05; 1 refined, held units discarded 2.48e-6 bohr / 7.81e-6 Ha per frame
  FINE  readout   34 at    443.1 fs: T  494.5 K, E -36.811728 Ha, bonds 1.383, peak 5.25; 1 refined, held units discarded 2.39e-6 bohr / 7.26e-6 Ha per frame
  FINE  readout   35 at    456.1 fs: T  514.6 K, E -36.811695 Ha, bonds 1.484, peak 5.15; 1 refined, held units discarded 2.38e-6 bohr / 7.19e-6 Ha per frame
  COARSEN at 456.1 fs: 1 unit(s) back to rigid (0 still refined); discarded 7.663e-2 bohr rms, 6.195e-3 Ha kinetic, potential moved -9.411e-4 Ha
  REFINE at 89.6 fs: 1 hot, 6 units to fine stepping (buffer 6.5 bohr)
  FINE  readout   36 at    469.1 fs: T  502.4 K, E -36.819612 Ha, bonds 1.547, peak 5.35; 6 refined, held units discarded 2.41e-6 bohr / 6.94e-6 Ha per frame
  FINE  readout   37 at    482.2 fs: T  498.8 K, E -36.819606 Ha, bonds 1.516, peak 5.45; 6 refined, held units discarded 2.38e-6 bohr / 6.73e-6 Ha per frame
  FINE  readout   38 at    495.2 fs: T  497.9 K, E -36.819633 Ha, bonds 1.477, peak 5.25; 6 refined, held units discarded 2.35e-6 bohr / 6.65e-6 Ha per frame
  COARSEN at 495.2 fs: 4 unit(s) back to rigid (2 still refined); discarded 4.341e-2 bohr rms, 1.283e-4 Ha kinetic, potential moved -6.140e-4 Ha
  FINE  readout   39 at    508.2 fs: T  520.9 K, E -36.820173 Ha, bonds 1.547, peak 5.25; 2 refined, held units discarded 2.38e-6 bohr / 7.11e-6 Ha per frame
  FINE  readout   40 at    521.3 fs: T  509.0 K, E -36.820171 Ha, bonds 1.531, peak 4.95; 2 refined, held units discarded 2.36e-6 bohr / 7.12e-6 Ha per frame
