# SCHWINGER-4 column x=9.0 N=84 chi=40; driver rs {'driver': 'rs', 'binary_sha256': 'd2522d1800ecac2027f0faf66b233c8877c94370832ee93af8e81a1844a0121e', 'binary': '/home/emoore/CIRISHolon/conformance/crystal/instrument/../../../engine/target/release/examples/schwinger4'}; kappa_pred 0.215548/site
rs_x9.0_N84_chi40_E2_d2         E=-451.6187624545      19.6s  sweeps   4 conv True resid 1.0e-11 loadavg 15.0
rs_x9.0_N84_chi40_E1_p38        E=-453.0113303070      23.5s  sweeps   4 conv True resid 1.0e-11 loadavg 16.1
rs_x9.0_N84_chi40_E1_p37        E=-453.0112922054      24.7s  sweeps   4 conv True resid 1.0e-11 loadavg 16.1
rs_x9.0_N84_chi40_E1_p44        E=-453.0112922055      26.7s  sweeps   4 conv True resid 1.0e-11 loadavg 17.4
rs_x9.0_N84_chi40_E2_d3         E=-451.5701528950      27.3s  sweeps   4 conv True resid 1.0e-11 loadavg 17.4
rs_x9.0_N84_chi40_E2_d4         E=-451.5144706714      28.1s  sweeps   4 conv True resid 1.0e-11 loadavg 17.4
rs_x9.0_N84_chi40_E1_p39        E=-453.0113483928      28.5s  sweeps   4 conv True resid 1.0e-11 loadavg 17.4
rs_x9.0_N84_chi40_E0            E=-454.7034805667      28.6s  sweeps   4 conv True resid 1.0e-11 loadavg 17.4
rs_x9.0_N84_chi40_E1_p43        E=-453.0113303070      28.7s  sweeps   4 conv True resid 1.0e-11 loadavg 17.4
rs_x9.0_N84_chi40_E1_p45        E=-453.0112526795      17.5s  sweeps   4 conv True resid 1.0e-11 loadavg 19.1
rs_x9.0_N84_chi40_E1_p36        E=-453.0112526795      27.0s  sweeps   4 conv True resid 1.0e-11 loadavg 21.7
rs_x9.0_N84_chi40_E2_d6         E=-451.4461854641      29.5s  sweeps   4 conv True resid 1.0e-11 loadavg 21.7
rs_x9.0_N84_chi40_E2f_d8        E=-451.2367412973      25.9s  sweeps   4 conv True resid 1.0e-11 loadavg 21.7
rs_x9.0_N84_chi40_E2_d8         E=-451.4016421247      27.4s  sweeps   4 conv True resid 1.0e-11 loadavg 21.7
rs_x9.0_N84_chi40_E1_p46        E=-453.0111813726      28.6s  sweeps   4 conv True resid 1.0e-11 loadavg 21.7
rs_x9.0_N84_chi40_E1_p47        E=-453.0111130753      29.2s  sweeps   4 conv True resid 1.0e-11 loadavg 22.3
rs_x9.0_N84_chi40_E2_d10        E=-451.3726064903      29.9s  sweeps   4 conv True resid 1.0e-11 loadavg 22.3
rs_x9.0_N84_chi40_E1_p35        E=-453.0111813726      30.2s  sweeps   4 conv True resid 1.0e-11 loadavg 22.3
rs_x9.0_N84_chi40_E2f_d10       E=-451.2685615130      21.7s  sweeps   4 conv True resid 1.0e-11 loadavg 22.3
rs_x9.0_N84_chi40_E2_d12        E=-451.3536347297      17.8s  sweeps   4 conv True resid 1.0e-11 loadavg 24.2
rs_x9.0_N84_chi40_E2_d14        E=-451.3411915189      18.3s  sweeps   4 conv True resid 1.0e-11 loadavg 24.5
rs_x9.0_N84_chi40_E1_p34        E=-453.0111130753      27.1s  sweeps   4 conv True resid 1.0e-11 loadavg 24.5
rs_x9.0_N84_chi40_E1_p33        E=-453.0109953396      27.3s  sweeps   4 conv True resid 1.0e-11 loadavg 26.1
rs_x9.0_N84_chi40_E1_p48        E=-453.0109953396      30.5s  sweeps   4 conv True resid 1.0e-11 loadavg 26.1
rs_x9.0_N84_chi40_E2f_d12       E=-451.2842233137      30.9s  sweeps   4 conv True resid 1.0e-11 loadavg 26.1
rs_x9.0_N84_chi40_E2f_d14       E=-451.2979672836      28.7s  sweeps   4 conv True resid 1.0e-11 loadavg 26.3
rs_x9.0_N84_chi40_E1_p49        E=-453.0108856003      30.2s  sweeps   4 conv True resid 1.0e-11 loadavg 26.3
rs_x9.0_N84_chi40_E1_p32        E=-453.0108856003      31.8s  sweeps   4 conv True resid 1.0e-11 loadavg 26.3
rs_x9.0_N84_chi40_E1_p50        E=-453.0106995985      21.4s  sweeps   4 conv True resid 1.0e-11 loadavg 26.6
rs_x9.0_N84_chi40_E2_d16        E=-451.3329485216      28.4s  sweeps   4 conv True resid 1.0e-11 loadavg 26.9
rs_x9.0_N84_chi40_E1_p28        E=-453.0099740593      18.6s  sweeps   4 conv True resid 1.0e-11 loadavg 27.1
rs_x9.0_N84_chi40_E1_p54        E=-453.0095289001      17.2s  sweeps   4 conv True resid 1.0e-11 loadavg 27.1
rs_x9.0_N84_chi40_E1_p30        E=-453.0105280506      26.0s  sweeps   4 conv True resid 1.0e-11 loadavg 27.1
rs_x9.0_N84_chi40_E2f_d16       E=-451.3046567196      31.4s  sweeps   4 conv True resid 1.0e-11 loadavg 27.1
rs_x9.0_N84_chi40_E1_p52        E=-453.0102392731      27.0s  sweeps   4 conv True resid 1.0e-11 loadavg 27.1
rs_x9.0_N84_chi40_E2f_d20       E=-451.3134605283      28.3s  sweeps   4 conv True resid 1.0e-11 loadavg 27.3
rs_x9.0_N84_chi40_E2_d20        E=-451.3235892773      33.6s  sweeps   4 conv True resid 1.0e-11 loadavg 27.5
rs_x9.0_N84_chi40_E2_d24        E=-451.3187005438      26.9s  sweeps   4 conv True resid 9.9e-12 loadavg 27.5
rs_x9.0_N84_chi40_E2f_d24       E=-451.3173131417      29.8s  sweeps   4 conv True resid 1.0e-11 loadavg 27.8
rs_x9.0_N84_chi40_E1s3_p39      E=-452.8188407796      28.5s  sweeps   4 conv True resid 1.0e-11 loadavg 27.8
rs_x9.0_N84_chi64_E0            E=-454.7034805685      49.7s  sweeps   4 conv True resid 1.0e-11 loadavg 28.4
rs_x9.0_N84_chi64_E2_d12        E=-451.3536347318      64.1s  sweeps   4 conv True resid 1.0e-11 loadavg 29.1
rs_x9.0_N84_chi64_E2_d8         E=-451.4016421268      76.9s  sweeps   4 conv True resid 1.0e-11 loadavg 29.0
rs_x9.0_N84_chi64_E1_p36        E=-453.0112526815      79.1s  sweeps   4 conv True resid 1.0e-11 loadavg 29.0
rs_x9.0_N84_chi64_E1_p46        E=-453.0111813746      81.0s  sweeps   4 conv True resid 1.0e-11 loadavg 29.0
rs_x9.0_N84_chi64_E1_p34        E=-453.0111130773      76.6s  sweeps   4 conv True resid 1.0e-11 loadavg 28.7
rs_x9.0_N84_chi64_E1_p28        E=-453.0099740612      75.6s  sweeps   4 conv True resid 1.0e-11 loadavg 28.0
rs_x9.0_N84_chi64_E1_p48        E=-453.0109953415      93.5s  sweeps   4 conv True resid 1.0e-11 loadavg 27.8
rs_x9.0_N84_chi64_E1_p54        E=-453.0095289020      78.1s  sweeps   4 conv True resid 1.0e-11 loadavg 27.8
rs_x9.0_N84_chi64_E2_d24        E=-451.3187005458      60.8s  sweeps   4 conv True resid 1.0e-11 loadavg 27.3
COLUMN_DONE
EXIT=0
