# SCHWINGER-4 column x=4.0 N=56 chi=40; driver rs {'driver': 'rs', 'binary_sha256': 'd2522d1800ecac2027f0faf66b233c8877c94370832ee93af8e81a1844a0121e', 'binary': '/home/emoore/CIRISHolon/conformance/crystal/instrument/../../../engine/target/release/examples/schwinger4'}; kappa_pred 0.340834/site
rs_x4.0_N56_chi40_E1_p24        E=-125.6252485225       7.7s  sweeps   4 conv True resid 9.9e-12 loadavg 11.1
rs_x4.0_N56_chi40_E1_p25        E=-125.6252716066      13.2s  sweeps   4 conv True resid 1.0e-11 loadavg 13.0
rs_x4.0_N56_chi40_E1_p23        E=-125.6251843868      13.3s  sweeps   4 conv True resid 1.0e-11 loadavg 13.0
rs_x4.0_N56_chi40_E0            E=-127.2036725856      13.4s  sweeps   4 conv True resid 1.0e-11 loadavg 13.0
rs_x4.0_N56_chi40_E1_p29        E=-125.6252485225      13.4s  sweeps   4 conv True resid 1.0e-11 loadavg 13.0
rs_x4.0_N56_chi40_E1_p30        E=-125.6251843868      13.5s  sweeps   4 conv True resid 1.0e-11 loadavg 13.0
rs_x4.0_N56_chi40_E2_d3         E=-124.2663022233      13.7s  sweeps   4 conv True resid 1.0e-11 loadavg 13.0
rs_x4.0_N56_chi40_E2_d2         E=-124.3326644234      13.9s  sweeps   4 conv True resid 1.0e-11 loadavg 13.0
rs_x4.0_N56_chi40_E2_d4         E=-124.1898402668      14.0s  sweeps   4 conv True resid 1.0e-11 loadavg 13.0
rs_x4.0_N56_chi40_E1_p31        E=-125.6251270714       9.3s  sweeps   4 conv True resid 1.0e-11 loadavg 15.0
rs_x4.0_N56_chi40_E1_p22        E=-125.6251270714       7.9s  sweeps   4 conv True resid 1.0e-11 loadavg 15.0
rs_x4.0_N56_chi40_E2_d6         E=-124.1180890897      12.7s  sweeps   4 conv True resid 1.0e-11 loadavg 16.1
rs_x4.0_N56_chi40_E2_d8         E=-124.0822065566      13.2s  sweeps   4 conv True resid 1.0e-11 loadavg 17.4
rs_x4.0_N56_chi40_E1_p32        E=-125.6249862424      13.5s  sweeps   4 conv True resid 1.0e-11 loadavg 17.4
rs_x4.0_N56_chi40_E1_p21        E=-125.6249862424      13.4s  sweeps   4 conv True resid 1.0e-11 loadavg 17.4
rs_x4.0_N56_chi40_E1_p33        E=-125.6248670160      13.3s  sweeps   4 conv True resid 1.0e-11 loadavg 17.4
rs_x4.0_N56_chi40_E1_p20        E=-125.6248670160      13.2s  sweeps   4 conv True resid 9.9e-12 loadavg 17.4
rs_x4.0_N56_chi40_E2_d10        E=-124.0641389572      13.7s  sweeps   4 conv True resid 1.0e-11 loadavg 17.4
rs_x4.0_N56_chi40_E1_p34        E=-125.6245814739      11.3s  sweeps   4 conv True resid 1.0e-11 loadavg 17.4
rs_x4.0_N56_chi40_E2_d12        E=-124.0548152271      10.3s  sweeps   4 conv True resid 1.0e-11 loadavg 17.4
rs_x4.0_N56_chi40_E1_p19        E=-125.6245814739       8.5s  sweeps   4 conv True resid 9.9e-12 loadavg 18.3
rs_x4.0_N56_chi40_E1_p35        E=-125.6243427421      11.4s  sweeps   4 conv True resid 1.0e-11 loadavg 19.1
rs_x4.0_N56_chi40_E2_d16        E=-124.0467453791      12.7s  sweeps   4 conv True resid 1.0e-11 loadavg 19.1
rs_x4.0_N56_chi40_E2_d14        E=-124.0498095066      13.2s  sweeps   4 conv True resid 1.0e-11 loadavg 19.1
rs_x4.0_N56_chi40_E1_p18        E=-125.6243427421      13.1s  sweeps   4 conv True resid 1.0e-11 loadavg 19.1
rs_x4.0_N56_chi40_E1_p36        E=-125.6237745022      13.1s  sweeps   4 conv True resid 1.0e-11 loadavg 19.1
rs_x4.0_N56_chi40_E1s3_p25      E=-125.5483846944      14.1s  sweeps   4 conv True resid 1.0e-11 loadavg 20.0
rs_x4.0_N56_chi64_E0            E=-127.2036725856     183.3s  sweeps   4 conv True resid 1.0e-11 loadavg 28.0
rs_x4.0_N56_chi64_E1_p31        E=-125.6251270714     183.0s  sweeps   4 conv True resid 1.0e-11 loadavg 27.3
rs_x4.0_N56_chi64_E2_d6         E=-124.1180890897     185.5s  sweeps   4 conv True resid 1.4e-10 loadavg 26.7
rs_x4.0_N56_chi64_E2_d10        E=-124.0641389573     186.2s  sweeps   4 conv True resid 1.0e-11 loadavg 26.7
rs_x4.0_N56_chi64_E1_p36        E=-125.6237745022     200.0s  sweeps   4 conv True resid 1.0e-11 loadavg 25.6
rs_x4.0_N56_chi64_E1_p21        E=-125.6249862424     205.1s  sweeps   4 conv True resid 1.0e-11 loadavg 25.6
rs_x4.0_N56_chi64_E1_p23        E=-125.6251843868     213.7s  sweeps   4 conv True resid 1.0e-11 loadavg 25.6
rs_x4.0_N56_chi64_E1_p33        E=-125.6248670160     207.4s  sweeps   4 conv True resid 1.0e-11 loadavg 25.3
rs_x4.0_N56_chi64_E1_p18        E=-125.6243427421     210.8s  sweeps   4 conv True resid 1.0e-11 loadavg 25.3
rs_x4.0_N56_chi64_E2_d16        E=-124.0467453791     134.5s  sweeps   4 conv True resid 1.0e-11 loadavg 22.6
COLUMN_DONE
EXIT=0
