# C1 GATE CAMPAIGN  (prereg conformance/water_observatory/C1_GATE_PREREG.md)
# curve: STO-3G FCI H-H, read from h2::h2_point / h2::equilibrium
R_e 1.388694018018 bohr   D_e 0.204142352108 Ha   V(R_e) -1.137306051222 Ha
E''(R_e) 0.477097668015 Ha/bohr^2   omega_harm 0.022790089111 a.u. (5001.846 cm^-1)
mu(H2) 918.576323431 m_e   mu(D2) 1835.741470484 m_e   T 300 K   beta 1052.583416 Ha^-1
beta*omega(H2) 23.9885   banked inner knot (r_floor) 0.392722459 bohr

## G3 ladder (H2, banked, dt=4, 8 chains, 400000 sampled steps/chain)
reference E_thermal 0.011288114853 Ha   ZPE 0.011288114850 Ha
closed-form prediction (harmonic_ring_energy at omega_harm), E_P - E_256:
   P=    1  E_P-Vmin 0.000950043   E_P-E_256 -1.043251e-2
   P=    2  E_P-Vmin 0.001874386   E_P-E_256 -9.508172e-3
   P=    4  E_P-Vmin 0.003604992   E_P-E_256 -7.777567e-3
   P=    8  E_P-Vmin 0.006322936   E_P-E_256 -5.059622e-3
   P=   16  E_P-Vmin 0.009117612   E_P-E_256 -2.264946e-3
   P=   32  E_P-Vmin 0.010670145   E_P-E_256 -7.124136e-4
   P=   64  E_P-Vmin 0.011200055   E_P-E_256 -1.825031e-4
   P=  128  E_P-Vmin 0.011345344   E_P-E_256 -3.721432e-5
   P=  256  E_P-Vmin 0.011382558   E_P-E_256 +0.000000e0
   P=  512  E_P-Vmin 0.011391919   E_P-E_256 +9.360941e-6
     P    E_cv-Vmin        err         E_prim-Vmin      err         E_cv-E_ref      pred(E_P-E_256)  meas(E_cv-E_cv256)  Rg        tau     Vcalls        s
     1  0.000953421 1.98e-6  0.000953421 1.98e-6  -1.1476e0  -1.043251e-2  (filled below)  0.000000    17.4     3520008     0.8
     2  0.001882803 5.34e-6  0.001882666 3.13e-6  -1.1467e0  -9.508172e-3  (filled below)  0.035447    24.6     7040016     1.0
     4  0.003626162 8.73e-6  0.003624426 4.95e-6  -1.1450e0  -7.777567e-3  (filled below)  0.070004    19.9    14080032     1.0
     8  0.006326055 8.15e-6  0.006326392 3.88e-6  -1.1423e0  -5.059622e-3  (filled below)  0.104951    13.5    28160064     1.5
    16  0.009018816 9.38e-6  0.009025722 4.25e-6  -1.1396e0  -2.264946e-3  (filled below)  0.131229    14.3    56320128     2.8
    32  0.010533410 8.90e-6  0.010535210 5.62e-6  -1.1381e0  -7.124136e-4  (filled below)  0.143297    11.4   112640256     5.6
    64  0.011088357 8.08e-6  0.011074119 7.42e-6  -1.1375e0  -1.825031e-4  (filled below)  0.147242    12.9   225280512    14.3
   128  0.011238683 7.90e-6  0.011204241 9.07e-6  -1.1374e0  -3.721432e-5  (filled below)  0.148276    12.1   450561024    66.9
   256  0.011291609 8.28e-6  0.011198358 1.01e-5  -1.1373e0  +0.000000e0  (filled below)  0.148618    13.7   901122048   193.0
   512  0.011284564 8.67e-6  0.011100034 1.26e-5  -1.1373e0  +9.360941e-6  (filled below)  0.148558    14.6  1802244096  1221.0

## G3(a) shape: measured (E_cv(P) - E_cv(256)) vs closed form
     P    predicted        measured         err          d           d/pred      3sig/pred
     1  -1.043251e-2  -1.033819e-2  8.51e-6  +9.433e-5   -0.9042%    0.2447%
     2  -9.508172e-3  -9.408805e-3  9.85e-6  +9.937e-5   -1.0451%    0.3107%
     4  -7.777567e-3  -7.665447e-3  1.20e-5  +1.121e-4   -1.4416%    0.4639%
     8  -5.059622e-3  -4.965553e-3  1.16e-5  +9.407e-5   -1.8592%    0.6887%
    16  -2.264946e-3  -2.272792e-3  1.25e-5  -7.847e-6   +0.3464%    1.6567%
    32  -7.124136e-4  -7.581988e-4  1.22e-5  -4.579e-5   +6.4268%    5.1189%
    64  -1.825031e-4  -2.032519e-4  1.16e-5  -2.075e-5  +11.3690%   19.0143%
   128  -3.721432e-5  -5.292603e-5  1.14e-5  -1.571e-5  +42.2195%   92.2084%

## G3(b) exponent on P in [16, 32, 64]
  measured  x = 1.7416
  closed form x = 1.8167   (the asymptotic 2 is NOT reached in this window)
