# THE CLOSURE CENSUS
# stakes (CENSUS_PREREG.md, frozen before this instrument existed):
#   window        W = 834 fs
#   budget        beta = 0.02, breach run <= 8.4 fs
#   moving carrier rms >= 0.1 bohr, separation excursion >= 0.05 bohr
#   Leg B work count >= 200 informative transitions
#   control floor  <= 0.05 of the same-composition pool

==============================================================================
# /home/emoore/holon-artifacts/census-traj/de4_off/seed_0x0000000053415422.traj
# seed 0x0000000053415422  12 atoms  20000 frames  16.703 ps simulated  complete: true
# window = 834.0 fs, flicker cap = 8.4 fs; median frame 0.8338 fs (about 1000 frames a window)
#   NOTE: the timestep ADAPTED during this run -- 2 distinct frame durations, 0.8338 to 1.6676 fs. Frame columns below are not a uniform unit; read the fs columns.
#
# FORMULA READER (what waterquench prints, final frame): O3H2 OH2 H2 H2
#
# CLOSURE READER (blocks by longest held run):
#   formula  block   held run  held (fs)  of run      rms  sep var ctrl/pool  verdict                named?
#   H2       0x0300      5366     4473.4   97.7%    0.299    0.270    0.037/27  CERTIFIED-STRICT       YES
#   H2       0x0c00      3066     2558.1   95.4%    0.655    2.588    0.037/27  CERTIFIED-STRICT       YES
#   O3H2     0x009d      1974     1645.1   38.4%    0.220    0.394   0.000/111  CERTIFIED-STRICT       YES
#   OH2      0x0062      1109      923.9   85.8%    1.103    0.257   0.000/111  CERTIFIED-STRICT       YES
#   OH       0x0011       929      773.8   38.5%    1.000    0.209    0.000/31  CERTIFIED-BUDGETED     
#   O2H      0x008c       259      215.1   48.0%    0.592    5.190    0.000/47  CERTIFIED-BUDGETED     
#   O4H4     0x00ff       248      206.0    3.8%    0.219    1.765           -  TRANSIENT              
#   OH       0x0088        64       52.5    0.4%    0.349    2.396           -  TRANSIENT              
#   O3H4     0x0c9d        31       25.0    0.6%    0.075    0.476           -  TRANSIENT              
#   H4       0x0f00        23       18.3    1.1%    0.077    0.229           -  TRANSIENT              
#   (29 blocks in all; rows above are the certified, the named, and the ten longest)
#
# LEG B, the fiber-invariance test on the full partition view:
#   distinct partition readings   : 43
#   transitions                   : 19999 total, 19998 INFORMATIVE (work count; staked >= 200)
#   witness pairs                 : 124
#   defect                        : 0.136514   (first half 0.185600, second half 0.087417)
#   non-expansion (<= 1.05x)       : ok
#   VERDICT                       : NOT CLOSED: 124 witness pairs exhibited
#     witness pair: frames 10112 and 10143 read the same partition, frames 10113 and 10144 do not
#     witness pair: frames 167 and 175 read the same partition, frames 168 and 176 do not
#     witness pair: frames 22 and 24 read the same partition, frames 23 and 25 do not
#     witness pair: frames 3434 and 3465 read the same partition, frames 3435 and 3466 do not
#     witness pair: frames 3455 and 3498 read the same partition, frames 3456 and 3499 do not
#
# LENS STACK on the final frame (refusals are readings too):
#   q-tetrahedral                    : REFUSED [dims == 3] the scene is 2-dimensional; a tetrahedral order parameter on a plane does not contain the variable it names (M-MAINTENANCE-LENS)
#   steinhardt q6                    : REFUSED [dims == 3] the scene is 2-dimensional; every neighbour sits at theta = pi/2 and the spherical-harmonic sum is a hexatic in disguise. Use hexatic_psi6.
#   hexatic psi6                     : 0.8916
#   diffusion                        : REFUSED [MSD(max_lag) <= (L_min/4)^2] MSD at lag 2000 is 57.930 bohr^2 against a wall-saturation cap of 27.040; the fit would measure the box, not the fluid
#   H-bond census (Luzar-Chandler)   : 0 bonds
#   largest domain (bonded-pair graph): 5 atoms over 15 edges
#
# CLOSURE DEFECT BY MACRO VIEW (binned; a view is only as closed as its resolution):
#   view                        bins   defect   informative  witnesses  reading
#   largest domain (atoms)        13  0.12521         19999         35  NOT CLOSED
#   bonded pair count             67  0.20706         19999         72  NOT CLOSED
#   H-bond count                  20  0.00080         19999          4  NOT CLOSED
#   mean hexatic psi6             10  0.14154          3999         10  NOT CLOSED
#
# BLIND CLASSIFIER: Liquid
#   free fraction 0.031  order 0.766  mobility 1.3111  interior atoms 1 (13 samples)

==============================================================================
# TOTALS over 1 trajectories: 4 certified-strict, 2 certified-budgeted, 23 transient, 0 void
