# THE CLOSURE CENSUS
# stakes (CENSUS_PREREG.md, frozen before this instrument existed):
#   window        W = 834 fs
#   budget        beta = 0.02, breach run <= 8.4 fs
#   moving carrier rms >= 0.1 bohr, separation excursion >= 0.05 bohr
#   Leg B work count >= 200 informative transitions
#   control floor  <= 0.05 of the same-composition pool
# G2 reference: 1 seeds, header surfaces [] (NOT molecules -- see quenchlog)

==============================================================================
# /home/emoore/holon-artifacts/census-traj/de4_on/seed_0x0000000053415422.traj
# seed 0x0000000053415422  12 atoms  20000 frames  16.703 ps simulated  complete: true
# window = 834.0 fs, flicker cap = 8.4 fs; median frame 0.8338 fs (about 1000 frames a window)
#
# !! DIMS DECLARATION VIOLATED: the header says dims = 2 and an atom departs its placement z by 11.4899 bohr.
#    A planar scene under in-plane forces stays planar by symmetry, so this trajectory did not stay in the configuration space it declares. Every dimension-keyed lens refusal below is taken on a false premise, and any comparison against a trajectory that DID stay planar differs in more than its stated variable.
#   NOTE: the timestep ADAPTED during this run -- 2 distinct frame durations, 0.8338 to 1.6676 fs. Frame columns below are not a uniform unit; read the fs columns.
#
# FORMULA READER (what waterquench prints, final frame): O3H2 OH2 H2 H2
#
# G2: MATCHES the reference row  [H2 H2 O3H2 OH2]
#
# CLOSURE READER (blocks by longest held run):
#   formula  block   held run  held (fs)  of run      rms  sep var ctrl/pool  verdict                named?
#   H2       0x0c00      4528     3774.6   95.8%    0.655    2.588    0.037/27  CERTIFIED-STRICT       YES
#   H2       0x0300      4005     3338.6   97.9%    0.299    0.270    0.037/27  CERTIFIED-STRICT       YES
#   OH2      0x0062      3119     2599.8   91.4%    0.920    0.280   0.000/111  CERTIFIED-STRICT       YES
#   O3H2     0x009d      2449     2041.2   44.8%    0.887    5.321   0.000/111  CERTIFIED-STRICT       YES
#   OH       0x0011      1244     1036.4   35.1%    0.971    0.157    0.000/31  CERTIFIED-STRICT       
#   O2H      0x008c       824      686.2   47.0%    0.592    5.190    0.000/47  CERTIFIED-BUDGETED     
#   O2H3     0x0c8c       105       86.7    2.5%    0.366    1.528           -  TRANSIENT              
#   OH       0x0088        64       52.5    0.4%    0.349    2.396           -  TRANSIENT              
#   OH4      0x0362        40       32.5    0.6%    0.167    0.585           -  TRANSIENT              
#   OH       0x0022        20       15.8    0.4%    0.384    2.287           -  TRANSIENT              
#   (32 blocks in all; rows above are the certified, the named, and the ten longest)
#
# LEG B, the fiber-invariance test on the full partition view:
#   distinct partition readings   : 48
#   transitions                   : 19999 total, 19996 INFORMATIVE (work count; staked >= 200)
#   witness pairs                 : 138
#   defect                        : 0.093469   (first half 0.167850, second half 0.019102)
#   non-expansion (<= 1.05x)       : ok
#   VERDICT                       : NOT CLOSED: 138 witness pairs exhibited
#     witness pair: frames 7187 and 7190 read the same partition, frames 7188 and 7191 do not
#     witness pair: frames 3605 and 3613 read the same partition, frames 3606 and 3614 do not
#     witness pair: frames 2199 and 2312 read the same partition, frames 2200 and 2313 do not
#     witness pair: frames 2505 and 2546 read the same partition, frames 2506 and 2547 do not
#     witness pair: frames 7931 and 7964 read the same partition, frames 7932 and 7965 do not
#
# LENS STACK on the final frame (refusals are readings too):
#   q-tetrahedral                    : REFUSED [dims == 3] the scene is 2-dimensional; a tetrahedral order parameter on a plane does not contain the variable it names (M-MAINTENANCE-LENS)
#   steinhardt q6                    : REFUSED [dims == 3] the scene is 2-dimensional; every neighbour sits at theta = pi/2 and the spherical-harmonic sum is a hexatic in disguise. Use hexatic_psi6.
#   hexatic psi6                     : 0.8776
#   diffusion                        : REFUSED [MSD(max_lag) <= (L_min/4)^2] MSD at lag 2000 is 70.847 bohr^2 against a wall-saturation cap of 27.040; the fit would measure the box, not the fluid
#   H-bond census (Luzar-Chandler)   : 0 bonds
#   largest domain (bonded-pair graph): 5 atoms over 15 edges
#
# CLOSURE DEFECT BY MACRO VIEW (binned; a view is only as closed as its resolution):
#   view                        bins   defect   informative  witnesses  reading
#   largest domain (atoms)        13  0.08710         19999         33  NOT CLOSED
#   bonded pair count             67  0.11886         19999         57  NOT CLOSED
#   H-bond count                  20  0.00000         19999          0  VACUOUS (one reading; the view never moved)
#   mean hexatic psi6             10  0.21330          3999          9  NOT CLOSED
#
# BLIND CLASSIFIER: Liquid
#   free fraction 0.031  order 0.766  mobility 1.6035  interior atoms 1 (13 samples)

==============================================================================
# G2 (final-frame reading vs the banked reference): 1 of 1 seeds reproduce
# TOTALS over 1 trajectories: 5 certified-strict, 1 certified-budgeted, 26 transient, 0 void
