  (1,2,4)       441   3.9277   2.1165   5.6688  false   +3.943368331e-3   +3.944688921e-3    -1.321e-6
  (1,3,4)       441   2.0853   2.1165   2.9286   true   +2.375661883e-2   +2.375586532e-2    +7.535e-7
  (0,2,3)       441   2.0967   3.7156   5.5868   true   +1.067187100e-2   +1.067304536e-2    -1.174e-6
  (0,2,4)       441   2.0967   4.6661   5.6688  false   -8.640930938e-4   -8.636916578e-4    -4.014e-7
  (0,3,4)       441   3.7156   4.6661   2.9286   true   +1.946157967e-2   +1.946672834e-2    -5.149e-6
  (1,2,3)       441   3.9277   2.0853   5.5868  false   +3.020529988e-3   +3.021989883e-3    -1.460e-6
  (1,2,4)       441   3.9277   2.1165   5.6688  false   +3.943368331e-3   +3.944688921e-3    -1.321e-6
  (1,3,4)       441   2.0853   2.1165   2.9286   true   +2.375661883e-2   +2.375586532e-2    +7.535e-7
  (0,2,3)       441   2.0757   4.5000   5.5743  false   -1.101435895e-3   -1.101781333e-3    +3.454e-7
  (0,2,4)       441   2.0757   3.7185   5.6161   true   +1.233662281e-2   +1.241810664e-2    -8.148e-5
  (0,3,4)       441   4.5000   3.7185   2.8960   true   +2.088090150e-2   +2.088613701e-2    -5.236e-6
  (1,2,3)       441   2.0887   3.6887   5.5743   true   +1.208862013e-2   +1.210038745e-2    -1.177e-5
  (1,2,4)       441   2.0887   4.5760   5.6161  false   -1.000189000e-3   -1.000649972e-3    +4.610e-7
  (1,3,4)       441   3.6887   4.5760   2.8960   true   +2.108772940e-2   +2.109766135e-2    -9.932e-6
  (0,2,3)       441   2.0887   3.6887   5.5743   true   +1.208862013e-2   +1.210038745e-2    -1.177e-5
  (0,2,4)       441   2.0887   4.5760   5.6161  false   -1.000189000e-3   -1.000649972e-3    +4.610e-7
  (0,3,4)       441   3.6887   4.5760   2.8960   true   +2.108772940e-2   +2.109766135e-2    -9.932e-6
  (1,2,3)       441   3.9329   2.0806   5.5743  false   +2.768108760e-3   +2.769412461e-3    -1.304e-6
  (1,2,4)       441   3.9329   2.0499   5.6161  false   +4.057019324e-3   +4.058535652e-3    -1.516e-6
  (1,3,4)       441   2.0806   2.0499   2.8960   true   +2.505762808e-2   +2.505882226e-2    -1.194e-6
  (0,2,3)       441   2.0494   3.8744   5.8863  false   +1.277836679e-2   +1.234984006e-2    +4.285e-4
  (0,2,4)       441   2.0494   3.6103   5.0046   true   -4.243416333e-4   -4.237941862e-4    -5.474e-7
  (0,3,4)       441   3.8744   3.6103   2.8486   true   +3.531859220e-2   +3.531749097e-2    +1.101e-6
  (1,2,3)       441   3.9992   1.9706   5.8863  false   +9.269657997e-3   +9.087477284e-3    +1.822e-4
  (1,2,4)       441   3.9992   1.9941   5.0046   true   -2.805131299e-3   -2.805045598e-3    -8.570e-8
  (1,3,4)       441   1.9706   1.9941   2.8486   true   +2.509120506e-2   +2.509237039e-2    -1.165e-6
  (0,2,3)       441   1.9765   4.1716   5.9692  false   +4.995090021e-3   +5.035553942e-3    -4.046e-5
  (0,2,4)       441   1.9765   4.0811   5.0621  false   -2.435081948e-3   -2.436320676e-3    +1.239e-6
  (0,3,4)       441   4.1716   4.0811   2.9585   true   +1.635919374e-2   +1.636093201e-2    -1.738e-6
  (1,2,3)       441   4.0055   2.0724   5.9692  false   +8.423142608e-3   +8.416688056e-3    +6.455e-6
  (1,2,4)       441   4.0055   2.0117   5.0621   true   -2.642625283e-3   -2.642883195e-3    +2.579e-7
  (1,3,4)       441   2.0724   2.0117   2.9585   true   +1.807945041e-2   +1.808038394e-2    -9.335e-7
  (0,2,3)       441   2.0344   4.0166   5.6526  false   +2.931277140e-3   +2.930227758e-3    +1.049e-6
  (0,2,4)       441   2.0344   4.1023   4.6607  false   -1.975315257e-3   -1.976906345e-3    +1.591e-6
  (0,3,4)       441   4.0166   4.1023   2.9788   true   +1.860440761e-2   +1.860350974e-2    +8.979e-7
  (1,2,3)       441   3.7900   1.9285   5.6526   true   +1.496254789e-2   +1.442392590e-2    +5.386e-4
  (1,2,4)       441   3.7900   2.0538   4.6607   true   -4.581828821e-3   -4.580074890e-3    -1.754e-6
  (1,3,4)       441   1.9285   2.0538   2.9788   true   +1.441303641e-2   +1.441234824e-2    +6.882e-7
  (0,2,3)       441   2.0382   4.2043   5.8720  false   +2.301226278e-3   +2.300397220e-3    +8.291e-7
  (0,2,4)       441   2.0382   3.9518   4.6114   true   -3.106433464e-3   -3.105997081e-3    -4.364e-7
  (0,3,4)       441   4.2043   3.9518   2.9489   true   +1.837723396e-2   +1.837930081e-2    -2.067e-6
  (1,2,3)       441   3.9117   1.9989   5.8720  false   +1.186199314e-2   +1.150320532e-2    +3.588e-4
  (1,2,4)       441   3.9117   1.9677   4.6114   true   -3.397265384e-3   -3.398207639e-3    +9.423e-7
  (1,3,4)       441   1.9989   1.9677   2.9489   true   +1.628088729e-2   +1.628241854e-2    -1.531e-6
  (0,2,3)       441   2.0455   4.1316   5.7669  false   +2.181203713e-3   +2.182542474e-3    -1.339e-6
  (0,2,4)       441   2.0455   4.0358   4.5935   true   -2.199160749e-3   -2.201020604e-3    +1.860e-6
  (0,3,4)       441   4.1316   4.0358   2.9991   true   +1.770397323e-2   +1.770424046e-2    -2.672e-7
  (1,2,3)       441   3.8049   2.0118   5.7669  false   +1.477802470e-2   +1.411022493e-2    +6.678e-4
  (1,2,4)       441   3.8049   2.0173   4.5935   true   -4.320664224e-3   -4.319977339e-3    -6.869e-7
  (1,3,4)       441   2.0118   2.0173   2.9991   true   +1.377024694e-2   +1.376926332e-2    +9.836e-7

  SCF flag by arity (converged / NOT converged):
    arity 2: 240 converged, 0 NOT
    arity 3: 172 converged, 68 NOT

  (O,H,H) live-vs-served agreement, split BY THE FLAG:
    scf converged     n =   76   worst |live - served| = 5.386e-4 Ha
    scf NOT converged n =   68   worst |live - served| = 6.678e-4 Ha
    the served table's own held-out maximum is 3.3e-4 Ha (water.rs: at most a third
    of T1's 1e-3 kill), and that is the yardstick both rows are read against.

[exited with code 0]
