# longrange_audit — GANTT B1, freeze conformance/water_observatory/LONGRANGE_PREREG.md
# class = CLASS-H   arm dir = hydrogen
# traj root = /home/emoore/holon-artifacts/census-traj
# manifest  = conformance/water_observatory/census_traj_manifest.sha256
# manifest sha256 = 61aca9458a2909661363ef4bbbbdc175816671d221bd59eed84d38516af5a382
# ADMITTED hydrogen.log  sha256 f5f1896ddc2e2ac160bc09e7e8629d495a341f74fb35e12c877c1c28ce4fa7a2
# curve H-H: 96 knots, R_e = 1.3887 bohr, D_e = 0.204142 Ha, worst residual 8.7e-11, r_max = 10.2400 bohr, 1.3 s
# GATE G2 H-H: PASS  dR_e 6.0e-6 (<= 1e-4)  dD_e 3.5e-7 (<= 1e-6)  residual x1.00 (within 2x)
# GATE PRICE CLASS-H: setup 1.3 s against floor 0 s — PASS
# parked .traj files in /home/emoore/holon-artifacts/census-traj/hydrogen: 8
# ADMITTED hydrogen/seed_0x0000000053415421.traj  sha256 77d512886e52b3424bec9a750c1cfc8922920dbd776d711e80cf060a5b941b88
# ADMITTED hydrogen/seed_0x0000000053415422.traj  sha256 93fbac502f3a7c6fb90549facb2d3c5667ce92de114a86f6b2f3724807dd386a
# ADMITTED hydrogen/seed_0x0000000053415423.traj  sha256 0b70cecd6c62dc6b0ebdbd5a2f7767f18c3baa52380ac9326b0b556f62b00aa5
# ADMITTED hydrogen/seed_0x0000000053415424.traj  sha256 3b493d01974bf04e2f74277320f6379cd4d120132215a8f55d499e5c2da1341c
# ADMITTED hydrogen/seed_0x0000000053415425.traj  sha256 6398b4548e788f85e82319fa298b6807a5c1bd7d3111f2797f8f32d61ef0e6e9
# ADMITTED hydrogen/seed_0x0000000053415426.traj  sha256 186918a57eecf7c74f62df103104a941df69fa74427967e011b04d4716d17808
# ADMITTED hydrogen/seed_0x0000000053415427.traj  sha256 d63972f9a6b44dd964db6fa4852f335c4a321e8505c381ac5c794ea3d027846e
# ADMITTED hydrogen/seed_0x0000000053415428.traj  sha256 d6dccba63c1ba89cc81632b24d10cf09e581c54c086e179f49c3d1193d8ea34e
# admitted 8 of 8 parked files; refusals 0
# curve slot z1-z1 = 0, r_max = 10.2400 bohr, u(r_max) = -6.272736e-9 Ha
# PLANT P2 carrier: u_ab(16) = -1.547664e-16 Ha
# PLANT P2: r_01 9.8291 -> 16.0000 bohr | target-pair change -1.547663864e-16 | other pairs of the displaced atom 1.376019229e-16 | predicted -1.716446346e-17 | measured -1.716446346e-17 | relative 3.016e-14
GATE G8 PLANT-P2 PASS — the plant fired and the estimator's bookkeeping matches (relative 3.016e-14 against 1e-12)
# ladder (bohr): [6.0, 9.0, 10.4, 14.0, 15.0, 41.0]   c* = 15 bohr   stride = 400
COLUMNS FRAME class seed frame E_band E_tail E_hard E_switch bound ratio_to_bound
FRAME CLASS-H 0x0000000053415421 0 0.000000e0 -1.785825e-15 -1.785825e-15 -6.385217e-14 6.810000e-3 2.622357e-13
FRAME CLASS-H 0x0000000053415421 400 0.000000e0 -4.857292e-16 -4.857292e-16 -1.183247e-13 6.810000e-3 7.132588e-14
FRAME CLASS-H 0x0000000053415421 800 0.000000e0 -1.949698e-15 -1.949698e-15 -4.502425e-14 6.810000e-3 2.862992e-13
FRAME CLASS-H 0x0000000053415421 1200 0.000000e0 -2.450389e-15 -2.450389e-15 -7.127871e-14 6.810000e-3 3.598222e-13
FRAME CLASS-H 0x0000000053415421 1600 0.000000e0 -4.689030e-15 -4.689030e-15 -1.098753e-13 6.810000e-3 6.885507e-13
FRAME CLASS-H 0x0000000053415421 2000 0.000000e0 -6.268509e-16 -6.268509e-16 -2.108668e-13 6.810000e-3 9.204859e-14
FRAME CLASS-H 0x0000000053415421 2400 0.000000e0 -6.729946e-15 -6.729946e-15 -1.404055e-13 6.810000e-3 9.882446e-13
FRAME CLASS-H 0x0000000053415421 2800 0.000000e0 -3.773340e-15 -3.773340e-15 -1.042163e-13 6.810000e-3 5.540881e-13
FRAME CLASS-H 0x0000000053415421 3200 0.000000e0 -4.142913e-15 -4.142913e-15 -9.556054e-14 6.810000e-3 6.083572e-13
FRAME CLASS-H 0x0000000053415421 3600 0.000000e0 -3.992453e-15 -3.992453e-15 -1.552942e-13 6.810000e-3 5.862632e-13
FRAME CLASS-H 0x0000000053415421 4000 0.000000e0 -2.107345e-15 -2.107345e-15 -1.541526e-13 6.810000e-3 3.094486e-13
FRAME CLASS-H 0x0000000053415421 4400 0.000000e0 -1.306319e-15 -1.306319e-15 -1.885524e-14 6.810000e-3 1.918237e-13
FRAME CLASS-H 0x0000000053415421 4800 0.000000e0 -5.668113e-15 -5.668113e-15 -1.961907e-13 6.810000e-3 8.323221e-13
FRAME CLASS-H 0x0000000053415421 5200 0.000000e0 -6.542591e-17 -6.542591e-17 -1.277239e-13 6.810000e-3 9.607329e-15
FRAME CLASS-H 0x0000000053415421 5600 0.000000e0 -5.075057e-16 -5.075057e-16 -7.794889e-14 6.810000e-3 7.452359e-14
FRAME CLASS-H 0x0000000053415421 6000 0.000000e0 -2.323402e-15 -2.323402e-15 -1.721281e-13 6.810000e-3 3.411750e-13
FRAME CLASS-H 0x0000000053415421 6400 0.000000e0 -4.423293e-15 -4.423293e-15 -2.396227e-13 6.810000e-3 6.495291e-13
FRAME CLASS-H 0x0000000053415421 6800 0.000000e0 -4.091310e-16 -4.091310e-16 -7.931037e-14 6.810000e-3 6.007797e-14
FRAME CLASS-H 0x0000000053415421 7200 0.000000e0 -2.491120e-15 -2.491120e-15 -6.952787e-14 6.810000e-3 3.658032e-13
FRAME CLASS-H 0x0000000053415421 7600 0.000000e0 -4.934954e-17 -4.934954e-17 -3.735711e-14 6.810000e-3 7.246628e-15
FRAME CLASS-H 0x0000000053415421 8000 0.000000e0 -2.292771e-18 -2.292771e-18 -4.500316e-14 6.810000e-3 3.366771e-16
FRAME CLASS-H 0x0000000053415421 8400 0.000000e0 -5.891116e-15 -5.891116e-15 -1.611125e-13 6.810000e-3 8.650685e-13
FRAME CLASS-H 0x0000000053415421 8800 0.000000e0 -5.678443e-15 -5.678443e-15 -2.161924e-13 6.810000e-3 8.338389e-13
FRAME CLASS-H 0x0000000053415421 9200 0.000000e0 -4.567260e-15 -4.567260e-15 -1.284522e-14 6.810000e-3 6.706696e-13
FRAME CLASS-H 0x0000000053415421 9600 0.000000e0 -5.161843e-15 -5.161843e-15 -1.266940e-13 6.810000e-3 7.579798e-13
FRAME CLASS-H 0x0000000053415421 10000 0.000000e0 -6.709318e-15 -6.709318e-15 -8.202624e-14 6.810000e-3 9.852156e-13
FRAME CLASS-H 0x0000000053415421 10400 0.000000e0 -1.174640e-15 -1.174640e-15 -7.343595e-14 6.810000e-3 1.724875e-13
FRAME CLASS-H 0x0000000053415421 10800 0.000000e0 -3.812374e-15 -3.812374e-15 -8.191004e-14 6.810000e-3 5.598200e-13
FRAME CLASS-H 0x0000000053415421 11200 0.000000e0 -1.206520e-16 -1.206520e-16 -1.867264e-13 6.810000e-3 1.771689e-14
FRAME CLASS-H 0x0000000053415421 11600 0.000000e0 -6.547687e-15 -6.547687e-15 -1.000486e-13 6.810000e-3 9.614812e-13
FRAME CLASS-H 0x0000000053415421 12000 0.000000e0 -1.306842e-14 -1.306842e-14 -2.200086e-13 6.810000e-3 1.919004e-12
FRAME CLASS-H 0x0000000053415421 12400 0.000000e0 -3.733471e-15 -3.733471e-15 -1.506613e-13 6.810000e-3 5.482337e-13
FRAME CLASS-H 0x0000000053415421 12800 0.000000e0 -8.406530e-15 -8.406530e-15 -7.654073e-14 6.810000e-3 1.234439e-12
FRAME CLASS-H 0x0000000053415421 13200 0.000000e0 -3.445201e-15 -3.445201e-15 -1.377809e-13 6.810000e-3 5.059032e-13
FRAME CLASS-H 0x0000000053415421 13600 0.000000e0 -3.347837e-15 -3.347837e-15 -2.067754e-13 6.810000e-3 4.916061e-13
FRAME CLASS-H 0x0000000053415421 14000 0.000000e0 -4.127375e-15 -4.127375e-15 -2.267512e-13 6.810000e-3 6.060757e-13
FRAME CLASS-H 0x0000000053415421 14400 0.000000e0 -6.656169e-15 -6.656169e-15 -8.659442e-14 6.810000e-3 9.774110e-13
FRAME CLASS-H 0x0000000053415421 14800 0.000000e0 -2.106961e-15 -2.106961e-15 -1.408658e-14 6.810000e-3 3.093923e-13
FRAME CLASS-H 0x0000000053415421 15200 0.000000e0 -5.988655e-16 -5.988655e-16 -2.808894e-14 6.810000e-3 8.793914e-14
FRAME CLASS-H 0x0000000053415421 15600 0.000000e0 -5.796198e-15 -5.796198e-15 -2.888008e-13 6.810000e-3 8.511303e-13
FRAME CLASS-H 0x0000000053415421 16000 0.000000e0 -8.433488e-15 -8.433488e-15 -1.237938e-13 6.810000e-3 1.238398e-12
FRAME CLASS-H 0x0000000053415421 16400 0.000000e0 -2.417419e-15 -2.417419e-15 -1.851272e-13 6.810000e-3 3.549808e-13
FRAME CLASS-H 0x0000000053415421 16800 0.000000e0 -1.360667e-15 -1.360667e-15 -1.251248e-13 6.810000e-3 1.998043e-13
FRAME CLASS-H 0x0000000053415421 17200 0.000000e0 -7.567334e-15 -7.567334e-15 -1.393872e-13 6.810000e-3 1.111209e-12
FRAME CLASS-H 0x0000000053415421 17600 0.000000e0 -8.144201e-15 -8.144201e-15 -1.812796e-13 6.810000e-3 1.195918e-12
FRAME CLASS-H 0x0000000053415421 18000 0.000000e0 -1.633777e-15 -1.633777e-15 -8.325212e-14 6.810000e-3 2.399085e-13
FRAME CLASS-H 0x0000000053415421 18400 0.000000e0 -2.187708e-15 -2.187708e-15 -2.238164e-13 6.810000e-3 3.212493e-13
FRAME CLASS-H 0x0000000053415421 18800 0.000000e0 -3.602651e-15 -3.602651e-15 -1.215441e-14 6.810000e-3 5.290236e-13
FRAME CLASS-H 0x0000000053415421 19200 0.000000e0 -9.336818e-15 -9.336818e-15 -8.117164e-14 6.810000e-3 1.371045e-12
FRAME CLASS-H 0x0000000053415421 19600 0.000000e0 -2.693447e-15 -2.693447e-15 -8.988622e-14 6.810000e-3 3.955135e-13
SEED CLASS-H 0x0000000053415421 20000 1.771078e-14 18902 6.810000e-3 6.810000e-4 2.600702e-11 8.080000e-5 84.2822 PASS
SEEDLADDER CLASS-H 0x0000000053415421 6.0 1.030759e-3 6.810000e-4 OVER
SEEDLADDER CLASS-H 0x0000000053415421 9.0 1.128814e-6 6.810000e-4 under
SEEDLADDER CLASS-H 0x0000000053415421 10.4 2.320046e-8 6.810000e-4 under
SEEDLADDER CLASS-H 0x0000000053415421 14.0 3.594489e-13 6.810000e-4 under
SEEDLADDER CLASS-H 0x0000000053415421 15.0 1.771078e-14 6.810000e-4 under
SEEDLADDER CLASS-H 0x0000000053415421 41.0 0.000000e0 6.810000e-4 under
FRAME CLASS-H 0x0000000053415422 0 0.000000e0 -1.926096e-15 -1.926096e-15 -5.575305e-14 2.360000e-2 8.161424e-14
FRAME CLASS-H 0x0000000053415422 400 0.000000e0 -1.011033e-15 -1.011033e-15 -1.109118e-13 2.360000e-2 4.284038e-14
FRAME CLASS-H 0x0000000053415422 800 0.000000e0 -1.918330e-15 -1.918330e-15 -1.065559e-14 2.360000e-2 8.128519e-14
FRAME CLASS-H 0x0000000053415422 1200 0.000000e0 -2.083132e-15 -2.083132e-15 -1.939384e-13 2.360000e-2 8.826830e-14
FRAME CLASS-H 0x0000000053415422 1600 0.000000e0 -3.853462e-15 -3.853462e-15 -7.039246e-14 2.360000e-2 1.632823e-13
FRAME CLASS-H 0x0000000053415422 2000 0.000000e0 -1.064239e-14 -1.064239e-14 -1.432839e-13 2.360000e-2 4.509487e-13
FRAME CLASS-H 0x0000000053415422 2400 0.000000e0 -9.342228e-16 -9.342228e-16 -4.837746e-14 2.360000e-2 3.958571e-14
FRAME CLASS-H 0x0000000053415422 2800 0.000000e0 -3.674158e-15 -3.674158e-15 -9.232977e-14 2.360000e-2 1.556847e-13
FRAME CLASS-H 0x0000000053415422 3200 0.000000e0 -2.676266e-15 -2.676266e-15 -1.702131e-13 2.360000e-2 1.134011e-13
FRAME CLASS-H 0x0000000053415422 3600 0.000000e0 -8.617557e-15 -8.617557e-15 -1.759719e-13 2.360000e-2 3.651507e-13
FRAME CLASS-H 0x0000000053415422 4000 0.000000e0 -3.328023e-15 -3.328023e-15 -2.302362e-13 2.360000e-2 1.410179e-13
FRAME CLASS-H 0x0000000053415422 4400 0.000000e0 -8.904429e-15 -8.904429e-15 -2.338715e-13 2.360000e-2 3.773063e-13
FRAME CLASS-H 0x0000000053415422 4800 0.000000e0 -1.417077e-17 -1.417077e-17 -3.540597e-14 2.360000e-2 6.004565e-16
FRAME CLASS-H 0x0000000053415422 5200 0.000000e0 -7.548256e-15 -7.548256e-15 -2.075618e-14 2.360000e-2 3.198413e-13
FRAME CLASS-H 0x0000000053415422 5600 0.000000e0 -3.733319e-15 -3.733319e-15 -1.543345e-13 2.360000e-2 1.581915e-13
FRAME CLASS-H 0x0000000053415422 6000 0.000000e0 -2.844394e-15 -2.844394e-15 -1.524392e-13 2.360000e-2 1.205252e-13
FRAME CLASS-H 0x0000000053415422 6400 0.000000e0 -1.613327e-15 -1.613327e-15 -1.108499e-13 2.360000e-2 6.836131e-14
FRAME CLASS-H 0x0000000053415422 6800 0.000000e0 -1.287244e-15 -1.287244e-15 -1.452292e-14 2.360000e-2 5.454425e-14
FRAME CLASS-H 0x0000000053415422 7200 0.000000e0 -4.071849e-18 -4.071849e-18 -2.301879e-13 2.360000e-2 1.725360e-16
FRAME CLASS-H 0x0000000053415422 7600 0.000000e0 -4.247722e-15 -4.247722e-15 -1.463875e-13 2.360000e-2 1.799882e-13
FRAME CLASS-H 0x0000000053415422 8000 0.000000e0 -2.401639e-16 -2.401639e-16 -1.105581e-13 2.360000e-2 1.017644e-14
FRAME CLASS-H 0x0000000053415422 8400 0.000000e0 -2.828488e-15 -2.828488e-15 -4.249039e-14 2.360000e-2 1.198512e-13
FRAME CLASS-H 0x0000000053415422 8800 0.000000e0 -1.656533e-15 -1.656533e-15 -1.807765e-13 2.360000e-2 7.019209e-14
FRAME CLASS-H 0x0000000053415422 9200 0.000000e0 -9.430929e-15 -9.430929e-15 -1.609951e-13 2.360000e-2 3.996156e-13
FRAME CLASS-H 0x0000000053415422 9600 0.000000e0 -8.586100e-15 -8.586100e-15 -1.038610e-13 2.360000e-2 3.638178e-13
FRAME CLASS-H 0x0000000053415422 10000 0.000000e0 -4.867379e-15 -4.867379e-15 -7.170504e-14 2.360000e-2 2.062449e-13
FRAME CLASS-H 0x0000000053415422 10400 0.000000e0 -5.879463e-15 -5.879463e-15 -1.519440e-13 2.360000e-2 2.491298e-13
FRAME CLASS-H 0x0000000053415422 10800 0.000000e0 -3.209259e-15 -3.209259e-15 -1.922260e-13 2.360000e-2 1.359855e-13
FRAME CLASS-H 0x0000000053415422 11200 0.000000e0 -3.966760e-15 -3.966760e-15 -1.760764e-13 2.360000e-2 1.680831e-13
FRAME CLASS-H 0x0000000053415422 11600 0.000000e0 -4.784615e-15 -4.784615e-15 -2.036693e-13 2.360000e-2 2.027379e-13
FRAME CLASS-H 0x0000000053415422 12000 0.000000e0 -2.557589e-15 -2.557589e-15 -7.353265e-14 2.360000e-2 1.083724e-13
FRAME CLASS-H 0x0000000053415422 12400 0.000000e0 -5.169680e-15 -5.169680e-15 -1.388495e-13 2.360000e-2 2.190543e-13
FRAME CLASS-H 0x0000000053415422 12800 0.000000e0 -5.392235e-15 -5.392235e-15 -8.594616e-14 2.360000e-2 2.284845e-13
FRAME CLASS-H 0x0000000053415422 13200 0.000000e0 -2.277613e-15 -2.277613e-15 -8.585071e-14 2.360000e-2 9.650904e-14
FRAME CLASS-H 0x0000000053415422 13600 0.000000e0 -6.793439e-16 -6.793439e-16 -5.929020e-14 2.360000e-2 2.878576e-14
FRAME CLASS-H 0x0000000053415422 14000 0.000000e0 -2.720905e-15 -2.720905e-15 -2.400364e-13 2.360000e-2 1.152926e-13
FRAME CLASS-H 0x0000000053415422 14400 0.000000e0 -3.139078e-15 -3.139078e-15 -7.271258e-14 2.360000e-2 1.330118e-13
FRAME CLASS-H 0x0000000053415422 14800 0.000000e0 -4.322204e-15 -4.322204e-15 -2.188921e-13 2.360000e-2 1.831442e-13
FRAME CLASS-H 0x0000000053415422 15200 0.000000e0 -5.594440e-15 -5.594440e-15 -1.200539e-13 2.360000e-2 2.370525e-13
FRAME CLASS-H 0x0000000053415422 15600 0.000000e0 -5.986668e-15 -5.986668e-15 -1.403222e-13 2.360000e-2 2.536724e-13
FRAME CLASS-H 0x0000000053415422 16000 0.000000e0 -1.674756e-16 -1.674756e-16 -1.192084e-13 2.360000e-2 7.096422e-15
FRAME CLASS-H 0x0000000053415422 16400 0.000000e0 -6.113417e-15 -6.113417e-15 -1.627232e-13 2.360000e-2 2.590431e-13
FRAME CLASS-H 0x0000000053415422 16800 0.000000e0 -3.887911e-15 -3.887911e-15 -1.539824e-13 2.360000e-2 1.647420e-13
FRAME CLASS-H 0x0000000053415422 17200 0.000000e0 -7.602844e-15 -7.602844e-15 -2.168941e-13 2.360000e-2 3.221544e-13
FRAME CLASS-H 0x0000000053415422 17600 0.000000e0 -9.913944e-15 -9.913944e-15 -3.541440e-13 2.360000e-2 4.200824e-13
FRAME CLASS-H 0x0000000053415422 18000 0.000000e0 -3.872835e-15 -3.872835e-15 -6.302521e-14 2.360000e-2 1.641032e-13
FRAME CLASS-H 0x0000000053415422 18400 0.000000e0 -5.808029e-15 -5.808029e-15 -1.733851e-13 2.360000e-2 2.461029e-13
FRAME CLASS-H 0x0000000053415422 18800 0.000000e0 -4.783119e-15 -4.783119e-15 -1.760686e-13 2.360000e-2 2.026745e-13
FRAME CLASS-H 0x0000000053415422 19200 0.000000e0 -3.311255e-15 -3.311255e-15 -1.929386e-13 2.360000e-2 1.403074e-13
FRAME CLASS-H 0x0000000053415422 19600 0.000000e0 -5.562525e-15 -5.562525e-15 -1.345489e-13 2.360000e-2 2.357002e-13
SEED CLASS-H 0x0000000053415422 20000 1.879542e-14 17913 2.360000e-2 2.360000e-3 7.964160e-12 1.260000e-4 187.3016 PASS
SEEDLADDER CLASS-H 0x0000000053415422 6.0 1.066275e-3 2.360000e-3 under
SEEDLADDER CLASS-H 0x0000000053415422 9.0 1.260230e-6 2.360000e-3 under
SEEDLADDER CLASS-H 0x0000000053415422 10.4 2.172426e-8 2.360000e-3 under
SEEDLADDER CLASS-H 0x0000000053415422 14.0 3.789984e-13 2.360000e-3 under
SEEDLADDER CLASS-H 0x0000000053415422 15.0 1.879542e-14 2.360000e-3 under
SEEDLADDER CLASS-H 0x0000000053415422 41.0 0.000000e0 2.360000e-3 under
FRAME CLASS-H 0x0000000053415423 0 0.000000e0 -4.558361e-15 -4.558361e-15 -1.002097e-13 8.030000e-3 5.676664e-13
FRAME CLASS-H 0x0000000053415423 400 0.000000e0 -2.601184e-15 -2.601184e-15 -1.916639e-13 8.030000e-3 3.239332e-13
FRAME CLASS-H 0x0000000053415423 800 0.000000e0 -4.215372e-15 -4.215372e-15 -1.641389e-13 8.030000e-3 5.249529e-13
FRAME CLASS-H 0x0000000053415423 1200 0.000000e0 -4.967283e-15 -4.967283e-15 -1.590535e-13 8.030000e-3 6.185907e-13
FRAME CLASS-H 0x0000000053415423 1600 0.000000e0 -7.980786e-15 -7.980786e-15 -7.381874e-14 8.030000e-3 9.938713e-13
FRAME CLASS-H 0x0000000053415423 2000 0.000000e0 -2.238593e-15 -2.238593e-15 -2.453550e-13 8.030000e-3 2.787787e-13
FRAME CLASS-H 0x0000000053415423 2400 0.000000e0 -4.847924e-15 -4.847924e-15 -6.801349e-14 8.030000e-3 6.037266e-13
FRAME CLASS-H 0x0000000053415423 2800 0.000000e0 -7.948871e-15 -7.948871e-15 -1.372105e-13 8.030000e-3 9.898968e-13
FRAME CLASS-H 0x0000000053415423 3200 0.000000e0 -2.273208e-16 -2.273208e-16 -8.136116e-14 8.030000e-3 2.830894e-14
FRAME CLASS-H 0x0000000053415423 3600 0.000000e0 -1.052286e-15 -1.052286e-15 -7.773949e-15 8.030000e-3 1.310443e-13
FRAME CLASS-H 0x0000000053415423 4000 0.000000e0 -3.472592e-15 -3.472592e-15 -1.795210e-13 8.030000e-3 4.324523e-13
FRAME CLASS-H 0x0000000053415423 4400 0.000000e0 -5.449998e-15 -5.449998e-15 -2.562065e-13 8.030000e-3 6.787046e-13
FRAME CLASS-H 0x0000000053415423 4800 0.000000e0 -3.614985e-16 -3.614985e-16 -6.195702e-14 8.030000e-3 4.501849e-14
FRAME CLASS-H 0x0000000053415423 5200 0.000000e0 -3.213291e-15 -3.213291e-15 -9.869111e-14 8.030000e-3 4.001607e-13
FRAME CLASS-H 0x0000000053415423 5600 0.000000e0 -9.218315e-16 -9.218315e-16 -1.146834e-13 8.030000e-3 1.147984e-13
FRAME CLASS-H 0x0000000053415423 6000 0.000000e0 -2.228687e-15 -2.228687e-15 -5.526819e-14 8.030000e-3 2.775451e-13
FRAME CLASS-H 0x0000000053415423 6400 0.000000e0 -2.529859e-15 -2.529859e-15 -1.478198e-13 8.030000e-3 3.150510e-13
FRAME CLASS-H 0x0000000053415423 6800 0.000000e0 -2.609316e-15 -2.609316e-15 -1.597846e-13 8.030000e-3 3.249459e-13
FRAME CLASS-H 0x0000000053415423 7200 0.000000e0 -1.644642e-15 -1.644642e-15 -1.261308e-13 8.030000e-3 2.048122e-13
FRAME CLASS-H 0x0000000053415423 7600 0.000000e0 -6.001632e-15 -6.001632e-15 -1.887201e-13 8.030000e-3 7.474012e-13
FRAME CLASS-H 0x0000000053415423 8000 0.000000e0 -3.700166e-15 -3.700166e-15 -9.260522e-14 8.030000e-3 4.607928e-13
FRAME CLASS-H 0x0000000053415423 8400 0.000000e0 -4.596876e-15 -4.596876e-15 -1.184681e-13 8.030000e-3 5.724628e-13
FRAME CLASS-H 0x0000000053415423 8800 0.000000e0 -9.068902e-15 -9.068902e-15 -2.215026e-13 8.030000e-3 1.129378e-12
FRAME CLASS-H 0x0000000053415423 9200 0.000000e0 -3.731676e-15 -3.731676e-15 -1.926896e-13 8.030000e-3 4.647168e-13
FRAME CLASS-H 0x0000000053415423 9600 0.000000e0 -4.288409e-15 -4.288409e-15 -8.375458e-14 8.030000e-3 5.340485e-13
FRAME CLASS-H 0x0000000053415423 10000 0.000000e0 -4.125357e-15 -4.125357e-15 -1.697399e-13 8.030000e-3 5.137431e-13
FRAME CLASS-H 0x0000000053415423 10400 0.000000e0 -1.120428e-15 -1.120428e-15 -8.398448e-14 8.030000e-3 1.395303e-13
FRAME CLASS-H 0x0000000053415423 10800 0.000000e0 -8.930758e-15 -8.930758e-15 -8.930758e-15 8.030000e-3 1.112174e-12
FRAME CLASS-H 0x0000000053415423 11200 0.000000e0 -4.436681e-15 -4.436681e-15 -9.885733e-14 8.030000e-3 5.525132e-13
FRAME CLASS-H 0x0000000053415423 11600 0.000000e0 -1.526141e-15 -1.526141e-15 -5.336415e-14 8.030000e-3 1.900549e-13
FRAME CLASS-H 0x0000000053415423 12000 0.000000e0 -1.409049e-15 -1.409049e-15 -1.013376e-13 8.030000e-3 1.754731e-13
FRAME CLASS-H 0x0000000053415423 12400 0.000000e0 -9.245956e-18 -9.245956e-18 -1.721363e-13 8.030000e-3 1.151427e-15
FRAME CLASS-H 0x0000000053415423 12800 0.000000e0 -1.348212e-15 -1.348212e-15 -1.417855e-13 8.030000e-3 1.678969e-13
FRAME CLASS-H 0x0000000053415423 13200 0.000000e0 -1.903535e-15 -1.903535e-15 -2.998818e-13 8.030000e-3 2.370530e-13
FRAME CLASS-H 0x0000000053415423 13600 0.000000e0 -1.206970e-14 -1.206970e-14 -1.868359e-13 8.030000e-3 1.503076e-12
FRAME CLASS-H 0x0000000053415423 14000 0.000000e0 -2.438986e-15 -2.438986e-15 -1.980808e-13 8.030000e-3 3.037342e-13
FRAME CLASS-H 0x0000000053415423 14400 0.000000e0 -1.153155e-16 -1.153155e-16 -3.936043e-14 8.030000e-3 1.436058e-14
FRAME CLASS-H 0x0000000053415423 14800 0.000000e0 -4.948871e-15 -4.948871e-15 -2.364140e-13 8.030000e-3 6.162977e-13
FRAME CLASS-H 0x0000000053415423 15200 0.000000e0 -9.771246e-15 -9.771246e-15 -2.635728e-13 8.030000e-3 1.216843e-12
FRAME CLASS-H 0x0000000053415423 15600 0.000000e0 -6.339637e-15 -6.339637e-15 -9.582228e-14 8.030000e-3 7.894940e-13
FRAME CLASS-H 0x0000000053415423 16000 0.000000e0 -4.774849e-16 -4.774849e-16 -1.152118e-13 8.030000e-3 5.946263e-14
FRAME CLASS-H 0x0000000053415423 16400 0.000000e0 -7.451053e-16 -7.451053e-16 -9.895548e-14 8.030000e-3 9.279019e-14
FRAME CLASS-H 0x0000000053415423 16800 0.000000e0 -5.887090e-15 -5.887090e-15 -1.216592e-13 8.030000e-3 7.331370e-13
FRAME CLASS-H 0x0000000053415423 17200 0.000000e0 -6.723891e-17 -6.723891e-17 -3.139291e-14 8.030000e-3 8.373463e-15
FRAME CLASS-H 0x0000000053415423 17600 0.000000e0 -2.692589e-15 -2.692589e-15 -7.031319e-14 8.030000e-3 3.353162e-13
FRAME CLASS-H 0x0000000053415423 18000 0.000000e0 -5.548736e-15 -5.548736e-15 -1.422380e-14 8.030000e-3 6.910007e-13
FRAME CLASS-H 0x0000000053415423 18400 0.000000e0 -4.844158e-15 -4.844158e-15 -3.428864e-13 8.030000e-3 6.032575e-13
FRAME CLASS-H 0x0000000053415423 18800 0.000000e0 -1.795935e-15 -1.795935e-15 -8.389794e-14 8.030000e-3 2.236531e-13
FRAME CLASS-H 0x0000000053415423 19200 0.000000e0 -2.682759e-15 -2.682759e-15 -1.526035e-13 8.030000e-3 3.340920e-13
FRAME CLASS-H 0x0000000053415423 19600 0.000000e0 -5.528025e-16 -5.528025e-16 -2.503402e-13 8.030000e-3 6.884215e-14
SEED CLASS-H 0x0000000053415423 20000 1.814852e-14 18699 8.030000e-3 8.030000e-4 2.260089e-11 5.230000e-5 153.5373 PASS
SEEDLADDER CLASS-H 0x0000000053415423 6.0 9.556299e-4 8.030000e-4 OVER
SEEDLADDER CLASS-H 0x0000000053415423 9.0 1.543524e-6 8.030000e-4 under
SEEDLADDER CLASS-H 0x0000000053415423 10.4 2.102264e-8 8.030000e-4 under
SEEDLADDER CLASS-H 0x0000000053415423 14.0 4.253938e-13 8.030000e-4 under
SEEDLADDER CLASS-H 0x0000000053415423 15.0 1.814852e-14 8.030000e-4 under
SEEDLADDER CLASS-H 0x0000000053415423 41.0 0.000000e0 8.030000e-4 under
FRAME CLASS-H 0x0000000053415424 0 0.000000e0 -2.337339e-15 -2.337339e-15 -1.532457e-14 1.120000e-2 2.086910e-13
FRAME CLASS-H 0x0000000053415424 400 0.000000e0 -2.736332e-15 -2.736332e-15 -3.548770e-14 1.120000e-2 2.443153e-13
FRAME CLASS-H 0x0000000053415424 800 0.000000e0 -2.152831e-17 -2.152831e-17 -1.599860e-13 1.120000e-2 1.922171e-15
FRAME CLASS-H 0x0000000053415424 1200 0.000000e0 -2.919439e-15 -2.919439e-15 -2.051160e-13 1.120000e-2 2.606642e-13
FRAME CLASS-H 0x0000000053415424 1600 0.000000e0 -7.242700e-16 -7.242700e-16 -3.911301e-14 1.120000e-2 6.466696e-14
FRAME CLASS-H 0x0000000053415424 2000 0.000000e0 -2.267097e-15 -2.267097e-15 -3.365831e-13 1.120000e-2 2.024194e-13
FRAME CLASS-H 0x0000000053415424 2400 0.000000e0 -6.781918e-15 -6.781918e-15 -2.532567e-13 1.120000e-2 6.055284e-13
FRAME CLASS-H 0x0000000053415424 2800 0.000000e0 -6.420486e-15 -6.420486e-15 -1.715932e-13 1.120000e-2 5.732577e-13
FRAME CLASS-H 0x0000000053415424 3200 0.000000e0 -2.844682e-15 -2.844682e-15 -7.578483e-14 1.120000e-2 2.539894e-13
FRAME CLASS-H 0x0000000053415424 3600 0.000000e0 -7.390381e-17 -7.390381e-17 -9.464997e-14 1.120000e-2 6.598555e-15
FRAME CLASS-H 0x0000000053415424 4000 0.000000e0 -3.191453e-16 -3.191453e-16 -2.085627e-14 1.120000e-2 2.849512e-14
FRAME CLASS-H 0x0000000053415424 4400 0.000000e0 -3.575697e-15 -3.575697e-15 -1.320563e-13 1.120000e-2 3.192587e-13
FRAME CLASS-H 0x0000000053415424 4800 0.000000e0 -4.937388e-15 -4.937388e-15 -1.373675e-13 1.120000e-2 4.408382e-13
FRAME CLASS-H 0x0000000053415424 5200 0.000000e0 -5.062730e-15 -5.062730e-15 -1.841431e-13 1.120000e-2 4.520294e-13
FRAME CLASS-H 0x0000000053415424 5600 0.000000e0 -6.976784e-15 -6.976784e-15 -1.544685e-13 1.120000e-2 6.229271e-13
FRAME CLASS-H 0x0000000053415424 6000 0.000000e0 -9.573882e-15 -9.573882e-15 -1.644786e-13 1.120000e-2 8.548109e-13
FRAME CLASS-H 0x0000000053415424 6400 0.000000e0 -5.611262e-15 -5.611262e-15 -9.874648e-14 1.120000e-2 5.010055e-13
FRAME CLASS-H 0x0000000053415424 6800 0.000000e0 -2.621738e-15 -2.621738e-15 -7.714877e-14 1.120000e-2 2.340837e-13
FRAME CLASS-H 0x0000000053415424 7200 0.000000e0 -3.773661e-15 -3.773661e-15 -1.053812e-13 1.120000e-2 3.369340e-13
FRAME CLASS-H 0x0000000053415424 7600 0.000000e0 -7.685311e-15 -7.685311e-15 -1.523350e-13 1.120000e-2 6.861885e-13
FRAME CLASS-H 0x0000000053415424 8000 0.000000e0 -6.981426e-16 -6.981426e-16 -1.042980e-13 1.120000e-2 6.233416e-14
FRAME CLASS-H 0x0000000053415424 8400 0.000000e0 -8.930148e-16 -8.930148e-16 -1.131332e-13 1.120000e-2 7.973346e-14
FRAME CLASS-H 0x0000000053415424 8800 0.000000e0 -1.392848e-14 -1.392848e-14 -1.599768e-13 1.120000e-2 1.243614e-12
FRAME CLASS-H 0x0000000053415424 9200 0.000000e0 -5.370499e-15 -5.370499e-15 -1.506615e-13 1.120000e-2 4.795089e-13
FRAME CLASS-H 0x0000000053415424 9600 0.000000e0 -3.664666e-15 -3.664666e-15 -1.135244e-13 1.120000e-2 3.272023e-13
FRAME CLASS-H 0x0000000053415424 10000 0.000000e0 -1.618862e-15 -1.618862e-15 -1.530612e-13 1.120000e-2 1.445412e-13
FRAME CLASS-H 0x0000000053415424 10400 0.000000e0 -2.058264e-15 -2.058264e-15 -1.591387e-13 1.120000e-2 1.837736e-13
FRAME CLASS-H 0x0000000053415424 10800 0.000000e0 -3.283940e-15 -3.283940e-15 -1.849673e-13 1.120000e-2 2.932089e-13
FRAME CLASS-H 0x0000000053415424 11200 0.000000e0 -2.394404e-17 -2.394404e-17 -1.046716e-13 1.120000e-2 2.137861e-15
FRAME CLASS-H 0x0000000053415424 11600 0.000000e0 -2.671551e-16 -2.671551e-16 -3.008630e-13 1.120000e-2 2.385313e-14
FRAME CLASS-H 0x0000000053415424 12000 0.000000e0 -7.113288e-16 -7.113288e-16 -1.300114e-13 1.120000e-2 6.351150e-14
FRAME CLASS-H 0x0000000053415424 12400 0.000000e0 -3.450116e-15 -3.450116e-15 -1.198293e-13 1.120000e-2 3.080461e-13
FRAME CLASS-H 0x0000000053415424 12800 0.000000e0 -1.137062e-15 -1.137062e-15 -2.345387e-13 1.120000e-2 1.015234e-13
FRAME CLASS-H 0x0000000053415424 13200 0.000000e0 -3.728344e-15 -3.728344e-15 -2.376297e-13 1.120000e-2 3.328878e-13
FRAME CLASS-H 0x0000000053415424 13600 0.000000e0 -3.558201e-15 -3.558201e-15 -1.034681e-13 1.120000e-2 3.176965e-13
FRAME CLASS-H 0x0000000053415424 14000 0.000000e0 -5.206530e-15 -5.206530e-15 -9.031267e-14 1.120000e-2 4.648688e-13
FRAME CLASS-H 0x0000000053415424 14400 0.000000e0 -2.235249e-15 -2.235249e-15 -1.368311e-13 1.120000e-2 1.995758e-13
FRAME CLASS-H 0x0000000053415424 14800 0.000000e0 -2.418437e-15 -2.418437e-15 -2.427122e-14 1.120000e-2 2.159319e-13
FRAME CLASS-H 0x0000000053415424 15200 0.000000e0 -2.651679e-17 -2.651679e-17 -7.569262e-14 1.120000e-2 2.367571e-15
FRAME CLASS-H 0x0000000053415424 15600 0.000000e0 -9.983138e-15 -9.983138e-15 -1.184804e-13 1.120000e-2 8.913516e-13
FRAME CLASS-H 0x0000000053415424 16000 0.000000e0 -3.641558e-15 -3.641558e-15 -1.153786e-13 1.120000e-2 3.251391e-13
FRAME CLASS-H 0x0000000053415424 16400 0.000000e0 -2.497860e-15 -2.497860e-15 -8.385839e-14 1.120000e-2 2.230232e-13
FRAME CLASS-H 0x0000000053415424 16800 0.000000e0 -2.429563e-15 -2.429563e-15 -9.360922e-14 1.120000e-2 2.169253e-13
FRAME CLASS-H 0x0000000053415424 17200 0.000000e0 -3.315879e-15 -3.315879e-15 -9.737983e-14 1.120000e-2 2.960606e-13
FRAME CLASS-H 0x0000000053415424 17600 0.000000e0 -5.544001e-15 -5.544001e-15 -2.843915e-13 1.120000e-2 4.950001e-13
FRAME CLASS-H 0x0000000053415424 18000 0.000000e0 -4.825384e-16 -4.825384e-16 -2.048925e-13 1.120000e-2 4.308378e-14
FRAME CLASS-H 0x0000000053415424 18400 0.000000e0 -7.991252e-15 -7.991252e-15 -1.947556e-13 1.120000e-2 7.135047e-13
FRAME CLASS-H 0x0000000053415424 18800 0.000000e0 -2.537331e-15 -2.537331e-15 -7.710547e-14 1.120000e-2 2.265474e-13
FRAME CLASS-H 0x0000000053415424 19200 0.000000e0 -3.662598e-16 -3.662598e-16 -1.851129e-13 1.120000e-2 3.270177e-14
FRAME CLASS-H 0x0000000053415424 19600 0.000000e0 -1.717814e-15 -1.717814e-15 -1.511316e-13 1.120000e-2 1.533763e-13
SEED CLASS-H 0x0000000053415424 20000 1.883596e-14 15509 1.120000e-2 1.120000e-3 1.681782e-11 4.450000e-5 251.6854 PASS
SEEDLADDER CLASS-H 0x0000000053415424 6.0 1.194844e-3 1.120000e-3 OVER
SEEDLADDER CLASS-H 0x0000000053415424 9.0 1.313068e-6 1.120000e-3 under
SEEDLADDER CLASS-H 0x0000000053415424 10.4 2.347299e-8 1.120000e-3 under
SEEDLADDER CLASS-H 0x0000000053415424 14.0 3.418585e-13 1.120000e-3 under
SEEDLADDER CLASS-H 0x0000000053415424 15.0 1.883596e-14 1.120000e-3 under
SEEDLADDER CLASS-H 0x0000000053415424 41.0 0.000000e0 1.120000e-3 under
FRAME CLASS-H 0x0000000053415425 0 0.000000e0 -7.033353e-16 -7.033353e-16 -1.202883e-13 4.760000e-2 1.477595e-14
FRAME CLASS-H 0x0000000053415425 400 0.000000e0 -2.899778e-15 -2.899778e-15 -1.513250e-13 4.760000e-2 6.091970e-14
FRAME CLASS-H 0x0000000053415425 800 0.000000e0 -4.246588e-17 -4.246588e-17 -1.826178e-13 4.760000e-2 8.921403e-16
FRAME CLASS-H 0x0000000053415425 1200 0.000000e0 -7.945092e-16 -7.945092e-16 -2.250551e-13 4.760000e-2 1.669137e-14
FRAME CLASS-H 0x0000000053415425 1600 0.000000e0 -6.069257e-15 -6.069257e-15 -1.245332e-13 4.760000e-2 1.275054e-13
FRAME CLASS-H 0x0000000053415425 2000 0.000000e0 -3.944707e-15 -3.944707e-15 -2.775188e-13 4.760000e-2 8.287201e-14
FRAME CLASS-H 0x0000000053415425 2400 0.000000e0 -4.921515e-15 -4.921515e-15 -1.261892e-13 4.760000e-2 1.033932e-13
FRAME CLASS-H 0x0000000053415425 2800 0.000000e0 -3.180502e-15 -3.180502e-15 -3.028095e-14 4.760000e-2 6.681727e-14
FRAME CLASS-H 0x0000000053415425 3200 0.000000e0 -4.680073e-15 -4.680073e-15 -2.013457e-13 4.760000e-2 9.832085e-14
FRAME CLASS-H 0x0000000053415425 3600 0.000000e0 -8.413316e-15 -8.413316e-15 -1.520679e-13 4.760000e-2 1.767503e-13
FRAME CLASS-H 0x0000000053415425 4000 0.000000e0 -1.596138e-16 -1.596138e-16 -1.908988e-14 4.760000e-2 3.353231e-15
FRAME CLASS-H 0x0000000053415425 4400 0.000000e0 -5.350018e-15 -5.350018e-15 -1.333819e-13 4.760000e-2 1.123953e-13
FRAME CLASS-H 0x0000000053415425 4800 0.000000e0 -4.010942e-15 -4.010942e-15 -1.040912e-13 4.760000e-2 8.426349e-14
FRAME CLASS-H 0x0000000053415425 5200 0.000000e0 -4.236677e-15 -4.236677e-15 -1.825861e-13 4.760000e-2 8.900581e-14
FRAME CLASS-H 0x0000000053415425 5600 0.000000e0 -1.740411e-15 -1.740411e-15 -1.973567e-13 4.760000e-2 3.656325e-14
FRAME CLASS-H 0x0000000053415425 6000 0.000000e0 -5.194146e-15 -5.194146e-15 -7.391568e-14 4.760000e-2 1.091207e-13
FRAME CLASS-H 0x0000000053415425 6400 0.000000e0 -2.659227e-21 -2.659227e-21 -2.602884e-13 4.760000e-2 5.586612e-20
FRAME CLASS-H 0x0000000053415425 6800 0.000000e0 -2.332465e-15 -2.332465e-15 -5.573160e-14 4.760000e-2 4.900137e-14
FRAME CLASS-H 0x0000000053415425 7200 0.000000e0 -4.084318e-15 -4.084318e-15 -1.587961e-13 4.760000e-2 8.580501e-14
FRAME CLASS-H 0x0000000053415425 7600 0.000000e0 -9.412198e-15 -9.412198e-15 -2.159229e-13 4.760000e-2 1.977353e-13
FRAME CLASS-H 0x0000000053415425 8000 0.000000e0 -1.669739e-16 -1.669739e-16 -1.669739e-16 4.760000e-2 3.507856e-15
FRAME CLASS-H 0x0000000053415425 8400 0.000000e0 -1.220450e-15 -1.220450e-15 -1.566320e-13 4.760000e-2 2.563972e-14
FRAME CLASS-H 0x0000000053415425 8800 0.000000e0 -6.909446e-15 -6.909446e-15 -8.273989e-14 4.760000e-2 1.451564e-13
FRAME CLASS-H 0x0000000053415425 9200 0.000000e0 -3.088391e-15 -3.088391e-15 -3.174304e-13 4.760000e-2 6.488217e-14
FRAME CLASS-H 0x0000000053415425 9600 0.000000e0 -5.334209e-16 -5.334209e-16 -8.000077e-14 4.760000e-2 1.120632e-14
FRAME CLASS-H 0x0000000053415425 10000 0.000000e0 -4.175556e-15 -4.175556e-15 -2.738622e-13 4.760000e-2 8.772176e-14
FRAME CLASS-H 0x0000000053415425 10400 0.000000e0 -2.485584e-16 -2.485584e-16 -1.073166e-13 4.760000e-2 5.221815e-15
FRAME CLASS-H 0x0000000053415425 10800 0.000000e0 -8.441934e-15 -8.441934e-15 -3.071010e-13 4.760000e-2 1.773515e-13
FRAME CLASS-H 0x0000000053415425 11200 0.000000e0 -2.409334e-15 -2.409334e-15 -1.160224e-13 4.760000e-2 5.061626e-14
FRAME CLASS-H 0x0000000053415425 11600 0.000000e0 -2.521332e-15 -2.521332e-15 -2.035602e-13 4.760000e-2 5.296916e-14
FRAME CLASS-H 0x0000000053415425 12000 0.000000e0 -4.234564e-15 -4.234564e-15 -1.313042e-13 4.760000e-2 8.896143e-14
FRAME CLASS-H 0x0000000053415425 12400 0.000000e0 -3.811063e-15 -3.811063e-15 -2.871561e-13 4.760000e-2 8.006436e-14
FRAME CLASS-H 0x0000000053415425 12800 0.000000e0 -3.104922e-15 -3.104922e-15 -4.647563e-14 4.760000e-2 6.522946e-14
FRAME CLASS-H 0x0000000053415425 13200 0.000000e0 -2.139187e-15 -2.139187e-15 -4.509079e-14 4.760000e-2 4.494091e-14
FRAME CLASS-H 0x0000000053415425 13600 0.000000e0 -4.539930e-15 -4.539930e-15 -4.855109e-14 4.760000e-2 9.537668e-14
FRAME CLASS-H 0x0000000053415425 14000 0.000000e0 -9.446897e-15 -9.446897e-15 -1.701695e-13 4.760000e-2 1.984642e-13
FRAME CLASS-H 0x0000000053415425 14400 0.000000e0 -2.026274e-16 -2.026274e-16 -4.351475e-14 4.760000e-2 4.256879e-15
FRAME CLASS-H 0x0000000053415425 14800 0.000000e0 -5.750473e-15 -5.750473e-15 -1.031507e-13 4.760000e-2 1.208083e-13
FRAME CLASS-H 0x0000000053415425 15200 0.000000e0 -1.511830e-15 -1.511830e-15 -1.341876e-13 4.760000e-2 3.176113e-14
FRAME CLASS-H 0x0000000053415425 15600 0.000000e0 -3.553759e-15 -3.553759e-15 -4.215815e-14 4.760000e-2 7.465880e-14
FRAME CLASS-H 0x0000000053415425 16000 0.000000e0 -1.516810e-15 -1.516810e-15 -9.335387e-14 4.760000e-2 3.186575e-14
FRAME CLASS-H 0x0000000053415425 16400 0.000000e0 -5.596258e-15 -5.596258e-15 -2.218101e-13 4.760000e-2 1.175685e-13
FRAME CLASS-H 0x0000000053415425 16800 0.000000e0 -2.630630e-15 -2.630630e-15 -2.329906e-13 4.760000e-2 5.526533e-14
FRAME CLASS-H 0x0000000053415425 17200 0.000000e0 -1.886575e-15 -1.886575e-15 -7.196034e-14 4.760000e-2 3.963393e-14
FRAME CLASS-H 0x0000000053415425 17600 0.000000e0 -3.374195e-15 -3.374195e-15 -4.113906e-14 4.760000e-2 7.088645e-14
FRAME CLASS-H 0x0000000053415425 18000 0.000000e0 -2.282072e-15 -2.282072e-15 -2.685424e-14 4.760000e-2 4.794269e-14
FRAME CLASS-H 0x0000000053415425 18400 0.000000e0 -4.112324e-15 -4.112324e-15 -1.430554e-13 4.760000e-2 8.639336e-14
FRAME CLASS-H 0x0000000053415425 18800 0.000000e0 -5.349910e-15 -5.349910e-15 -1.865534e-13 4.760000e-2 1.123931e-13
FRAME CLASS-H 0x0000000053415425 19200 0.000000e0 -5.528673e-15 -5.528673e-15 -2.396527e-13 4.760000e-2 1.161486e-13
FRAME CLASS-H 0x0000000053415425 19600 0.000000e0 -2.190345e-15 -2.190345e-15 -2.722171e-13 4.760000e-2 4.601565e-14
SEED CLASS-H 0x0000000053415425 20000 2.073722e-14 12376 4.760000e-2 4.760000e-3 4.356559e-12 1.230000e-4 386.9919 PASS
SEEDLADDER CLASS-H 0x0000000053415425 6.0 1.152753e-3 4.760000e-3 under
SEEDLADDER CLASS-H 0x0000000053415425 9.0 1.344501e-6 4.760000e-3 under
SEEDLADDER CLASS-H 0x0000000053415425 10.4 2.666497e-8 4.760000e-3 under
SEEDLADDER CLASS-H 0x0000000053415425 14.0 4.525927e-13 4.760000e-3 under
SEEDLADDER CLASS-H 0x0000000053415425 15.0 2.073722e-14 4.760000e-3 under
SEEDLADDER CLASS-H 0x0000000053415425 41.0 0.000000e0 4.760000e-3 under
FRAME CLASS-H 0x0000000053415426 0 0.000000e0 -6.387446e-16 -6.387446e-16 -9.753870e-14 1.180000e-2 5.413090e-14
FRAME CLASS-H 0x0000000053415426 400 0.000000e0 -6.110034e-15 -6.110034e-15 -1.472834e-13 1.180000e-2 5.177994e-13
FRAME CLASS-H 0x0000000053415426 800 0.000000e0 -2.836435e-15 -2.836435e-15 -1.511180e-13 1.180000e-2 2.403758e-13
FRAME CLASS-H 0x0000000053415426 1200 0.000000e0 -6.543689e-15 -6.543689e-15 -1.078478e-13 1.180000e-2 5.545499e-13
FRAME CLASS-H 0x0000000053415426 1600 0.000000e0 -2.805982e-15 -2.805982e-15 -2.672237e-13 1.180000e-2 2.377951e-13
FRAME CLASS-H 0x0000000053415426 2000 0.000000e0 -1.205368e-14 -1.205368e-14 -3.137820e-13 1.180000e-2 1.021498e-12
FRAME CLASS-H 0x0000000053415426 2400 0.000000e0 -1.586223e-15 -1.586223e-15 -1.179637e-13 1.180000e-2 1.344257e-13
FRAME CLASS-H 0x0000000053415426 2800 0.000000e0 -5.172195e-15 -5.172195e-15 -7.916782e-14 1.180000e-2 4.383216e-13
FRAME CLASS-H 0x0000000053415426 3200 0.000000e0 -1.881384e-17 -1.881384e-17 -1.233732e-13 1.180000e-2 1.594393e-15
FRAME CLASS-H 0x0000000053415426 3600 0.000000e0 -3.403149e-15 -3.403149e-15 -1.717334e-13 1.180000e-2 2.884024e-13
FRAME CLASS-H 0x0000000053415426 4000 0.000000e0 -6.642327e-15 -6.642327e-15 -1.659066e-13 1.180000e-2 5.629091e-13
FRAME CLASS-H 0x0000000053415426 4400 0.000000e0 -5.897282e-15 -5.897282e-15 -1.902128e-13 1.180000e-2 4.997696e-13
FRAME CLASS-H 0x0000000053415426 4800 0.000000e0 -3.964349e-15 -3.964349e-15 -9.466602e-14 1.180000e-2 3.359618e-13
FRAME CLASS-H 0x0000000053415426 5200 0.000000e0 -5.862686e-15 -5.862686e-15 -1.186780e-13 1.180000e-2 4.968378e-13
FRAME CLASS-H 0x0000000053415426 5600 0.000000e0 -6.974298e-16 -6.974298e-16 -1.745590e-13 1.180000e-2 5.910422e-14
FRAME CLASS-H 0x0000000053415426 6000 0.000000e0 -6.273519e-18 -6.273519e-18 -6.334876e-14 1.180000e-2 5.316542e-16
FRAME CLASS-H 0x0000000053415426 6400 0.000000e0 -3.684330e-15 -3.684330e-15 -3.072344e-14 1.180000e-2 3.122314e-13
FRAME CLASS-H 0x0000000053415426 6800 0.000000e0 -6.898446e-15 -6.898446e-15 -7.350833e-14 1.180000e-2 5.846141e-13
FRAME CLASS-H 0x0000000053415426 7200 0.000000e0 -3.571917e-15 -3.571917e-15 -1.126096e-13 1.180000e-2 3.027048e-13
FRAME CLASS-H 0x0000000053415426 7600 0.000000e0 -7.870707e-16 -7.870707e-16 -1.494787e-13 1.180000e-2 6.670091e-14
FRAME CLASS-H 0x0000000053415426 8000 0.000000e0 -1.232352e-14 -1.232352e-14 -1.666201e-13 1.180000e-2 1.044366e-12
FRAME CLASS-H 0x0000000053415426 8400 0.000000e0 -3.003271e-15 -3.003271e-15 -5.207442e-14 1.180000e-2 2.545145e-13
FRAME CLASS-H 0x0000000053415426 8800 0.000000e0 -5.237458e-15 -5.237458e-15 -7.472220e-14 1.180000e-2 4.438524e-13
FRAME CLASS-H 0x0000000053415426 9200 0.000000e0 -1.014389e-14 -1.014389e-14 -2.650769e-13 1.180000e-2 8.596513e-13
FRAME CLASS-H 0x0000000053415426 9600 0.000000e0 -3.384367e-15 -3.384367e-15 -3.013896e-13 1.180000e-2 2.868108e-13
FRAME CLASS-H 0x0000000053415426 10000 0.000000e0 -5.060716e-15 -5.060716e-15 -1.081094e-13 1.180000e-2 4.288743e-13
FRAME CLASS-H 0x0000000053415426 10400 0.000000e0 -6.581875e-16 -6.581875e-16 -1.619935e-13 1.180000e-2 5.577860e-14
FRAME CLASS-H 0x0000000053415426 10800 0.000000e0 -5.046706e-16 -5.046706e-16 -1.493889e-13 1.180000e-2 4.276869e-14
FRAME CLASS-H 0x0000000053415426 11200 0.000000e0 -2.794584e-15 -2.794584e-15 -1.227076e-13 1.180000e-2 2.368291e-13
FRAME CLASS-H 0x0000000053415426 11600 0.000000e0 -7.082762e-15 -7.082762e-15 -9.955344e-14 1.180000e-2 6.002341e-13
FRAME CLASS-H 0x0000000053415426 12000 0.000000e0 -4.178862e-16 -4.178862e-16 -4.178862e-16 1.180000e-2 3.541408e-14
FRAME CLASS-H 0x0000000053415426 12400 0.000000e0 -2.834702e-15 -2.834702e-15 -1.790276e-14 1.180000e-2 2.402290e-13
FRAME CLASS-H 0x0000000053415426 12800 0.000000e0 -3.652492e-15 -3.652492e-15 -1.071519e-13 1.180000e-2 3.095332e-13
FRAME CLASS-H 0x0000000053415426 13200 0.000000e0 -8.976394e-17 -8.976394e-17 -9.064783e-17 1.180000e-2 7.607113e-15
FRAME CLASS-H 0x0000000053415426 13600 0.000000e0 -3.969334e-16 -3.969334e-16 -3.749637e-14 1.180000e-2 3.363842e-14
FRAME CLASS-H 0x0000000053415426 14000 0.000000e0 -5.750777e-15 -5.750777e-15 -1.490828e-13 1.180000e-2 4.873540e-13
FRAME CLASS-H 0x0000000053415426 14400 0.000000e0 -6.472536e-16 -6.472536e-16 -7.329594e-14 1.180000e-2 5.485200e-14
FRAME CLASS-H 0x0000000053415426 14800 0.000000e0 -4.071460e-15 -4.071460e-15 -1.443896e-13 1.180000e-2 3.450390e-13
FRAME CLASS-H 0x0000000053415426 15200 0.000000e0 -1.194755e-14 -1.194755e-14 -8.492805e-14 1.180000e-2 1.012504e-12
FRAME CLASS-H 0x0000000053415426 15600 0.000000e0 -5.511103e-15 -5.511103e-15 -1.024885e-14 1.180000e-2 4.670427e-13
FRAME CLASS-H 0x0000000053415426 16000 0.000000e0 -1.796786e-15 -1.796786e-15 -1.317079e-13 1.180000e-2 1.522700e-13
FRAME CLASS-H 0x0000000053415426 16400 0.000000e0 -4.571058e-15 -4.571058e-15 -6.860632e-14 1.180000e-2 3.873778e-13
FRAME CLASS-H 0x0000000053415426 16800 0.000000e0 -2.246324e-15 -2.246324e-15 -8.551369e-14 1.180000e-2 1.903664e-13
FRAME CLASS-H 0x0000000053415426 17200 0.000000e0 -7.582653e-15 -7.582653e-15 -2.903294e-13 1.180000e-2 6.425978e-13
FRAME CLASS-H 0x0000000053415426 17600 0.000000e0 -5.422733e-15 -5.422733e-15 -6.468658e-14 1.180000e-2 4.595537e-13
FRAME CLASS-H 0x0000000053415426 18000 0.000000e0 -6.873205e-16 -6.873205e-16 -1.057819e-13 1.180000e-2 5.824750e-14
FRAME CLASS-H 0x0000000053415426 18400 0.000000e0 -6.504684e-15 -6.504684e-15 -3.448419e-14 1.180000e-2 5.512444e-13
FRAME CLASS-H 0x0000000053415426 18800 0.000000e0 -2.010481e-15 -2.010481e-15 -9.700667e-14 1.180000e-2 1.703798e-13
FRAME CLASS-H 0x0000000053415426 19200 0.000000e0 -6.329166e-15 -6.329166e-15 -1.252554e-13 1.180000e-2 5.363700e-13
FRAME CLASS-H 0x0000000053415426 19600 0.000000e0 -2.522874e-15 -2.522874e-15 -1.573906e-13 1.180000e-2 2.138029e-13
SEED CLASS-H 0x0000000053415426 20000 1.741802e-14 283 1.180000e-2 1.180000e-3 1.476104e-11 7.720000e-5 152.8497 PASS
SEEDLADDER CLASS-H 0x0000000053415426 6.0 1.168867e-3 1.180000e-3 under
SEEDLADDER CLASS-H 0x0000000053415426 9.0 1.361779e-6 1.180000e-3 under
SEEDLADDER CLASS-H 0x0000000053415426 10.4 2.162054e-8 1.180000e-3 under
SEEDLADDER CLASS-H 0x0000000053415426 14.0 3.311439e-13 1.180000e-3 under
SEEDLADDER CLASS-H 0x0000000053415426 15.0 1.741802e-14 1.180000e-3 under
SEEDLADDER CLASS-H 0x0000000053415426 41.0 0.000000e0 1.180000e-3 under
FRAME CLASS-H 0x0000000053415427 0 0.000000e0 -4.081448e-16 -4.081448e-16 -8.049776e-14 9.790000e-3 4.168997e-14
FRAME CLASS-H 0x0000000053415427 400 0.000000e0 -1.511664e-15 -1.511664e-15 -1.018894e-13 9.790000e-3 1.544090e-13
FRAME CLASS-H 0x0000000053415427 800 0.000000e0 -3.017335e-15 -3.017335e-15 -1.303406e-13 9.790000e-3 3.082058e-13
FRAME CLASS-H 0x0000000053415427 1200 0.000000e0 -2.145247e-15 -2.145247e-15 -9.651235e-14 9.790000e-3 2.191264e-13
FRAME CLASS-H 0x0000000053415427 1600 0.000000e0 -2.445062e-15 -2.445062e-15 -1.355371e-13 9.790000e-3 2.497510e-13
FRAME CLASS-H 0x0000000053415427 2000 0.000000e0 -3.173215e-15 -3.173215e-15 -6.727927e-14 9.790000e-3 3.241281e-13
FRAME CLASS-H 0x0000000053415427 2400 0.000000e0 -4.140914e-15 -4.140914e-15 -1.776857e-13 9.790000e-3 4.229738e-13
FRAME CLASS-H 0x0000000053415427 2800 0.000000e0 -2.095356e-15 -2.095356e-15 -2.533573e-13 9.790000e-3 2.140302e-13
FRAME CLASS-H 0x0000000053415427 3200 0.000000e0 -3.848474e-15 -3.848474e-15 -1.509708e-13 9.790000e-3 3.931026e-13
FRAME CLASS-H 0x0000000053415427 3600 0.000000e0 -5.144972e-15 -5.144972e-15 -2.654317e-13 9.790000e-3 5.255334e-13
FRAME CLASS-H 0x0000000053415427 4000 0.000000e0 -1.924567e-15 -1.924567e-15 -1.548194e-13 9.790000e-3 1.965850e-13
FRAME CLASS-H 0x0000000053415427 4400 0.000000e0 -2.618705e-15 -2.618705e-15 -5.536577e-14 9.790000e-3 2.674878e-13
FRAME CLASS-H 0x0000000053415427 4800 0.000000e0 -2.572116e-15 -2.572116e-15 -3.196173e-13 9.790000e-3 2.627289e-13
FRAME CLASS-H 0x0000000053415427 5200 0.000000e0 -7.474829e-16 -7.474829e-16 -1.234059e-14 9.790000e-3 7.635168e-14
FRAME CLASS-H 0x0000000053415427 5600 0.000000e0 -8.084150e-15 -8.084150e-15 -2.692307e-13 9.790000e-3 8.257558e-13
FRAME CLASS-H 0x0000000053415427 6000 0.000000e0 -4.198425e-15 -4.198425e-15 -2.402014e-13 9.790000e-3 4.288483e-13
FRAME CLASS-H 0x0000000053415427 6400 0.000000e0 -4.165809e-15 -4.165809e-15 -1.679166e-13 9.790000e-3 4.255167e-13
FRAME CLASS-H 0x0000000053415427 6800 0.000000e0 -4.889358e-15 -4.889358e-15 -2.015503e-13 9.790000e-3 4.994237e-13
FRAME CLASS-H 0x0000000053415427 7200 0.000000e0 -7.574256e-15 -7.574256e-15 -1.220758e-13 9.790000e-3 7.736727e-13
FRAME CLASS-H 0x0000000053415427 7600 0.000000e0 -1.511715e-15 -1.511715e-15 -1.566711e-13 9.790000e-3 1.544142e-13
FRAME CLASS-H 0x0000000053415427 8000 0.000000e0 -1.776369e-15 -1.776369e-15 -1.136360e-13 9.790000e-3 1.814473e-13
FRAME CLASS-H 0x0000000053415427 8400 0.000000e0 -3.307024e-15 -3.307024e-15 -7.926273e-14 9.790000e-3 3.377961e-13
FRAME CLASS-H 0x0000000053415427 8800 0.000000e0 -2.719686e-15 -2.719686e-15 -1.486936e-14 9.790000e-3 2.778025e-13
FRAME CLASS-H 0x0000000053415427 9200 0.000000e0 -5.748053e-15 -5.748053e-15 -1.436652e-13 9.790000e-3 5.871352e-13
FRAME CLASS-H 0x0000000053415427 9600 0.000000e0 -6.522920e-15 -6.522920e-15 -3.139486e-13 9.790000e-3 6.662840e-13
FRAME CLASS-H 0x0000000053415427 10000 0.000000e0 -1.190150e-15 -1.190150e-15 -1.351064e-13 9.790000e-3 1.215679e-13
FRAME CLASS-H 0x0000000053415427 10400 0.000000e0 -2.322026e-15 -2.322026e-15 -2.179935e-13 9.790000e-3 2.371835e-13
FRAME CLASS-H 0x0000000053415427 10800 0.000000e0 -5.607630e-15 -5.607630e-15 -5.630198e-15 9.790000e-3 5.727916e-13
FRAME CLASS-H 0x0000000053415427 11200 0.000000e0 -1.420347e-15 -1.420347e-15 -1.061517e-13 9.790000e-3 1.450814e-13
FRAME CLASS-H 0x0000000053415427 11600 0.000000e0 -1.028657e-14 -1.028657e-14 -1.236316e-13 9.790000e-3 1.050722e-12
FRAME CLASS-H 0x0000000053415427 12000 0.000000e0 -3.294191e-15 -3.294191e-15 -8.475572e-14 9.790000e-3 3.364853e-13
FRAME CLASS-H 0x0000000053415427 12400 0.000000e0 -6.347264e-15 -6.347264e-15 -2.875695e-14 9.790000e-3 6.483416e-13
FRAME CLASS-H 0x0000000053415427 12800 0.000000e0 -2.951839e-15 -2.951839e-15 -1.067516e-13 9.790000e-3 3.015158e-13
FRAME CLASS-H 0x0000000053415427 13200 0.000000e0 -3.807761e-15 -3.807761e-15 -1.959863e-14 9.790000e-3 3.889439e-13
FRAME CLASS-H 0x0000000053415427 13600 0.000000e0 -5.766415e-15 -5.766415e-15 -3.822600e-13 9.790000e-3 5.890108e-13
FRAME CLASS-H 0x0000000053415427 14000 0.000000e0 -3.556087e-15 -3.556087e-15 -7.647918e-14 9.790000e-3 3.632367e-13
FRAME CLASS-H 0x0000000053415427 14400 0.000000e0 -6.494380e-15 -6.494380e-15 -2.822902e-13 9.790000e-3 6.633687e-13
FRAME CLASS-H 0x0000000053415427 14800 0.000000e0 -3.131441e-15 -3.131441e-15 -1.474485e-13 9.790000e-3 3.198612e-13
FRAME CLASS-H 0x0000000053415427 15200 0.000000e0 -2.095052e-15 -2.095052e-15 -1.309133e-13 9.790000e-3 2.139992e-13
FRAME CLASS-H 0x0000000053415427 15600 0.000000e0 -3.249440e-15 -3.249440e-15 -1.418383e-13 9.790000e-3 3.319142e-13
FRAME CLASS-H 0x0000000053415427 16000 0.000000e0 -1.713748e-15 -1.713748e-15 -1.637328e-13 9.790000e-3 1.750509e-13
FRAME CLASS-H 0x0000000053415427 16400 0.000000e0 -5.084682e-15 -5.084682e-15 -2.726882e-13 9.790000e-3 5.193751e-13
FRAME CLASS-H 0x0000000053415427 16800 0.000000e0 -6.139116e-15 -6.139116e-15 -1.282514e-13 9.790000e-3 6.270803e-13
FRAME CLASS-H 0x0000000053415427 17200 0.000000e0 -1.915338e-15 -1.915338e-15 -7.114453e-14 9.790000e-3 1.956423e-13
FRAME CLASS-H 0x0000000053415427 17600 0.000000e0 -2.926839e-15 -2.926839e-15 -9.799598e-14 9.790000e-3 2.989621e-13
FRAME CLASS-H 0x0000000053415427 18000 0.000000e0 -7.040441e-15 -7.040441e-15 -2.267033e-13 9.790000e-3 7.191462e-13
FRAME CLASS-H 0x0000000053415427 18400 0.000000e0 -4.188081e-15 -4.188081e-15 -1.455146e-13 9.790000e-3 4.277917e-13
FRAME CLASS-H 0x0000000053415427 18800 0.000000e0 -2.945724e-15 -2.945724e-15 -2.302947e-13 9.790000e-3 3.008911e-13
FRAME CLASS-H 0x0000000053415427 19200 0.000000e0 -2.463228e-15 -2.463228e-15 -2.115027e-13 9.790000e-3 2.516065e-13
FRAME CLASS-H 0x0000000053415427 19600 0.000000e0 -7.690096e-15 -7.690096e-15 -2.512567e-13 9.790000e-3 7.855052e-13
SEED CLASS-H 0x0000000053415427 20000 2.012320e-14 16448 9.790000e-3 9.790000e-4 2.055485e-11 6.450000e-5 151.7829 PASS
SEEDLADDER CLASS-H 0x0000000053415427 6.0 9.365720e-4 9.790000e-4 under
SEEDLADDER CLASS-H 0x0000000053415427 9.0 1.233068e-6 9.790000e-4 under
SEEDLADDER CLASS-H 0x0000000053415427 10.4 2.152350e-8 9.790000e-4 under
SEEDLADDER CLASS-H 0x0000000053415427 14.0 3.689761e-13 9.790000e-4 under
SEEDLADDER CLASS-H 0x0000000053415427 15.0 2.012320e-14 9.790000e-4 under
SEEDLADDER CLASS-H 0x0000000053415427 41.0 0.000000e0 9.790000e-4 under
FRAME CLASS-H 0x0000000053415428 0 0.000000e0 -4.304201e-15 -4.304201e-15 -8.606609e-14 1.360000e-2 3.164854e-13
FRAME CLASS-H 0x0000000053415428 400 0.000000e0 -6.232681e-15 -6.232681e-15 -1.616518e-13 1.360000e-2 4.582854e-13
FRAME CLASS-H 0x0000000053415428 800 0.000000e0 -3.040805e-15 -3.040805e-15 -4.632149e-14 1.360000e-2 2.235886e-13
FRAME CLASS-H 0x0000000053415428 1200 0.000000e0 -4.339987e-15 -4.339987e-15 -8.504075e-14 1.360000e-2 3.191167e-13
FRAME CLASS-H 0x0000000053415428 1600 0.000000e0 -3.567636e-15 -3.567636e-15 -1.986942e-13 1.360000e-2 2.623262e-13
FRAME CLASS-H 0x0000000053415428 2000 0.000000e0 -4.481670e-15 -4.481670e-15 -7.830772e-14 1.360000e-2 3.295346e-13
FRAME CLASS-H 0x0000000053415428 2400 0.000000e0 -8.595138e-16 -8.595138e-16 -8.595138e-16 1.360000e-2 6.319954e-14
FRAME CLASS-H 0x0000000053415428 2800 0.000000e0 -6.353869e-16 -6.353869e-16 -1.153429e-13 1.360000e-2 4.671962e-14
FRAME CLASS-H 0x0000000053415428 3200 0.000000e0 -5.562625e-15 -5.562625e-15 -1.095394e-13 1.360000e-2 4.090165e-13
FRAME CLASS-H 0x0000000053415428 3600 0.000000e0 -2.626595e-15 -2.626595e-15 -4.798083e-14 1.360000e-2 1.931320e-13
FRAME CLASS-H 0x0000000053415428 4000 0.000000e0 -1.407735e-15 -1.407735e-15 -1.174605e-13 1.360000e-2 1.035099e-13
FRAME CLASS-H 0x0000000053415428 4400 0.000000e0 -3.622779e-15 -3.622779e-15 -5.445526e-14 1.360000e-2 2.663808e-13
FRAME CLASS-H 0x0000000053415428 4800 0.000000e0 -3.642096e-15 -3.642096e-15 -1.176186e-13 1.360000e-2 2.678012e-13
FRAME CLASS-H 0x0000000053415428 5200 0.000000e0 -5.044453e-15 -5.044453e-15 -1.795491e-13 1.360000e-2 3.709157e-13
FRAME CLASS-H 0x0000000053415428 5600 0.000000e0 -7.189173e-15 -7.189173e-15 -2.326008e-13 1.360000e-2 5.286157e-13
FRAME CLASS-H 0x0000000053415428 6000 0.000000e0 -3.984630e-15 -3.984630e-15 -3.267088e-14 1.360000e-2 2.929875e-13
FRAME CLASS-H 0x0000000053415428 6400 0.000000e0 -6.390198e-16 -6.390198e-16 -1.043705e-13 1.360000e-2 4.698675e-14
FRAME CLASS-H 0x0000000053415428 6800 0.000000e0 -4.757664e-16 -4.757664e-16 -1.332507e-13 1.360000e-2 3.498282e-14
FRAME CLASS-H 0x0000000053415428 7200 0.000000e0 -6.659457e-15 -6.659457e-15 -7.851884e-14 1.360000e-2 4.896660e-13
FRAME CLASS-H 0x0000000053415428 7600 0.000000e0 -1.058396e-15 -1.058396e-15 -8.855191e-15 1.360000e-2 7.782320e-14
FRAME CLASS-H 0x0000000053415428 8000 0.000000e0 -3.531125e-15 -3.531125e-15 -2.071416e-13 1.360000e-2 2.596415e-13
FRAME CLASS-H 0x0000000053415428 8400 0.000000e0 -2.351062e-15 -2.351062e-15 -1.455565e-13 1.360000e-2 1.728722e-13
FRAME CLASS-H 0x0000000053415428 8800 0.000000e0 -1.848883e-15 -1.848883e-15 -1.648474e-13 1.360000e-2 1.359473e-13
FRAME CLASS-H 0x0000000053415428 9200 0.000000e0 -8.065625e-16 -8.065625e-16 -1.082632e-13 1.360000e-2 5.930606e-14
FRAME CLASS-H 0x0000000053415428 9600 0.000000e0 -1.039627e-14 -1.039627e-14 -2.529229e-13 1.360000e-2 7.644316e-13
FRAME CLASS-H 0x0000000053415428 10000 0.000000e0 -1.063521e-14 -1.063521e-14 -1.585693e-13 1.360000e-2 7.820010e-13
FRAME CLASS-H 0x0000000053415428 10400 0.000000e0 -6.368516e-15 -6.368516e-15 -1.535242e-13 1.360000e-2 4.682732e-13
FRAME CLASS-H 0x0000000053415428 10800 0.000000e0 -8.613272e-16 -8.613272e-16 -2.525610e-13 1.360000e-2 6.333288e-14
FRAME CLASS-H 0x0000000053415428 11200 0.000000e0 -1.211399e-15 -1.211399e-15 -9.428093e-14 1.360000e-2 8.907345e-14
FRAME CLASS-H 0x0000000053415428 11600 0.000000e0 -7.290187e-15 -7.290187e-15 -3.304140e-13 1.360000e-2 5.360431e-13
FRAME CLASS-H 0x0000000053415428 12000 0.000000e0 -2.995337e-15 -2.995337e-15 -2.207989e-13 1.360000e-2 2.202454e-13
FRAME CLASS-H 0x0000000053415428 12400 0.000000e0 -1.730386e-15 -1.730386e-15 -7.969400e-14 1.360000e-2 1.272343e-13
FRAME CLASS-H 0x0000000053415428 12800 0.000000e0 -5.176135e-15 -5.176135e-15 -2.846039e-14 1.360000e-2 3.805982e-13
FRAME CLASS-H 0x0000000053415428 13200 0.000000e0 -7.317339e-15 -7.317339e-15 -1.342936e-13 1.360000e-2 5.380396e-13
FRAME CLASS-H 0x0000000053415428 13600 0.000000e0 -2.534698e-15 -2.534698e-15 -1.172621e-13 1.360000e-2 1.863749e-13
FRAME CLASS-H 0x0000000053415428 14000 0.000000e0 -5.099909e-15 -5.099909e-15 -2.087871e-13 1.360000e-2 3.749933e-13
FRAME CLASS-H 0x0000000053415428 14400 0.000000e0 -1.561222e-15 -1.561222e-15 -7.092581e-14 1.360000e-2 1.147957e-13
FRAME CLASS-H 0x0000000053415428 14800 0.000000e0 -4.089432e-16 -4.089432e-16 -1.637467e-13 1.360000e-2 3.006936e-14
FRAME CLASS-H 0x0000000053415428 15200 0.000000e0 -2.128234e-15 -2.128234e-15 -6.471650e-14 1.360000e-2 1.564878e-13
FRAME CLASS-H 0x0000000053415428 15600 0.000000e0 -4.022061e-15 -4.022061e-15 -1.809909e-13 1.360000e-2 2.957398e-13
FRAME CLASS-H 0x0000000053415428 16000 0.000000e0 -1.258352e-15 -1.258352e-15 -1.615506e-13 1.360000e-2 9.252588e-14
FRAME CLASS-H 0x0000000053415428 16400 0.000000e0 -4.907005e-16 -4.907005e-16 -1.743980e-13 1.360000e-2 3.608092e-14
FRAME CLASS-H 0x0000000053415428 16800 0.000000e0 -5.250777e-15 -5.250777e-15 -2.535398e-13 1.360000e-2 3.860865e-13
FRAME CLASS-H 0x0000000053415428 17200 0.000000e0 -4.358309e-17 -4.358309e-17 -1.072376e-13 1.360000e-2 3.204639e-15
FRAME CLASS-H 0x0000000053415428 17600 0.000000e0 -5.048651e-17 -5.048651e-17 -9.256664e-14 1.360000e-2 3.712243e-15
FRAME CLASS-H 0x0000000053415428 18000 0.000000e0 -4.370957e-15 -4.370957e-15 -8.836206e-14 1.360000e-2 3.213939e-13
FRAME CLASS-H 0x0000000053415428 18400 0.000000e0 -1.209823e-15 -1.209823e-15 -1.036619e-13 1.360000e-2 8.895760e-14
FRAME CLASS-H 0x0000000053415428 18800 0.000000e0 -1.665016e-15 -1.665016e-15 -1.744973e-13 1.360000e-2 1.224276e-13
FRAME CLASS-H 0x0000000053415428 19200 0.000000e0 -4.270071e-19 -4.270071e-19 -1.202234e-13 1.360000e-2 3.139758e-17
FRAME CLASS-H 0x0000000053415428 19600 0.000000e0 -4.167301e-15 -4.167301e-15 -5.579661e-14 1.360000e-2 3.064192e-13
SEED CLASS-H 0x0000000053415428 20000 1.849504e-14 6887 1.360000e-2 1.360000e-3 1.359929e-11 6.800000e-5 200.0000 PASS
SEEDLADDER CLASS-H 0x0000000053415428 6.0 1.016503e-3 1.360000e-3 under
SEEDLADDER CLASS-H 0x0000000053415428 9.0 1.309300e-6 1.360000e-3 under
SEEDLADDER CLASS-H 0x0000000053415428 10.4 2.289638e-8 1.360000e-3 under
SEEDLADDER CLASS-H 0x0000000053415428 14.0 3.456799e-13 1.360000e-3 under
SEEDLADDER CLASS-H 0x0000000053415428 15.0 1.849504e-14 1.360000e-3 under
SEEDLADDER CLASS-H 0x0000000053415428 41.0 0.000000e0 1.360000e-3 under
# ---- GATES, CLASS-H ----
LADDER CLASS-H 6.0 1.654100e-4 1.194844e-3
LADDER CLASS-H 9.0 2.932972e-7 1.543524e-6
LADDER CLASS-H 10.4 4.560080e-9 2.666497e-8
LADDER CLASS-H 14.0 7.242175e-14 4.525927e-13
LADDER CLASS-H 15.0 3.412073e-15 2.073722e-14
LADDER CLASS-H 41.0 0.000000e0 0.000000e0
FENCE CLASS-H E_tail_mean -3.412073e-15 E_tail_pow6_mean -5.018870e-9 E_tail_pow3_mean -2.703069e-8
FENCEMAX CLASS-H E_tail_max 2.073722e-14 E_tail_pow6_max 1.165985e-8 E_tail_pow3_max 5.042154e-8
# max pair separation seen: 37.8711 bohr (zero control sits at 41.0)
SWITCHMAX CLASS-H max|E_switch(c*)| 5.233315e-13 at seed 0x0000000053415422 frame 16072 (ratio to max|E_hard(c*)| = 25.24)
GATE G1 CLASS-H PASS (seeds failing: 0)
GATE G2 CLASS-H PASS (curves failing: 0)
GATE G3 CLASS-H refusals 0 of 9 files hashed
GATE G4 CLASS-H PASS (frames scored: 160000, floor 50)
GATE G5 CLASS-H PASS (monotonicity violations: 0)
GATE G6 CLASS-H PASS (max |E_hard(41.0)| = 0.000e0, EXACT 0.0 required)
GATE G7 CLASS-H PASS (frames with a nonempty beyond-c* population: 160000/160000 = 1.0000)
GATE PRICE CLASS-H PASS (setup 1.3 s, floor 0 s)
VERDICT CLASS-H NEGLIGIBLE — branch (a) | worst frame: seed 0x0000000053415425 frame 12376 at |E_hard(c*)| = 2.073722e-14 Ha | LOWER BOUND: past the table's last knot the curve is an exponential while the true tail is a power law, so the discard is at least this and never at most this.
