# longrange_audit — GANTT B1, freeze conformance/water_observatory/LONGRANGE_PREREG.md
# class = CLASS-MIX-FENCED   arm dir = fenced
# traj root = /home/emoore/holon-artifacts/census-traj
# manifest  = conformance/water_observatory/census_traj_manifest.sha256
# manifest sha256 = 61aca9458a2909661363ef4bbbbdc175816671d221bd59eed84d38516af5a382
# ADMITTED fenced.log  sha256 a790fbcc5602e61d5e2fb86ec064fb1ced5debd9b5a34ee418395cb8270167d7
# curve H-H: 96 knots, R_e = 1.3887 bohr, D_e = 0.204142 Ha, worst residual 8.7e-11, r_max = 10.2400 bohr, 1.8 s
# GATE G2 H-H: PASS  dR_e 6.0e-6 (<= 1e-4)  dD_e 3.5e-7 (<= 1e-6)  residual x1.00 (within 2x)
# curve O-H: 96 knots, R_e = 1.9909 bohr, D_e = 0.122901 Ha, worst residual 9.9e-11, r_max = 10.2400 bohr, 20.4 s
# GATE G2 O-H: PASS  dR_e 2.7e-5 (<= 1e-4)  dD_e 7.2e-8 (<= 1e-6)  residual x1.00 (within 2x)
# curve O-O: 96 knots, R_e = 2.4421 bohr, D_e = 0.147621 Ha, worst residual 4.8e-6, r_max = 20.0000 bohr, 999.3 s
# GATE G2 O-O: PASS  dR_e 2.0e-5 (<= 1e-4)  dD_e 1.4e-7 (<= 1e-6)  residual x1.78 (within 2x)
# GATE PRICE CLASS-MIX-FENCED: setup 1021.5 s against floor 1200 s — REFUSED (the curve was not generated)
# parked .traj files in /home/emoore/holon-artifacts/census-traj/fenced: 8
# ADMITTED fenced/seed_0x0000000053415421.traj  sha256 0441aeef8797d37e22e842ec577194d0649a2dbfbd08bafa064a902e79e6cb02
# ADMITTED fenced/seed_0x0000000053415422.traj  sha256 020c342784f6720d80e374d247b90412914052f79d385056062a683031759351
# ADMITTED fenced/seed_0x0000000053415423.traj  sha256 035e1950cb7b222dbe8b3f471bf1fbb68218f906a2bc16aef0dad1f7370a01fe
# ADMITTED fenced/seed_0x0000000053415424.traj  sha256 d22bde01fb3df238f0079f14548c4dc9d52dedf70119c73ee553bd264e3eaf65
# ADMITTED fenced/seed_0x0000000053415425.traj  sha256 0a576fe10e589469a26ce61206bd813bb211861612768227cb307ce8c357a619
# ADMITTED fenced/seed_0x0000000053415426.traj  sha256 5cc80583f760118933b2cb999cc0c9ede04cc7e2af2045fa78e3621d01568fab
# ADMITTED fenced/seed_0x0000000053415427.traj  sha256 b4cb069b0be1986f219e12aaae25e54b40f23d72733005cd8bfac955acb77518
# ADMITTED fenced/seed_0x0000000053415428.traj  sha256 e62c326283d4fc82da00c473d2bf26ddd5d318f0bb9e09b64968d7d347e0bdee
# admitted 8 of 8 parked files; refusals 0
# curve slot z1-z1 = 0, r_max = 10.2400 bohr, u(r_max) = -6.272736e-9 Ha
# curve slot z1-z8 = 1, r_max = 10.2400 bohr, u(r_max) = -1.645191e-10 Ha
# curve slot z8-z1 = 1, r_max = 10.2400 bohr, u(r_max) = -1.645191e-10 Ha
# curve slot z8-z8 = 3, r_max = 20.0000 bohr, u(r_max) = -6.641237e-7 Ha
# PLANT P2 carrier: u_ab(16) = -2.028788e-6 Ha
# PLANT P2: r_01 9.7923 -> 16.0000 bohr | target-pair change -2.028788129e-6 | other pairs of the displaced atom 1.359619962e-6 | predicted -6.691681669e-7 | measured -6.691681669e-7 | relative 9.493e-16
GATE G8 PLANT-P2 PASS — the plant fired and the estimator's bookkeeping matches (relative 9.493e-16 against 1e-12)
# ladder (bohr): [6.0, 9.0, 10.4, 14.0, 15.0, 41.0]   c* = 15 bohr   stride = 400
COLUMNS FRAME class seed frame E_band E_tail E_hard E_switch bound ratio_to_bound
FRAME CLASS-MIX-FENCED 0x0000000053415421 0 -2.625079e-6 -1.133875e-7 -2.738467e-6 -2.738467e-6 2.040000e1 1.342386e-7
FRAME CLASS-MIX-FENCED 0x0000000053415421 400 0.000000e0 -1.740104e-7 -1.740104e-7 -3.592673e-6 2.040000e1 8.529921e-9
FRAME CLASS-MIX-FENCED 0x0000000053415421 800 0.000000e0 -1.804901e-7 -1.804901e-7 -3.407832e-6 2.040000e1 8.847553e-9
FRAME CLASS-MIX-FENCED 0x0000000053415421 1200 0.000000e0 -1.887775e-7 -1.887775e-7 -2.936373e-6 2.040000e1 9.253797e-9
FRAME CLASS-MIX-FENCED 0x0000000053415421 1600 0.000000e0 -2.023021e-7 -2.023021e-7 -2.530092e-6 2.040000e1 9.916771e-9
FRAME CLASS-MIX-FENCED 0x0000000053415421 2000 0.000000e0 -2.251130e-7 -2.251130e-7 -1.304073e-6 2.040000e1 1.103495e-8
FRAME CLASS-MIX-FENCED 0x0000000053415421 2400 0.000000e0 -2.556849e-7 -2.556849e-7 -8.652018e-7 2.040000e1 1.253357e-8
FRAME CLASS-MIX-FENCED 0x0000000053415421 2800 0.000000e0 -3.023276e-7 -3.023276e-7 -7.796358e-7 2.040000e1 1.481998e-8
FRAME CLASS-MIX-FENCED 0x0000000053415421 3200 0.000000e0 -3.803018e-7 -3.803018e-7 -6.934896e-7 2.040000e1 1.864225e-8
FRAME CLASS-MIX-FENCED 0x0000000053415421 3600 0.000000e0 -5.147921e-7 -5.147921e-7 -8.184882e-7 2.040000e1 2.523491e-8
FRAME CLASS-MIX-FENCED 0x0000000053415421 4000 -7.991349e-7 -4.708442e-16 -7.991349e-7 -1.473905e-6 2.040000e1 3.917328e-8
FRAME CLASS-MIX-FENCED 0x0000000053415421 4400 -1.831950e-6 -7.740248e-16 -1.831950e-6 -4.658434e-6 2.040000e1 8.980149e-8
FRAME CLASS-MIX-FENCED 0x0000000053415421 4800 -2.719866e-6 -1.422916e-15 -2.719866e-6 -5.682088e-6 2.040000e1 1.333268e-7
FRAME CLASS-MIX-FENCED 0x0000000053415421 5200 -2.778113e-6 -3.193392e-15 -2.778113e-6 -5.504714e-6 2.040000e1 1.361820e-7
FRAME CLASS-MIX-FENCED 0x0000000053415421 5600 -2.777958e-6 -1.379565e-15 -2.777958e-6 -5.146395e-6 2.040000e1 1.361744e-7
FRAME CLASS-MIX-FENCED 0x0000000053415421 6000 0.000000e0 -1.833687e-15 -1.833687e-15 -5.013853e-6 2.040000e1 8.988662e-17
FRAME CLASS-MIX-FENCED 0x0000000053415421 6400 0.000000e0 -4.931628e-15 -4.931628e-15 -4.099617e-6 2.040000e1 2.417465e-16
FRAME CLASS-MIX-FENCED 0x0000000053415421 6800 0.000000e0 -5.443956e-15 -5.443956e-15 -9.212981e-7 2.040000e1 2.668606e-16
FRAME CLASS-MIX-FENCED 0x0000000053415421 7200 0.000000e0 -1.380256e-18 -1.380256e-18 -1.066563e-13 2.040000e1 6.765963e-20
FRAME CLASS-MIX-FENCED 0x0000000053415421 7600 0.000000e0 -1.570793e-15 -1.570793e-15 -7.660479e-14 2.040000e1 7.699968e-17
FRAME CLASS-MIX-FENCED 0x0000000053415421 8000 0.000000e0 -7.359232e-16 -7.359232e-16 -2.114532e-15 2.040000e1 3.607467e-17
FRAME CLASS-MIX-FENCED 0x0000000053415421 8400 0.000000e0 -8.550369e-16 -8.550369e-16 -6.443000e-14 2.040000e1 4.191358e-17
FRAME CLASS-MIX-FENCED 0x0000000053415421 8800 0.000000e0 -6.577307e-16 -6.577307e-16 -6.733527e-14 2.040000e1 3.224170e-17
FRAME CLASS-MIX-FENCED 0x0000000053415421 9200 0.000000e0 -2.077132e-18 -2.077132e-18 -3.789245e-14 2.040000e1 1.018202e-19
FRAME CLASS-MIX-FENCED 0x0000000053415421 9600 0.000000e0 -7.421510e-16 -7.421510e-16 -7.845907e-14 2.040000e1 3.637995e-17
FRAME CLASS-MIX-FENCED 0x0000000053415421 10000 0.000000e0 -3.428957e-15 -3.428957e-15 -1.254033e-7 2.040000e1 1.680861e-16
FRAME CLASS-MIX-FENCED 0x0000000053415421 10400 0.000000e0 -5.390577e-20 -5.390577e-20 -2.708193e-6 2.040000e1 2.642440e-21
FRAME CLASS-MIX-FENCED 0x0000000053415421 10800 0.000000e0 -1.337121e-17 -1.337121e-17 -3.370167e-6 2.040000e1 6.554512e-19
FRAME CLASS-MIX-FENCED 0x0000000053415421 11200 -4.388280e-6 -3.912720e-15 -4.388280e-6 -5.302799e-6 2.040000e1 2.151118e-7
FRAME CLASS-MIX-FENCED 0x0000000053415421 11600 -4.835396e-6 -9.182464e-16 -4.835396e-6 -4.835396e-6 2.040000e1 2.370292e-7
FRAME CLASS-MIX-FENCED 0x0000000053415421 12000 -4.136450e-6 -1.268337e-15 -4.136450e-6 -4.136450e-6 2.040000e1 2.027672e-7
FRAME CLASS-MIX-FENCED 0x0000000053415421 12400 -3.904736e-6 -3.676825e-16 -3.904736e-6 -3.904736e-6 2.040000e1 1.914086e-7
FRAME CLASS-MIX-FENCED 0x0000000053415421 12800 -7.791239e-7 -9.597678e-7 -1.738892e-6 -1.738892e-6 2.040000e1 8.523979e-8
FRAME CLASS-MIX-FENCED 0x0000000053415421 13200 0.000000e0 -7.355315e-7 -7.355315e-7 -7.355315e-7 2.040000e1 3.605547e-8
FRAME CLASS-MIX-FENCED 0x0000000053415421 13600 0.000000e0 -3.449455e-7 -3.449455e-7 -3.449456e-7 2.040000e1 1.690909e-8
FRAME CLASS-MIX-FENCED 0x0000000053415421 14000 0.000000e0 -8.044764e-7 -8.044764e-7 -8.044765e-7 2.040000e1 3.943512e-8
FRAME CLASS-MIX-FENCED 0x0000000053415421 14400 -1.893961e-6 -5.728076e-7 -2.466769e-6 -2.466769e-6 2.040000e1 1.209200e-7
FRAME CLASS-MIX-FENCED 0x0000000053415421 14800 -4.370772e-6 -4.016938e-16 -4.370772e-6 -5.198821e-6 2.040000e1 2.142535e-7
FRAME CLASS-MIX-FENCED 0x0000000053415421 15200 -2.400298e-6 -1.074579e-15 -2.400298e-6 -5.426833e-6 2.040000e1 1.176616e-7
FRAME CLASS-MIX-FENCED 0x0000000053415421 15600 -2.281650e-6 -1.791301e-17 -2.281650e-6 -5.268051e-6 2.040000e1 1.118456e-7
FRAME CLASS-MIX-FENCED 0x0000000053415421 16000 0.000000e0 -1.217783e-16 -1.217783e-16 -4.731330e-14 2.040000e1 5.969523e-18
FRAME CLASS-MIX-FENCED 0x0000000053415421 16400 0.000000e0 -8.645680e-17 -8.645680e-17 -1.306239e-6 2.040000e1 4.238079e-18
FRAME CLASS-MIX-FENCED 0x0000000053415421 16800 -3.522228e-6 -1.656583e-15 -3.522228e-6 -3.522228e-6 2.040000e1 1.726583e-7
FRAME CLASS-MIX-FENCED 0x0000000053415421 17200 0.000000e0 -7.441290e-7 -7.441290e-7 -7.441290e-7 2.040000e1 3.647691e-8
FRAME CLASS-MIX-FENCED 0x0000000053415421 17600 -7.157558e-7 -1.007418e-6 -1.723174e-6 -1.723174e-6 2.040000e1 8.446932e-8
FRAME CLASS-MIX-FENCED 0x0000000053415421 18000 -1.710171e-6 -4.975906e-7 -2.207762e-6 -2.207762e-6 2.040000e1 1.082236e-7
FRAME CLASS-MIX-FENCED 0x0000000053415421 18400 0.000000e0 -3.026447e-15 -3.026447e-15 -2.852916e-6 2.040000e1 1.483552e-16
FRAME CLASS-MIX-FENCED 0x0000000053415421 18800 0.000000e0 -1.176050e-15 -1.176050e-15 -7.416403e-14 2.040000e1 5.764952e-17
FRAME CLASS-MIX-FENCED 0x0000000053415421 19200 0.000000e0 -1.772199e-15 -1.772199e-15 -1.149511e-13 2.040000e1 8.687252e-17
FRAME CLASS-MIX-FENCED 0x0000000053415421 19600 0.000000e0 -1.900493e-15 -1.900493e-15 -8.310600e-14 2.040000e1 9.316140e-17
SEED CLASS-MIX-FENCED 0x0000000053415421 20000 6.068053e-6 18218 2.040000e1 2.040000e0 2.974536e-6 1.500000e-4 136000.0000 PASS
SEEDLADDER CLASS-MIX-FENCED 0x0000000053415421 6.0 6.607193e-4 2.040000e0 under
SEEDLADDER CLASS-MIX-FENCED 0x0000000053415421 9.0 6.718021e-5 2.040000e0 under
SEEDLADDER CLASS-MIX-FENCED 0x0000000053415421 10.4 3.906742e-5 2.040000e0 under
SEEDLADDER CLASS-MIX-FENCED 0x0000000053415421 14.0 8.306759e-6 2.040000e0 under
SEEDLADDER CLASS-MIX-FENCED 0x0000000053415421 15.0 6.068053e-6 2.040000e0 under
SEEDLADDER CLASS-MIX-FENCED 0x0000000053415421 41.0 0.000000e0 2.040000e0 under
FRAME CLASS-MIX-FENCED 0x0000000053415422 0 -2.448674e-6 -1.649248e-7 -2.613599e-6 -2.613599e-6 8.850000e0 2.953219e-7
FRAME CLASS-MIX-FENCED 0x0000000053415422 400 0.000000e0 -7.174806e-7 -7.174806e-7 -4.714540e-6 8.850000e0 8.107125e-8
FRAME CLASS-MIX-FENCED 0x0000000053415422 800 0.000000e0 -7.108780e-7 -7.108780e-7 -4.023929e-6 8.850000e0 8.032519e-8
FRAME CLASS-MIX-FENCED 0x0000000053415422 1200 0.000000e0 -7.153473e-7 -7.153473e-7 -3.687068e-6 8.850000e0 8.083021e-8
FRAME CLASS-MIX-FENCED 0x0000000053415422 1600 0.000000e0 -7.287679e-7 -7.287679e-7 -3.281639e-6 8.850000e0 8.234666e-8
FRAME CLASS-MIX-FENCED 0x0000000053415422 2000 0.000000e0 -7.525060e-7 -7.525060e-7 -2.805613e-6 8.850000e0 8.502893e-8
FRAME CLASS-MIX-FENCED 0x0000000053415422 2400 0.000000e0 -7.934510e-7 -7.934510e-7 -2.023559e-6 8.850000e0 8.965548e-8
FRAME CLASS-MIX-FENCED 0x0000000053415422 2800 0.000000e0 -8.536960e-7 -8.536960e-7 -1.348664e-6 8.850000e0 9.646282e-8
FRAME CLASS-MIX-FENCED 0x0000000053415422 3200 0.000000e0 -9.427965e-7 -9.427965e-7 -9.462873e-7 8.850000e0 1.065307e-7
FRAME CLASS-MIX-FENCED 0x0000000053415422 3600 0.000000e0 -1.068671e-6 -1.068671e-6 -1.068671e-6 8.850000e0 1.207538e-7
FRAME CLASS-MIX-FENCED 0x0000000053415422 4000 -7.272743e-7 -5.389297e-7 -1.266204e-6 -1.266204e-6 8.850000e0 1.430739e-7
FRAME CLASS-MIX-FENCED 0x0000000053415422 4400 -1.475178e-6 -2.409918e-19 -1.475178e-6 -1.475178e-6 8.850000e0 1.666868e-7
FRAME CLASS-MIX-FENCED 0x0000000053415422 4800 -1.785210e-6 -2.170005e-16 -1.785210e-6 -1.785210e-6 8.850000e0 2.017186e-7
FRAME CLASS-MIX-FENCED 0x0000000053415422 5200 -2.167826e-6 -2.460705e-15 -2.167826e-6 -2.167827e-6 8.850000e0 2.449521e-7
FRAME CLASS-MIX-FENCED 0x0000000053415422 5600 -3.071015e-6 -3.164414e-15 -3.071015e-6 -3.071015e-6 8.850000e0 3.470073e-7
FRAME CLASS-MIX-FENCED 0x0000000053415422 6000 -2.545431e-6 -1.152076e-15 -2.545431e-6 -5.294866e-6 8.850000e0 2.876193e-7
FRAME CLASS-MIX-FENCED 0x0000000053415422 6400 -1.983942e-6 -3.378298e-15 -1.983942e-6 -4.953623e-6 8.850000e0 2.241742e-7
FRAME CLASS-MIX-FENCED 0x0000000053415422 6800 -2.609911e-6 -5.180671e-15 -2.609911e-6 -2.609911e-6 8.850000e0 2.949052e-7
FRAME CLASS-MIX-FENCED 0x0000000053415422 7200 -3.694706e-6 -6.143368e-7 -4.309043e-6 -5.180695e-6 8.850000e0 4.868975e-7
FRAME CLASS-MIX-FENCED 0x0000000053415422 7600 -3.080706e-6 -5.395884e-7 -3.620294e-6 -3.620295e-6 8.850000e0 4.090728e-7
FRAME CLASS-MIX-FENCED 0x0000000053415422 8000 -1.780926e-6 -9.430780e-7 -2.724004e-6 -2.724004e-6 8.850000e0 3.077970e-7
FRAME CLASS-MIX-FENCED 0x0000000053415422 8400 -8.073558e-7 -1.219657e-6 -2.027013e-6 -2.027013e-6 8.850000e0 2.290410e-7
FRAME CLASS-MIX-FENCED 0x0000000053415422 8800 0.000000e0 -1.337407e-6 -1.337407e-6 -1.337407e-6 8.850000e0 1.511195e-7
FRAME CLASS-MIX-FENCED 0x0000000053415422 9200 0.000000e0 -6.994049e-7 -6.994049e-7 -6.994051e-7 8.850000e0 7.902880e-8
FRAME CLASS-MIX-FENCED 0x0000000053415422 9600 0.000000e0 -3.659093e-7 -3.659093e-7 -3.659094e-7 8.850000e0 4.134568e-8
FRAME CLASS-MIX-FENCED 0x0000000053415422 10000 0.000000e0 -3.539225e-7 -3.539225e-7 -3.539226e-7 8.850000e0 3.999125e-8
FRAME CLASS-MIX-FENCED 0x0000000053415422 10400 0.000000e0 -6.825696e-7 -6.825696e-7 -6.825696e-7 8.850000e0 7.712650e-8
FRAME CLASS-MIX-FENCED 0x0000000053415422 10800 0.000000e0 -1.464806e-6 -1.464806e-6 -1.464806e-6 8.850000e0 1.655148e-7
FRAME CLASS-MIX-FENCED 0x0000000053415422 11200 -1.729586e-6 -1.106130e-6 -2.835716e-6 -2.835716e-6 8.850000e0 3.204198e-7
FRAME CLASS-MIX-FENCED 0x0000000053415422 11600 -5.747507e-6 -4.421326e-15 -5.747507e-6 -5.747507e-6 8.850000e0 6.494359e-7
FRAME CLASS-MIX-FENCED 0x0000000053415422 12000 -5.770173e-6 -2.201672e-17 -5.770173e-6 -6.970600e-6 8.850000e0 6.519969e-7
FRAME CLASS-MIX-FENCED 0x0000000053415422 12400 -6.477610e-6 -3.765272e-15 -6.477610e-6 -7.832231e-6 8.850000e0 7.319334e-7
FRAME CLASS-MIX-FENCED 0x0000000053415422 12800 -4.079239e-6 -3.129256e-17 -4.079239e-6 -7.720550e-6 8.850000e0 4.609310e-7
FRAME CLASS-MIX-FENCED 0x0000000053415422 13200 -1.800874e-6 -2.427403e-18 -1.800874e-6 -6.307614e-6 8.850000e0 2.034886e-7
FRAME CLASS-MIX-FENCED 0x0000000053415422 13600 0.000000e0 -1.197524e-16 -1.197524e-16 -6.464262e-14 8.850000e0 1.353135e-17
FRAME CLASS-MIX-FENCED 0x0000000053415422 14000 0.000000e0 -8.093243e-21 -8.093243e-21 -8.093243e-21 8.850000e0 9.144907e-22
FRAME CLASS-MIX-FENCED 0x0000000053415422 14400 0.000000e0 -5.995028e-16 -5.995028e-16 -1.034065e-13 8.850000e0 6.774043e-17
FRAME CLASS-MIX-FENCED 0x0000000053415422 14800 0.000000e0 -5.592701e-18 -5.592701e-18 -4.947013e-8 8.850000e0 6.319436e-19
FRAME CLASS-MIX-FENCED 0x0000000053415422 15200 0.000000e0 -1.340942e-16 -1.340942e-16 -1.479072e-16 8.850000e0 1.515188e-17
FRAME CLASS-MIX-FENCED 0x0000000053415422 15600 0.000000e0 -8.053674e-16 -8.053674e-16 -6.544293e-14 8.850000e0 9.100196e-17
FRAME CLASS-MIX-FENCED 0x0000000053415422 16000 0.000000e0 -7.737608e-16 -7.737608e-16 -1.969513e-6 8.850000e0 8.743060e-17
FRAME CLASS-MIX-FENCED 0x0000000053415422 16400 0.000000e0 -1.909700e-17 -1.909700e-17 -1.019352e-6 8.850000e0 2.157853e-18
FRAME CLASS-MIX-FENCED 0x0000000053415422 16800 0.000000e0 -3.701806e-20 -3.701806e-20 -1.572095e-13 8.850000e0 4.182832e-21
FRAME CLASS-MIX-FENCED 0x0000000053415422 17200 0.000000e0 -4.121408e-15 -4.121408e-15 -4.970495e-14 8.850000e0 4.656958e-16
FRAME CLASS-MIX-FENCED 0x0000000053415422 17600 0.000000e0 -1.058290e-16 -1.058290e-16 -2.003998e-16 8.850000e0 1.195808e-17
FRAME CLASS-MIX-FENCED 0x0000000053415422 18000 0.000000e0 -1.460000e-15 -1.460000e-15 -4.823528e-14 8.850000e0 1.649717e-16
FRAME CLASS-MIX-FENCED 0x0000000053415422 18400 0.000000e0 -1.077446e-15 -1.077446e-15 -1.087132e-13 8.850000e0 1.217453e-16
FRAME CLASS-MIX-FENCED 0x0000000053415422 18800 0.000000e0 -4.810541e-15 -4.810541e-15 -4.532604e-14 8.850000e0 5.435639e-16
FRAME CLASS-MIX-FENCED 0x0000000053415422 19200 0.000000e0 -3.872053e-16 -3.872053e-16 -7.765262e-14 8.850000e0 4.375202e-17
FRAME CLASS-MIX-FENCED 0x0000000053415422 19600 -2.637346e-6 -9.310063e-16 -2.637346e-6 -3.686997e-6 8.850000e0 2.980052e-7
SEED CLASS-MIX-FENCED 0x0000000053415422 20000 7.455787e-6 11762 8.850000e0 8.850000e-1 8.424618e-6 4.800000e-5 184375.0000 PASS
SEEDLADDER CLASS-MIX-FENCED 0x0000000053415422 6.0 9.319969e-4 8.850000e-1 under
SEEDLADDER CLASS-MIX-FENCED 0x0000000053415422 9.0 1.052265e-4 8.850000e-1 under
SEEDLADDER CLASS-MIX-FENCED 0x0000000053415422 10.4 5.233803e-5 8.850000e-1 under
SEEDLADDER CLASS-MIX-FENCED 0x0000000053415422 14.0 1.151075e-5 8.850000e-1 under
SEEDLADDER CLASS-MIX-FENCED 0x0000000053415422 15.0 7.455787e-6 8.850000e-1 under
SEEDLADDER CLASS-MIX-FENCED 0x0000000053415422 41.0 0.000000e0 8.850000e-1 under
FRAME CLASS-MIX-FENCED 0x0000000053415423 0 -2.791623e-6 -1.575492e-7 -2.949173e-6 -2.949173e-6 1.580000e0 1.866565e-6
FRAME CLASS-MIX-FENCED 0x0000000053415423 400 -2.476948e-6 -6.867560e-7 -3.163704e-6 -4.291658e-6 1.580000e0 2.002344e-6
FRAME CLASS-MIX-FENCED 0x0000000053415423 800 -2.233953e-6 -7.998070e-8 -2.313933e-6 -2.313933e-6 1.580000e0 1.464515e-6
FRAME CLASS-MIX-FENCED 0x0000000053415423 1200 -2.301006e-6 -8.150276e-8 -2.382509e-6 -2.382509e-6 1.580000e0 1.507917e-6
FRAME CLASS-MIX-FENCED 0x0000000053415423 1600 -2.461353e-6 -8.404446e-8 -2.545397e-6 -2.545398e-6 1.580000e0 1.611011e-6
FRAME CLASS-MIX-FENCED 0x0000000053415423 2000 -4.257413e-6 -6.718750e-8 -4.324600e-6 -7.270347e-6 1.580000e0 2.737089e-6
FRAME CLASS-MIX-FENCED 0x0000000053415423 2400 -8.233240e-7 -4.782084e-7 -1.301532e-6 -1.780016e-6 1.580000e0 8.237547e-7
FRAME CLASS-MIX-FENCED 0x0000000053415423 2800 0.000000e0 -7.335663e-7 -7.335663e-7 -7.335663e-7 1.580000e0 4.642824e-7
FRAME CLASS-MIX-FENCED 0x0000000053415423 3200 0.000000e0 -5.203737e-7 -5.203737e-7 -5.203738e-7 1.580000e0 3.293504e-7
FRAME CLASS-MIX-FENCED 0x0000000053415423 3600 0.000000e0 -4.603082e-7 -4.603082e-7 -4.603083e-7 1.580000e0 2.913343e-7
FRAME CLASS-MIX-FENCED 0x0000000053415423 4000 0.000000e0 -4.302262e-7 -4.302262e-7 -4.302263e-7 1.580000e0 2.722951e-7
FRAME CLASS-MIX-FENCED 0x0000000053415423 4400 0.000000e0 -3.780317e-7 -3.780317e-7 -3.780317e-7 1.580000e0 2.392605e-7
FRAME CLASS-MIX-FENCED 0x0000000053415423 4800 0.000000e0 -3.223979e-7 -3.223979e-7 -3.223979e-7 1.580000e0 2.040493e-7
FRAME CLASS-MIX-FENCED 0x0000000053415423 5200 0.000000e0 -3.441911e-7 -3.441911e-7 -3.441912e-7 1.580000e0 2.178425e-7
FRAME CLASS-MIX-FENCED 0x0000000053415423 5600 0.000000e0 -3.315967e-7 -3.315967e-7 -3.315968e-7 1.580000e0 2.098713e-7
FRAME CLASS-MIX-FENCED 0x0000000053415423 6000 0.000000e0 -3.764559e-7 -3.764559e-7 -3.764559e-7 1.580000e0 2.382632e-7
FRAME CLASS-MIX-FENCED 0x0000000053415423 6400 0.000000e0 -6.694415e-7 -6.694415e-7 -6.694415e-7 1.580000e0 4.236971e-7
FRAME CLASS-MIX-FENCED 0x0000000053415423 6800 0.000000e0 -8.526904e-7 -8.526904e-7 -8.526905e-7 1.580000e0 5.396775e-7
FRAME CLASS-MIX-FENCED 0x0000000053415423 7200 -7.206313e-7 -1.005826e-6 -1.726458e-6 -1.726458e-6 1.580000e0 1.092695e-6
FRAME CLASS-MIX-FENCED 0x0000000053415423 7600 -1.831949e-6 -6.539271e-7 -2.485876e-6 -2.485877e-6 1.580000e0 1.573340e-6
FRAME CLASS-MIX-FENCED 0x0000000053415423 8000 0.000000e0 -1.622439e-6 -1.622439e-6 -1.622439e-6 1.580000e0 1.026860e-6
FRAME CLASS-MIX-FENCED 0x0000000053415423 8400 0.000000e0 -9.567904e-7 -9.567904e-7 -9.567904e-7 1.580000e0 6.055636e-7
FRAME CLASS-MIX-FENCED 0x0000000053415423 8800 0.000000e0 -4.837104e-7 -4.837104e-7 -4.837105e-7 1.580000e0 3.061459e-7
FRAME CLASS-MIX-FENCED 0x0000000053415423 9200 0.000000e0 -1.831696e-7 -1.831696e-7 -1.831696e-7 1.580000e0 1.159301e-7
FRAME CLASS-MIX-FENCED 0x0000000053415423 9600 0.000000e0 -8.695086e-8 -8.695086e-8 -8.695097e-8 1.580000e0 5.503219e-8
FRAME CLASS-MIX-FENCED 0x0000000053415423 10000 0.000000e0 -1.378570e-7 -1.378570e-7 -1.378570e-7 1.580000e0 8.725125e-8
FRAME CLASS-MIX-FENCED 0x0000000053415423 10400 0.000000e0 -1.755966e-7 -1.755966e-7 -1.755966e-7 1.580000e0 1.111371e-7
FRAME CLASS-MIX-FENCED 0x0000000053415423 10800 0.000000e0 -6.498567e-7 -6.498567e-7 -6.498568e-7 1.580000e0 4.113017e-7
FRAME CLASS-MIX-FENCED 0x0000000053415423 11200 -3.701098e-6 -4.615406e-16 -3.701098e-6 -3.701098e-6 1.580000e0 2.342467e-6
FRAME CLASS-MIX-FENCED 0x0000000053415423 11600 0.000000e0 -5.972303e-16 -5.972303e-16 -2.068318e-6 1.580000e0 3.779938e-16
FRAME CLASS-MIX-FENCED 0x0000000053415423 12000 0.000000e0 -4.410806e-15 -4.410806e-15 -2.865304e-8 1.580000e0 2.791649e-15
FRAME CLASS-MIX-FENCED 0x0000000053415423 12400 -4.137059e-6 -3.376914e-17 -4.137059e-6 -7.152618e-6 1.580000e0 2.618392e-6
FRAME CLASS-MIX-FENCED 0x0000000053415423 12800 -8.112765e-7 -9.806211e-7 -1.791898e-6 -1.791898e-6 1.580000e0 1.134112e-6
FRAME CLASS-MIX-FENCED 0x0000000053415423 13200 0.000000e0 -1.287379e-6 -1.287379e-6 -1.287379e-6 1.580000e0 8.147971e-7
FRAME CLASS-MIX-FENCED 0x0000000053415423 13600 0.000000e0 -6.726911e-7 -6.726911e-7 -6.726912e-7 1.580000e0 4.257539e-7
FRAME CLASS-MIX-FENCED 0x0000000053415423 14000 0.000000e0 -1.160485e-6 -1.160485e-6 -1.160485e-6 1.580000e0 7.344840e-7
FRAME CLASS-MIX-FENCED 0x0000000053415423 14400 -3.988248e-6 -3.182014e-15 -3.988248e-6 -6.482089e-6 1.580000e0 2.524207e-6
FRAME CLASS-MIX-FENCED 0x0000000053415423 14800 0.000000e0 -8.619451e-19 -8.619451e-19 -1.072557e-13 1.580000e0 5.455349e-19
FRAME CLASS-MIX-FENCED 0x0000000053415423 15200 0.000000e0 -7.077233e-17 -7.077233e-17 -4.461159e-14 1.580000e0 4.479261e-17
FRAME CLASS-MIX-FENCED 0x0000000053415423 15600 0.000000e0 -2.423805e-15 -2.423805e-15 -2.795824e-15 1.580000e0 1.534054e-15
FRAME CLASS-MIX-FENCED 0x0000000053415423 16000 0.000000e0 -2.372420e-16 -2.372420e-16 -5.543098e-14 1.580000e0 1.501532e-16
FRAME CLASS-MIX-FENCED 0x0000000053415423 16400 -2.721672e-6 -3.711199e-15 -2.721672e-6 -4.042709e-6 1.580000e0 1.722577e-6
FRAME CLASS-MIX-FENCED 0x0000000053415423 16800 -3.877377e-6 -5.301969e-16 -3.877377e-6 -3.877377e-6 1.580000e0 2.454036e-6
FRAME CLASS-MIX-FENCED 0x0000000053415423 17200 0.000000e0 -1.336510e-6 -1.336510e-6 -1.336510e-6 1.580000e0 8.458922e-7
FRAME CLASS-MIX-FENCED 0x0000000053415423 17600 0.000000e0 -5.439982e-7 -5.439982e-7 -5.439982e-7 1.580000e0 3.443027e-7
FRAME CLASS-MIX-FENCED 0x0000000053415423 18000 0.000000e0 -1.793396e-7 -1.793396e-7 -1.793397e-7 1.580000e0 1.135061e-7
FRAME CLASS-MIX-FENCED 0x0000000053415423 18400 0.000000e0 -5.530292e-8 -5.530292e-8 -5.530294e-8 1.580000e0 3.500185e-8
FRAME CLASS-MIX-FENCED 0x0000000053415423 18800 0.000000e0 -1.736585e-7 -1.736585e-7 -1.736586e-7 1.580000e0 1.099105e-7
FRAME CLASS-MIX-FENCED 0x0000000053415423 19200 0.000000e0 -9.939976e-7 -9.939976e-7 -9.939976e-7 1.580000e0 6.291124e-7
FRAME CLASS-MIX-FENCED 0x0000000053415423 19600 -3.369808e-6 -1.480217e-18 -3.369808e-6 -6.395042e-6 1.580000e0 2.132790e-6
SEED CLASS-MIX-FENCED 0x0000000053415423 20000 6.639902e-6 12418 1.580000e0 1.580000e-1 4.202469e-5 5.620000e-5 28113.8790 PASS
SEEDLADDER CLASS-MIX-FENCED 0x0000000053415423 6.0 7.759298e-4 1.580000e-1 under
SEEDLADDER CLASS-MIX-FENCED 0x0000000053415423 9.0 7.812557e-5 1.580000e-1 under
SEEDLADDER CLASS-MIX-FENCED 0x0000000053415423 10.4 4.027104e-5 1.580000e-1 under
SEEDLADDER CLASS-MIX-FENCED 0x0000000053415423 14.0 1.162363e-5 1.580000e-1 under
SEEDLADDER CLASS-MIX-FENCED 0x0000000053415423 15.0 6.639902e-6 1.580000e-1 under
SEEDLADDER CLASS-MIX-FENCED 0x0000000053415423 41.0 0.000000e0 1.580000e-1 under
FRAME CLASS-MIX-FENCED 0x0000000053415424 0 -2.064363e-6 -1.025849e-7 -2.166948e-6 -2.166948e-6 2.050000e0 1.057048e-6
FRAME CLASS-MIX-FENCED 0x0000000053415424 400 -4.328285e-6 -2.110228e-7 -4.539308e-6 -4.539308e-6 2.050000e0 2.214296e-6
FRAME CLASS-MIX-FENCED 0x0000000053415424 800 -4.007013e-6 -2.073891e-7 -4.214402e-6 -4.214402e-6 2.050000e0 2.055806e-6
FRAME CLASS-MIX-FENCED 0x0000000053415424 1200 -3.865440e-6 -2.097612e-7 -4.075202e-6 -4.075202e-6 2.050000e0 1.987903e-6
FRAME CLASS-MIX-FENCED 0x0000000053415424 1600 -3.712312e-6 -2.150865e-7 -3.927399e-6 -3.927399e-6 2.050000e0 1.915804e-6
FRAME CLASS-MIX-FENCED 0x0000000053415424 2000 -2.945282e-6 -1.956855e-7 -3.140968e-6 -3.140968e-6 2.050000e0 1.532179e-6
FRAME CLASS-MIX-FENCED 0x0000000053415424 2400 -2.460961e-6 -1.889407e-7 -2.649901e-6 -2.649901e-6 2.050000e0 1.292635e-6
FRAME CLASS-MIX-FENCED 0x0000000053415424 2800 -1.881742e-6 -1.768306e-7 -2.058573e-6 -2.058573e-6 2.050000e0 1.004182e-6
FRAME CLASS-MIX-FENCED 0x0000000053415424 3200 0.000000e0 -1.454364e-6 -1.454364e-6 -1.454364e-6 2.050000e0 7.094459e-7
FRAME CLASS-MIX-FENCED 0x0000000053415424 3600 -9.205563e-7 -7.028905e-7 -1.623447e-6 -1.623447e-6 2.050000e0 7.919253e-7
FRAME CLASS-MIX-FENCED 0x0000000053415424 4000 0.000000e0 -1.297459e-6 -1.297459e-6 -1.297459e-6 2.050000e0 6.329066e-7
FRAME CLASS-MIX-FENCED 0x0000000053415424 4400 0.000000e0 -1.424807e-6 -1.424807e-6 -1.424807e-6 2.050000e0 6.950278e-7
FRAME CLASS-MIX-FENCED 0x0000000053415424 4800 0.000000e0 -1.477040e-6 -1.477040e-6 -1.477040e-6 2.050000e0 7.205074e-7
FRAME CLASS-MIX-FENCED 0x0000000053415424 5200 0.000000e0 -1.572336e-6 -1.572336e-6 -1.572336e-6 2.050000e0 7.669930e-7
FRAME CLASS-MIX-FENCED 0x0000000053415424 5600 0.000000e0 -1.463355e-6 -1.463355e-6 -1.463356e-6 2.050000e0 7.138319e-7
FRAME CLASS-MIX-FENCED 0x0000000053415424 6000 0.000000e0 -1.049769e-6 -1.049769e-6 -1.049769e-6 2.050000e0 5.120823e-7
FRAME CLASS-MIX-FENCED 0x0000000053415424 6400 0.000000e0 -6.057822e-7 -6.057822e-7 -6.057822e-7 2.050000e0 2.955035e-7
FRAME CLASS-MIX-FENCED 0x0000000053415424 6800 0.000000e0 -2.959070e-7 -2.959070e-7 -2.959071e-7 2.050000e0 1.443449e-7
FRAME CLASS-MIX-FENCED 0x0000000053415424 7200 0.000000e0 -2.113273e-7 -2.113273e-7 -2.113273e-7 2.050000e0 1.030865e-7
FRAME CLASS-MIX-FENCED 0x0000000053415424 7600 0.000000e0 -3.281524e-7 -3.281524e-7 -3.281525e-7 2.050000e0 1.600743e-7
FRAME CLASS-MIX-FENCED 0x0000000053415424 8000 0.000000e0 -4.827122e-7 -4.827122e-7 -4.827122e-7 2.050000e0 2.354694e-7
FRAME CLASS-MIX-FENCED 0x0000000053415424 8400 0.000000e0 -4.716609e-7 -4.716609e-7 -4.716611e-7 2.050000e0 2.300785e-7
FRAME CLASS-MIX-FENCED 0x0000000053415424 8800 0.000000e0 -5.743560e-7 -5.743560e-7 -5.743560e-7 2.050000e0 2.801737e-7
FRAME CLASS-MIX-FENCED 0x0000000053415424 9200 0.000000e0 -1.731081e-6 -1.731081e-6 -1.731081e-6 2.050000e0 8.444298e-7
FRAME CLASS-MIX-FENCED 0x0000000053415424 9600 -3.821319e-6 -4.559099e-16 -3.821319e-6 -3.821319e-6 2.050000e0 1.864058e-6
FRAME CLASS-MIX-FENCED 0x0000000053415424 10000 -6.035313e-6 -1.315193e-16 -6.035313e-6 -9.056803e-6 2.050000e0 2.944055e-6
FRAME CLASS-MIX-FENCED 0x0000000053415424 10400 0.000000e0 -3.535670e-15 -3.535670e-15 -4.617993e-6 2.050000e0 1.724717e-15
FRAME CLASS-MIX-FENCED 0x0000000053415424 10800 0.000000e0 -2.048947e-15 -2.048947e-15 -4.920271e-7 2.050000e0 9.994864e-16
FRAME CLASS-MIX-FENCED 0x0000000053415424 11200 -6.728979e-6 -1.604839e-15 -6.728979e-6 -6.728979e-6 2.050000e0 3.282429e-6
FRAME CLASS-MIX-FENCED 0x0000000053415424 11600 -6.123014e-6 -2.430506e-16 -6.123014e-6 -6.123014e-6 2.050000e0 2.986836e-6
FRAME CLASS-MIX-FENCED 0x0000000053415424 12000 -1.754890e-6 -1.132160e-6 -2.887051e-6 -2.887051e-6 2.050000e0 1.408317e-6
FRAME CLASS-MIX-FENCED 0x0000000053415424 12400 -7.627620e-7 -1.380215e-6 -2.142977e-6 -2.142977e-6 2.050000e0 1.045355e-6
FRAME CLASS-MIX-FENCED 0x0000000053415424 12800 0.000000e0 -1.250448e-6 -1.250448e-6 -1.250448e-6 2.050000e0 6.099747e-7
FRAME CLASS-MIX-FENCED 0x0000000053415424 13200 0.000000e0 -1.929008e-6 -1.929008e-6 -1.929008e-6 2.050000e0 9.409793e-7
FRAME CLASS-MIX-FENCED 0x0000000053415424 13600 -7.470217e-7 -1.674314e-6 -2.421336e-6 -2.421336e-6 2.050000e0 1.181139e-6
FRAME CLASS-MIX-FENCED 0x0000000053415424 14000 -7.732203e-7 -1.522459e-6 -2.295680e-6 -2.295680e-6 2.050000e0 1.119844e-6
FRAME CLASS-MIX-FENCED 0x0000000053415424 14400 -9.705331e-7 -1.588460e-6 -2.558993e-6 -2.558993e-6 2.050000e0 1.248289e-6
FRAME CLASS-MIX-FENCED 0x0000000053415424 14800 0.000000e0 -1.804376e-6 -1.804376e-6 -1.804376e-6 2.050000e0 8.801833e-7
FRAME CLASS-MIX-FENCED 0x0000000053415424 15200 -8.869085e-7 -1.288750e-6 -2.175659e-6 -2.175659e-6 2.050000e0 1.061297e-6
FRAME CLASS-MIX-FENCED 0x0000000053415424 15600 -4.567514e-6 -3.966186e-16 -4.567514e-6 -4.567514e-6 2.050000e0 2.228056e-6
FRAME CLASS-MIX-FENCED 0x0000000053415424 16000 0.000000e0 -3.977456e-17 -3.977456e-17 -2.995347e-6 2.050000e0 1.940222e-17
FRAME CLASS-MIX-FENCED 0x0000000053415424 16400 0.000000e0 -9.715184e-18 -9.715184e-18 -9.715184e-18 2.050000e0 4.739114e-18
FRAME CLASS-MIX-FENCED 0x0000000053415424 16800 0.000000e0 -1.937862e-19 -1.937862e-19 -8.319266e-14 2.050000e0 9.452987e-20
FRAME CLASS-MIX-FENCED 0x0000000053415424 17200 0.000000e0 -1.993938e-15 -1.993938e-15 -1.591918e-14 2.050000e0 9.726526e-16
FRAME CLASS-MIX-FENCED 0x0000000053415424 17600 0.000000e0 -6.027259e-15 -6.027259e-15 -3.813325e-6 2.050000e0 2.940126e-15
FRAME CLASS-MIX-FENCED 0x0000000053415424 18000 -4.652254e-6 -3.746567e-15 -4.652254e-6 -4.652254e-6 2.050000e0 2.269392e-6
FRAME CLASS-MIX-FENCED 0x0000000053415424 18400 -7.454123e-7 -1.118744e-6 -1.864156e-6 -1.864156e-6 2.050000e0 9.093445e-7
FRAME CLASS-MIX-FENCED 0x0000000053415424 18800 -6.942981e-7 -1.053304e-6 -1.747602e-6 -1.747602e-6 2.050000e0 8.524889e-7
FRAME CLASS-MIX-FENCED 0x0000000053415424 19200 0.000000e0 -1.610761e-6 -1.610761e-6 -1.610761e-6 2.050000e0 7.857371e-7
FRAME CLASS-MIX-FENCED 0x0000000053415424 19600 -4.182039e-6 -6.091195e-7 -4.791158e-6 -4.791159e-6 2.050000e0 2.337150e-6
SEED CLASS-MIX-FENCED 0x0000000053415424 20000 8.347427e-6 17821 2.050000e0 2.050000e-1 4.071916e-5 4.610000e-5 44468.5466 PASS
SEEDLADDER CLASS-MIX-FENCED 0x0000000053415424 6.0 6.806533e-4 2.050000e-1 under
SEEDLADDER CLASS-MIX-FENCED 0x0000000053415424 9.0 7.925732e-5 2.050000e-1 under
SEEDLADDER CLASS-MIX-FENCED 0x0000000053415424 10.4 4.072502e-5 2.050000e-1 under
SEEDLADDER CLASS-MIX-FENCED 0x0000000053415424 14.0 1.398439e-5 2.050000e-1 under
SEEDLADDER CLASS-MIX-FENCED 0x0000000053415424 15.0 8.347427e-6 2.050000e-1 under
SEEDLADDER CLASS-MIX-FENCED 0x0000000053415424 41.0 0.000000e0 2.050000e-1 under
FRAME CLASS-MIX-FENCED 0x0000000053415425 0 -3.063804e-6 -1.521473e-7 -3.215952e-6 -3.215952e-6 1.330000e1 2.418009e-7
FRAME CLASS-MIX-FENCED 0x0000000053415425 400 -2.130916e-6 -9.790797e-8 -2.228824e-6 -5.552063e-6 1.330000e1 1.675807e-7
FRAME CLASS-MIX-FENCED 0x0000000053415425 800 -4.223471e-6 -8.012427e-8 -4.303595e-6 -4.598039e-6 1.330000e1 3.235786e-7
FRAME CLASS-MIX-FENCED 0x0000000053415425 1200 -2.616741e-6 -6.245057e-8 -2.679191e-6 -2.679191e-6 1.330000e1 2.014430e-7
FRAME CLASS-MIX-FENCED 0x0000000053415425 1600 -2.735536e-6 -6.531929e-8 -2.800856e-6 -2.800856e-6 1.330000e1 2.105906e-7
FRAME CLASS-MIX-FENCED 0x0000000053415425 2000 -2.905808e-6 -7.056738e-8 -2.976376e-6 -2.976376e-6 1.330000e1 2.237876e-7
FRAME CLASS-MIX-FENCED 0x0000000053415425 2400 -3.520511e-6 -8.722912e-8 -3.607740e-6 -3.607740e-6 1.330000e1 2.712587e-7
FRAME CLASS-MIX-FENCED 0x0000000053415425 2800 -1.822064e-6 -1.260651e-7 -1.948129e-6 -4.973029e-6 1.330000e1 1.464759e-7
FRAME CLASS-MIX-FENCED 0x0000000053415425 3200 0.000000e0 -2.412940e-7 -2.412940e-7 -3.224161e-6 1.330000e1 1.814241e-8
FRAME CLASS-MIX-FENCED 0x0000000053415425 3600 0.000000e0 -4.170987e-7 -4.170987e-7 -8.561626e-7 1.330000e1 3.136080e-8
FRAME CLASS-MIX-FENCED 0x0000000053415425 4000 0.000000e0 -6.440472e-7 -6.440472e-7 -6.440473e-7 1.330000e1 4.842460e-8
FRAME CLASS-MIX-FENCED 0x0000000053415425 4400 -2.723975e-6 -3.288420e-15 -2.723975e-6 -3.842710e-6 1.330000e1 2.048101e-7
FRAME CLASS-MIX-FENCED 0x0000000053415425 4800 -2.724594e-6 -2.504342e-15 -2.724594e-6 -2.893778e-6 1.330000e1 2.048567e-7
FRAME CLASS-MIX-FENCED 0x0000000053415425 5200 0.000000e0 -2.575864e-15 -2.575864e-15 -5.971012e-6 1.330000e1 1.936740e-16
FRAME CLASS-MIX-FENCED 0x0000000053415425 5600 -2.575319e-6 -3.103894e-15 -2.575319e-6 -3.386235e-6 1.330000e1 1.936330e-7
FRAME CLASS-MIX-FENCED 0x0000000053415425 6000 0.000000e0 -2.518212e-16 -2.518212e-16 -5.869787e-6 1.330000e1 1.893393e-17
FRAME CLASS-MIX-FENCED 0x0000000053415425 6400 -2.382878e-6 -1.143420e-15 -2.382878e-6 -2.798760e-6 1.330000e1 1.791638e-7
FRAME CLASS-MIX-FENCED 0x0000000053415425 6800 0.000000e0 -2.247743e-15 -2.247743e-15 -5.253958e-7 1.330000e1 1.690033e-16
FRAME CLASS-MIX-FENCED 0x0000000053415425 7200 0.000000e0 -6.354587e-15 -6.354587e-15 -8.458580e-14 1.330000e1 4.777885e-16
FRAME CLASS-MIX-FENCED 0x0000000053415425 7600 0.000000e0 -8.806060e-16 -8.806060e-16 -5.000517e-14 1.330000e1 6.621098e-17
FRAME CLASS-MIX-FENCED 0x0000000053415425 8000 0.000000e0 -4.295752e-15 -4.295752e-15 -9.129087e-14 1.330000e1 3.229889e-16
FRAME CLASS-MIX-FENCED 0x0000000053415425 8400 0.000000e0 -3.014630e-15 -3.014630e-15 -8.288341e-14 1.330000e1 2.266639e-16
FRAME CLASS-MIX-FENCED 0x0000000053415425 8800 0.000000e0 -3.639089e-15 -3.639089e-15 -7.657919e-14 1.330000e1 2.736157e-16
FRAME CLASS-MIX-FENCED 0x0000000053415425 9200 0.000000e0 -7.443216e-16 -7.443216e-16 -4.014904e-7 1.330000e1 5.596403e-17
FRAME CLASS-MIX-FENCED 0x0000000053415425 9600 0.000000e0 -8.698273e-16 -8.698273e-16 -5.237249e-6 1.330000e1 6.540055e-17
FRAME CLASS-MIX-FENCED 0x0000000053415425 10000 0.000000e0 -3.029849e-15 -3.029849e-15 -8.467095e-8 1.330000e1 2.278082e-16
FRAME CLASS-MIX-FENCED 0x0000000053415425 10400 0.000000e0 -3.039521e-20 -3.039521e-20 -4.355065e-14 1.330000e1 2.285354e-21
FRAME CLASS-MIX-FENCED 0x0000000053415425 10800 0.000000e0 -2.932961e-19 -2.932961e-19 -2.450165e-13 1.330000e1 2.205234e-20
FRAME CLASS-MIX-FENCED 0x0000000053415425 11200 0.000000e0 -1.363731e-18 -1.363731e-18 -1.106243e-13 1.330000e1 1.025361e-19
FRAME CLASS-MIX-FENCED 0x0000000053415425 11600 0.000000e0 -5.153720e-17 -5.153720e-17 -3.308141e-14 1.330000e1 3.874977e-18
FRAME CLASS-MIX-FENCED 0x0000000053415425 12000 0.000000e0 -4.810457e-16 -4.810457e-16 -7.340591e-14 1.330000e1 3.616885e-17
FRAME CLASS-MIX-FENCED 0x0000000053415425 12400 0.000000e0 -2.402850e-16 -2.402850e-16 -4.263793e-15 1.330000e1 1.806654e-17
FRAME CLASS-MIX-FENCED 0x0000000053415425 12800 0.000000e0 -4.592077e-16 -4.592077e-16 -5.987383e-14 1.330000e1 3.452690e-17
FRAME CLASS-MIX-FENCED 0x0000000053415425 13200 0.000000e0 -6.646996e-17 -6.646996e-17 -2.028350e-6 1.330000e1 4.997741e-18
FRAME CLASS-MIX-FENCED 0x0000000053415425 13600 -2.272895e-6 -2.124665e-16 -2.272895e-6 -5.285028e-6 1.330000e1 1.708944e-7
FRAME CLASS-MIX-FENCED 0x0000000053415425 14000 -4.210700e-6 -2.810158e-15 -4.210700e-6 -7.221650e-6 1.330000e1 3.165940e-7
FRAME CLASS-MIX-FENCED 0x0000000053415425 14400 -4.356808e-6 -9.983866e-18 -4.356808e-6 -4.356808e-6 1.330000e1 3.275795e-7
FRAME CLASS-MIX-FENCED 0x0000000053415425 14800 -3.091240e-6 -2.589252e-18 -3.091240e-6 -3.091240e-6 1.330000e1 2.324241e-7
FRAME CLASS-MIX-FENCED 0x0000000053415425 15200 -4.958384e-6 -3.119812e-15 -4.958385e-6 -4.958385e-6 1.330000e1 3.728109e-7
FRAME CLASS-MIX-FENCED 0x0000000053415425 15600 -2.593108e-6 -1.084857e-16 -2.593108e-6 -2.593132e-6 1.330000e1 1.949705e-7
FRAME CLASS-MIX-FENCED 0x0000000053415425 16000 0.000000e0 -3.867204e-17 -3.867204e-17 -6.007735e-14 1.330000e1 2.907672e-18
FRAME CLASS-MIX-FENCED 0x0000000053415425 16400 0.000000e0 -1.576583e-15 -1.576583e-15 -6.036043e-14 1.330000e1 1.185401e-16
FRAME CLASS-MIX-FENCED 0x0000000053415425 16800 0.000000e0 -3.551499e-16 -3.551499e-16 -1.647215e-14 1.330000e1 2.670300e-17
FRAME CLASS-MIX-FENCED 0x0000000053415425 17200 0.000000e0 -2.788383e-15 -2.788383e-15 -2.976200e-6 1.330000e1 2.096528e-16
FRAME CLASS-MIX-FENCED 0x0000000053415425 17600 -4.142498e-6 -5.922061e-16 -4.142498e-6 -4.142498e-6 1.330000e1 3.114660e-7
FRAME CLASS-MIX-FENCED 0x0000000053415425 18000 -2.231332e-6 -2.586592e-15 -2.231332e-6 -4.119483e-6 1.330000e1 1.677694e-7
FRAME CLASS-MIX-FENCED 0x0000000053415425 18400 0.000000e0 -1.239482e-15 -1.239482e-15 -1.282507e-14 1.330000e1 9.319413e-17
FRAME CLASS-MIX-FENCED 0x0000000053415425 18800 0.000000e0 -4.009771e-15 -4.009771e-15 -4.797062e-14 1.330000e1 3.014865e-16
FRAME CLASS-MIX-FENCED 0x0000000053415425 19200 0.000000e0 -2.378182e-16 -2.378182e-16 -1.203381e-13 1.330000e1 1.788107e-17
FRAME CLASS-MIX-FENCED 0x0000000053415425 19600 0.000000e0 -2.528674e-15 -2.528674e-15 -1.317795e-6 1.330000e1 1.901259e-16
SEED CLASS-MIX-FENCED 0x0000000053415425 20000 6.996747e-6 14051 1.330000e1 1.330000e0 5.260712e-6 2.450000e-4 54285.7143 PASS
SEEDLADDER CLASS-MIX-FENCED 0x0000000053415425 6.0 9.765585e-4 1.330000e0 under
SEEDLADDER CLASS-MIX-FENCED 0x0000000053415425 9.0 8.050221e-5 1.330000e0 under
SEEDLADDER CLASS-MIX-FENCED 0x0000000053415425 10.4 4.073481e-5 1.330000e0 under
SEEDLADDER CLASS-MIX-FENCED 0x0000000053415425 14.0 9.889278e-6 1.330000e0 under
SEEDLADDER CLASS-MIX-FENCED 0x0000000053415425 15.0 6.996747e-6 1.330000e0 under
SEEDLADDER CLASS-MIX-FENCED 0x0000000053415425 41.0 0.000000e0 1.330000e0 under
FRAME CLASS-MIX-FENCED 0x0000000053415426 0 -2.294629e-6 -1.494376e-7 -2.444066e-6 -2.444066e-6 1.220000e1 2.003333e-7
FRAME CLASS-MIX-FENCED 0x0000000053415426 400 -1.944193e-6 -5.263435e-15 -1.944193e-6 -3.159823e-6 1.220000e1 1.593601e-7
FRAME CLASS-MIX-FENCED 0x0000000053415426 800 -3.356944e-6 -9.427192e-16 -3.356944e-6 -6.984247e-6 1.220000e1 2.751593e-7
FRAME CLASS-MIX-FENCED 0x0000000053415426 1200 -3.352708e-6 -7.095392e-15 -3.352708e-6 -6.854524e-6 1.220000e1 2.748121e-7
FRAME CLASS-MIX-FENCED 0x0000000053415426 1600 -3.530759e-6 -4.450668e-15 -3.530759e-6 -6.931706e-6 1.220000e1 2.894065e-7
FRAME CLASS-MIX-FENCED 0x0000000053415426 2000 -4.257062e-6 -5.290531e-15 -4.257062e-6 -8.007378e-6 1.220000e1 3.489395e-7
FRAME CLASS-MIX-FENCED 0x0000000053415426 2400 -3.926119e-6 -3.599990e-15 -3.926119e-6 -9.530799e-6 1.220000e1 3.218130e-7
FRAME CLASS-MIX-FENCED 0x0000000053415426 2800 -7.795700e-6 -3.278449e-15 -7.795700e-6 -7.795700e-6 1.220000e1 6.389918e-7
FRAME CLASS-MIX-FENCED 0x0000000053415426 3200 -4.844746e-6 -7.765684e-16 -4.844746e-6 -4.844746e-6 1.220000e1 3.971103e-7
FRAME CLASS-MIX-FENCED 0x0000000053415426 3600 -3.010824e-6 -6.256397e-7 -3.636464e-6 -3.636464e-6 1.220000e1 2.980708e-7
FRAME CLASS-MIX-FENCED 0x0000000053415426 4000 -7.912138e-6 -1.207941e-15 -7.912138e-6 -7.912138e-6 1.220000e1 6.485359e-7
FRAME CLASS-MIX-FENCED 0x0000000053415426 4400 0.000000e0 -1.916966e-17 -1.916966e-17 -9.391768e-14 1.220000e1 1.571283e-18
FRAME CLASS-MIX-FENCED 0x0000000053415426 4800 0.000000e0 -1.214531e-15 -1.214531e-15 -4.698132e-14 1.220000e1 9.955175e-17
FRAME CLASS-MIX-FENCED 0x0000000053415426 5200 0.000000e0 -1.219786e-15 -1.219786e-15 -4.079602e-14 1.220000e1 9.998248e-17
FRAME CLASS-MIX-FENCED 0x0000000053415426 5600 0.000000e0 -1.137935e-18 -1.137935e-18 -1.048610e-13 1.220000e1 9.327332e-20
FRAME CLASS-MIX-FENCED 0x0000000053415426 6000 0.000000e0 -2.590134e-19 -2.590134e-19 -1.377439e-13 1.220000e1 2.123061e-20
FRAME CLASS-MIX-FENCED 0x0000000053415426 6400 0.000000e0 -2.773749e-19 -2.773749e-19 -1.782186e-13 1.220000e1 2.273565e-20
FRAME CLASS-MIX-FENCED 0x0000000053415426 6800 0.000000e0 -3.773182e-15 -3.773182e-15 -9.587489e-14 1.220000e1 3.092772e-16
FRAME CLASS-MIX-FENCED 0x0000000053415426 7200 0.000000e0 -2.678906e-15 -2.678906e-15 -4.335154e-14 1.220000e1 2.195824e-16
FRAME CLASS-MIX-FENCED 0x0000000053415426 7600 0.000000e0 -1.316946e-16 -1.316946e-16 -5.851727e-15 1.220000e1 1.079464e-17
FRAME CLASS-MIX-FENCED 0x0000000053415426 8000 0.000000e0 -6.688952e-16 -6.688952e-16 -1.625755e-14 1.220000e1 5.482748e-17
FRAME CLASS-MIX-FENCED 0x0000000053415426 8400 0.000000e0 -5.677003e-17 -5.677003e-17 -6.403140e-14 1.220000e1 4.653281e-18
FRAME CLASS-MIX-FENCED 0x0000000053415426 8800 0.000000e0 -1.188814e-15 -1.188814e-15 -3.066179e-14 1.220000e1 9.744377e-17
FRAME CLASS-MIX-FENCED 0x0000000053415426 9200 0.000000e0 -8.392324e-17 -8.392324e-17 -4.697090e-14 1.220000e1 6.878954e-18
FRAME CLASS-MIX-FENCED 0x0000000053415426 9600 0.000000e0 -3.145612e-16 -3.145612e-16 -2.856423e-14 1.220000e1 2.578370e-17
FRAME CLASS-MIX-FENCED 0x0000000053415426 10000 0.000000e0 -1.845194e-15 -1.845194e-15 -4.787101e-14 1.220000e1 1.512454e-16
FRAME CLASS-MIX-FENCED 0x0000000053415426 10400 0.000000e0 -2.115324e-15 -2.115324e-15 -6.077260e-14 1.220000e1 1.733872e-16
FRAME CLASS-MIX-FENCED 0x0000000053415426 10800 0.000000e0 -6.686077e-17 -6.686077e-17 -3.827300e-15 1.220000e1 5.480391e-18
FRAME CLASS-MIX-FENCED 0x0000000053415426 11200 0.000000e0 -2.627561e-15 -2.627561e-15 -1.296282e-13 1.220000e1 2.153738e-16
FRAME CLASS-MIX-FENCED 0x0000000053415426 11600 0.000000e0 -2.920845e-16 -2.920845e-16 -3.707785e-15 1.220000e1 2.394136e-17
FRAME CLASS-MIX-FENCED 0x0000000053415426 12000 0.000000e0 -6.683907e-19 -6.683907e-19 -1.068076e-13 1.220000e1 5.478612e-20
FRAME CLASS-MIX-FENCED 0x0000000053415426 12400 0.000000e0 -7.135531e-16 -7.135531e-16 -7.568255e-16 1.220000e1 5.848796e-17
FRAME CLASS-MIX-FENCED 0x0000000053415426 12800 0.000000e0 -1.255830e-21 -1.255830e-21 -1.027790e-13 1.220000e1 1.029369e-22
FRAME CLASS-MIX-FENCED 0x0000000053415426 13200 0.000000e0 -1.404858e-16 -1.404858e-16 -8.166324e-14 1.220000e1 1.151523e-17
FRAME CLASS-MIX-FENCED 0x0000000053415426 13600 0.000000e0 -1.268059e-17 -1.268059e-17 -1.972780e-13 1.220000e1 1.039393e-18
FRAME CLASS-MIX-FENCED 0x0000000053415426 14000 0.000000e0 -2.218111e-17 -2.218111e-17 -3.865271e-14 1.220000e1 1.818124e-18
FRAME CLASS-MIX-FENCED 0x0000000053415426 14400 0.000000e0 -2.944343e-15 -2.944343e-15 -5.227368e-14 1.220000e1 2.413396e-16
FRAME CLASS-MIX-FENCED 0x0000000053415426 14800 0.000000e0 -5.740894e-15 -5.740894e-15 -4.390649e-14 1.220000e1 4.705651e-16
FRAME CLASS-MIX-FENCED 0x0000000053415426 15200 0.000000e0 -2.293896e-17 -2.293896e-17 -3.780368e-14 1.220000e1 1.880243e-18
FRAME CLASS-MIX-FENCED 0x0000000053415426 15600 0.000000e0 -4.742093e-15 -4.742093e-15 -1.164228e-13 1.220000e1 3.886962e-16
FRAME CLASS-MIX-FENCED 0x0000000053415426 16000 0.000000e0 -1.564534e-16 -1.564534e-16 -8.135375e-14 1.220000e1 1.282405e-17
FRAME CLASS-MIX-FENCED 0x0000000053415426 16400 0.000000e0 -4.979929e-17 -4.979929e-17 -4.917868e-14 1.220000e1 4.081909e-18
FRAME CLASS-MIX-FENCED 0x0000000053415426 16800 0.000000e0 -2.586566e-15 -2.586566e-15 -4.047709e-14 1.220000e1 2.120136e-16
FRAME CLASS-MIX-FENCED 0x0000000053415426 17200 0.000000e0 -1.349198e-18 -1.349198e-18 -6.632252e-14 1.220000e1 1.105900e-19
FRAME CLASS-MIX-FENCED 0x0000000053415426 17600 0.000000e0 -8.554784e-16 -8.554784e-16 -8.554784e-16 1.220000e1 7.012118e-17
FRAME CLASS-MIX-FENCED 0x0000000053415426 18000 0.000000e0 -1.362255e-15 -1.362255e-15 -3.465588e-14 1.220000e1 1.116602e-16
FRAME CLASS-MIX-FENCED 0x0000000053415426 18400 0.000000e0 -1.180541e-15 -1.180541e-15 -3.486618e-14 1.220000e1 9.676567e-17
FRAME CLASS-MIX-FENCED 0x0000000053415426 18800 0.000000e0 -1.381886e-18 -1.381886e-18 -2.658119e-14 1.220000e1 1.132694e-19
FRAME CLASS-MIX-FENCED 0x0000000053415426 19200 0.000000e0 -5.399511e-16 -5.399511e-16 -3.436100e-14 1.220000e1 4.425829e-17
FRAME CLASS-MIX-FENCED 0x0000000053415426 19600 0.000000e0 -1.055285e-16 -1.055285e-16 -5.321858e-14 1.220000e1 8.649878e-18
SEED CLASS-MIX-FENCED 0x0000000053415426 20000 8.699410e-6 2643 1.220000e1 1.220000e0 7.130664e-6 1.130000e-4 107964.6018 PASS
SEEDLADDER CLASS-MIX-FENCED 0x0000000053415426 6.0 9.834113e-4 1.220000e0 under
SEEDLADDER CLASS-MIX-FENCED 0x0000000053415426 9.0 7.629826e-5 1.220000e0 under
SEEDLADDER CLASS-MIX-FENCED 0x0000000053415426 10.4 3.793479e-5 1.220000e0 under
SEEDLADDER CLASS-MIX-FENCED 0x0000000053415426 14.0 1.206124e-5 1.220000e0 under
SEEDLADDER CLASS-MIX-FENCED 0x0000000053415426 15.0 8.699410e-6 1.220000e0 under
SEEDLADDER CLASS-MIX-FENCED 0x0000000053415426 41.0 0.000000e0 1.220000e0 under
FRAME CLASS-MIX-FENCED 0x0000000053415427 0 -2.684686e-6 -1.438973e-7 -2.828583e-6 -2.828583e-6 8.220000e0 3.441098e-7
FRAME CLASS-MIX-FENCED 0x0000000053415427 400 -2.594036e-6 -1.496594e-7 -2.743696e-6 -2.743696e-6 8.220000e0 3.337829e-7
FRAME CLASS-MIX-FENCED 0x0000000053415427 800 -2.684039e-6 -1.574983e-7 -2.841537e-6 -2.841537e-6 8.220000e0 3.456858e-7
FRAME CLASS-MIX-FENCED 0x0000000053415427 1200 -2.872084e-6 -2.056791e-7 -3.077763e-6 -3.077763e-6 8.220000e0 3.744238e-7
FRAME CLASS-MIX-FENCED 0x0000000053415427 1600 -1.869730e-6 -9.423429e-7 -2.812073e-6 -4.246945e-6 8.220000e0 3.421013e-7
FRAME CLASS-MIX-FENCED 0x0000000053415427 2000 -7.379144e-7 -9.101435e-7 -1.648058e-6 -1.648058e-6 8.220000e0 2.004937e-7
FRAME CLASS-MIX-FENCED 0x0000000053415427 2400 -1.048181e-6 -1.557343e-6 -2.605524e-6 -2.605524e-6 8.220000e0 3.169737e-7
FRAME CLASS-MIX-FENCED 0x0000000053415427 2800 -3.281287e-6 -4.629029e-7 -3.744190e-6 -3.744190e-6 8.220000e0 4.554975e-7
FRAME CLASS-MIX-FENCED 0x0000000053415427 3200 -1.916204e-6 -1.107259e-6 -3.023463e-6 -3.023463e-6 8.220000e0 3.678178e-7
FRAME CLASS-MIX-FENCED 0x0000000053415427 3600 -8.894523e-7 -1.410616e-6 -2.300068e-6 -2.300068e-6 8.220000e0 2.798137e-7
FRAME CLASS-MIX-FENCED 0x0000000053415427 4000 0.000000e0 -1.459242e-6 -1.459242e-6 -1.459242e-6 8.220000e0 1.775233e-7
FRAME CLASS-MIX-FENCED 0x0000000053415427 4400 0.000000e0 -1.572519e-6 -1.572519e-6 -1.572519e-6 8.220000e0 1.913040e-7
FRAME CLASS-MIX-FENCED 0x0000000053415427 4800 -8.656981e-7 -1.399878e-6 -2.265576e-6 -2.265576e-6 8.220000e0 2.756176e-7
FRAME CLASS-MIX-FENCED 0x0000000053415427 5200 -2.383245e-6 -1.276982e-6 -3.660227e-6 -3.660227e-6 8.220000e0 4.452831e-7
FRAME CLASS-MIX-FENCED 0x0000000053415427 5600 -5.017392e-6 -3.069990e-17 -5.017392e-6 -7.872839e-6 8.220000e0 6.103884e-7
FRAME CLASS-MIX-FENCED 0x0000000053415427 6000 -2.658015e-6 -9.722782e-16 -2.658015e-6 -3.091524e-6 8.220000e0 3.233595e-7
FRAME CLASS-MIX-FENCED 0x0000000053415427 6400 0.000000e0 -1.924847e-19 -1.924847e-19 -3.066716e-17 8.220000e0 2.341663e-20
FRAME CLASS-MIX-FENCED 0x0000000053415427 6800 0.000000e0 -1.956589e-15 -1.956589e-15 -3.306948e-14 8.220000e0 2.380279e-16
FRAME CLASS-MIX-FENCED 0x0000000053415427 7200 0.000000e0 -1.669664e-18 -1.669664e-18 -6.909118e-14 8.220000e0 2.031221e-19
FRAME CLASS-MIX-FENCED 0x0000000053415427 7600 0.000000e0 -8.855501e-19 -8.855501e-19 -5.097302e-14 8.220000e0 1.077312e-19
FRAME CLASS-MIX-FENCED 0x0000000053415427 8000 0.000000e0 -4.056027e-19 -4.056027e-19 -5.653412e-14 8.220000e0 4.934339e-20
FRAME CLASS-MIX-FENCED 0x0000000053415427 8400 0.000000e0 -2.316864e-16 -2.316864e-16 -7.712619e-14 8.220000e0 2.818569e-17
FRAME CLASS-MIX-FENCED 0x0000000053415427 8800 0.000000e0 -9.175300e-16 -9.175300e-16 -4.966398e-14 8.220000e0 1.116217e-16
FRAME CLASS-MIX-FENCED 0x0000000053415427 9200 0.000000e0 -1.959016e-16 -1.959016e-16 -5.400535e-14 8.220000e0 2.383231e-17
FRAME CLASS-MIX-FENCED 0x0000000053415427 9600 0.000000e0 -1.531927e-17 -1.531927e-17 -4.043063e-14 8.220000e0 1.863658e-18
FRAME CLASS-MIX-FENCED 0x0000000053415427 10000 0.000000e0 -9.581257e-16 -9.581257e-16 -5.059719e-14 8.220000e0 1.165603e-16
FRAME CLASS-MIX-FENCED 0x0000000053415427 10400 0.000000e0 -7.445119e-19 -7.445119e-19 -4.661548e-14 8.220000e0 9.057322e-20
FRAME CLASS-MIX-FENCED 0x0000000053415427 10800 0.000000e0 -3.117502e-15 -3.117502e-15 -1.649511e-13 8.220000e0 3.792582e-16
FRAME CLASS-MIX-FENCED 0x0000000053415427 11200 0.000000e0 -2.343559e-15 -2.343559e-15 -2.343559e-15 8.220000e0 2.851045e-16
FRAME CLASS-MIX-FENCED 0x0000000053415427 11600 0.000000e0 -3.234613e-16 -3.234613e-16 -3.990929e-14 8.220000e0 3.935052e-17
FRAME CLASS-MIX-FENCED 0x0000000053415427 12000 0.000000e0 -1.401766e-15 -1.401766e-15 -1.464114e-14 8.220000e0 1.705312e-16
FRAME CLASS-MIX-FENCED 0x0000000053415427 12400 0.000000e0 -2.226398e-15 -2.226398e-15 -1.098750e-13 8.220000e0 2.708513e-16
FRAME CLASS-MIX-FENCED 0x0000000053415427 12800 0.000000e0 -1.921569e-15 -1.921569e-15 -2.195727e-14 8.220000e0 2.337675e-16
FRAME CLASS-MIX-FENCED 0x0000000053415427 13200 0.000000e0 -2.778975e-19 -2.778975e-19 -2.778975e-19 8.220000e0 3.380748e-20
FRAME CLASS-MIX-FENCED 0x0000000053415427 13600 0.000000e0 -2.978967e-18 -2.978967e-18 -5.256603e-18 8.220000e0 3.624047e-19
FRAME CLASS-MIX-FENCED 0x0000000053415427 14000 0.000000e0 -4.178114e-16 -4.178114e-16 -9.406612e-14 8.220000e0 5.082864e-17
FRAME CLASS-MIX-FENCED 0x0000000053415427 14400 0.000000e0 -1.453798e-15 -1.453798e-15 -4.088637e-14 8.220000e0 1.768611e-16
FRAME CLASS-MIX-FENCED 0x0000000053415427 14800 0.000000e0 -8.706255e-16 -8.706255e-16 -5.436143e-14 8.220000e0 1.059155e-16
FRAME CLASS-MIX-FENCED 0x0000000053415427 15200 0.000000e0 -2.998280e-17 -2.998280e-17 -3.978333e-14 8.220000e0 3.647543e-18
FRAME CLASS-MIX-FENCED 0x0000000053415427 15600 0.000000e0 -2.036080e-15 -2.036080e-15 -1.502960e-13 8.220000e0 2.476982e-16
FRAME CLASS-MIX-FENCED 0x0000000053415427 16000 0.000000e0 -2.196430e-15 -2.196430e-15 -1.643510e-14 8.220000e0 2.672056e-16
FRAME CLASS-MIX-FENCED 0x0000000053415427 16400 0.000000e0 -1.017740e-15 -1.017740e-15 -3.079362e-14 8.220000e0 1.238127e-16
FRAME CLASS-MIX-FENCED 0x0000000053415427 16800 0.000000e0 -3.726504e-16 -3.726504e-16 -1.679439e-14 8.220000e0 4.533460e-17
FRAME CLASS-MIX-FENCED 0x0000000053415427 17200 0.000000e0 -3.705133e-17 -3.705133e-17 -3.705133e-17 8.220000e0 4.507462e-18
FRAME CLASS-MIX-FENCED 0x0000000053415427 17600 0.000000e0 -7.724027e-16 -7.724027e-16 -8.143432e-15 8.220000e0 9.396627e-17
FRAME CLASS-MIX-FENCED 0x0000000053415427 18000 0.000000e0 -5.173299e-16 -5.173299e-16 -6.512472e-14 8.220000e0 6.293551e-17
FRAME CLASS-MIX-FENCED 0x0000000053415427 18400 0.000000e0 -6.278999e-19 -6.278999e-19 -6.498648e-14 8.220000e0 7.638685e-20
FRAME CLASS-MIX-FENCED 0x0000000053415427 18800 0.000000e0 -8.809315e-20 -8.809315e-20 -7.589827e-14 8.220000e0 1.071693e-20
FRAME CLASS-MIX-FENCED 0x0000000053415427 19200 0.000000e0 -2.715689e-15 -2.715689e-15 -1.675922e-14 8.220000e0 3.303757e-16
FRAME CLASS-MIX-FENCED 0x0000000053415427 19600 0.000000e0 -2.169715e-15 -2.169715e-15 -4.992086e-14 8.220000e0 2.639557e-16
SEED CLASS-MIX-FENCED 0x0000000053415427 20000 9.096429e-6 5682 8.220000e0 8.220000e-1 1.106622e-5 2.260000e-4 36371.6814 PASS
SEEDLADDER CLASS-MIX-FENCED 0x0000000053415427 6.0 9.484226e-4 8.220000e-1 under
SEEDLADDER CLASS-MIX-FENCED 0x0000000053415427 9.0 1.038389e-4 8.220000e-1 under
SEEDLADDER CLASS-MIX-FENCED 0x0000000053415427 10.4 4.148055e-5 8.220000e-1 under
SEEDLADDER CLASS-MIX-FENCED 0x0000000053415427 14.0 1.203900e-5 8.220000e-1 under
SEEDLADDER CLASS-MIX-FENCED 0x0000000053415427 15.0 9.096429e-6 8.220000e-1 under
SEEDLADDER CLASS-MIX-FENCED 0x0000000053415427 41.0 0.000000e0 8.220000e-1 under
FRAME CLASS-MIX-FENCED 0x0000000053415428 0 -2.448496e-6 -1.395039e-7 -2.588000e-6 -2.588000e-6 1.360000e1 1.902941e-7
FRAME CLASS-MIX-FENCED 0x0000000053415428 400 0.000000e0 -4.958880e-7 -4.958880e-7 -4.958880e-7 1.360000e1 3.646235e-8
FRAME CLASS-MIX-FENCED 0x0000000053415428 800 0.000000e0 -4.411812e-7 -4.411812e-7 -4.423868e-7 1.360000e1 3.243979e-8
FRAME CLASS-MIX-FENCED 0x0000000053415428 1200 0.000000e0 -4.406593e-7 -4.406593e-7 -4.832472e-7 1.360000e1 3.240142e-8
FRAME CLASS-MIX-FENCED 0x0000000053415428 1600 0.000000e0 -4.334225e-7 -4.334225e-7 -8.029211e-7 1.360000e1 3.186930e-8
FRAME CLASS-MIX-FENCED 0x0000000053415428 2000 0.000000e0 -4.163559e-7 -4.163559e-7 -2.694227e-6 1.360000e1 3.061441e-8
FRAME CLASS-MIX-FENCED 0x0000000053415428 2400 -2.635968e-6 -4.056625e-7 -3.041631e-6 -3.041631e-6 1.360000e1 2.236493e-7
FRAME CLASS-MIX-FENCED 0x0000000053415428 2800 -1.910518e-6 -4.690683e-7 -2.379586e-6 -2.379586e-6 1.360000e1 1.749696e-7
FRAME CLASS-MIX-FENCED 0x0000000053415428 3200 0.000000e0 -1.369375e-6 -1.369375e-6 -1.369376e-6 1.360000e1 1.006894e-7
FRAME CLASS-MIX-FENCED 0x0000000053415428 3600 0.000000e0 -1.444214e-6 -1.444214e-6 -1.444214e-6 1.360000e1 1.061922e-7
FRAME CLASS-MIX-FENCED 0x0000000053415428 4000 -6.988356e-7 -8.296667e-7 -1.528502e-6 -1.528503e-6 1.360000e1 1.123899e-7
FRAME CLASS-MIX-FENCED 0x0000000053415428 4400 0.000000e0 -1.617546e-6 -1.617546e-6 -1.617546e-6 1.360000e1 1.189372e-7
FRAME CLASS-MIX-FENCED 0x0000000053415428 4800 -7.825597e-7 -9.611876e-7 -1.743747e-6 -1.743747e-6 1.360000e1 1.282167e-7
FRAME CLASS-MIX-FENCED 0x0000000053415428 5200 -7.807523e-7 -9.140619e-7 -1.694814e-6 -1.694814e-6 1.360000e1 1.246187e-7
FRAME CLASS-MIX-FENCED 0x0000000053415428 5600 0.000000e0 -1.434195e-6 -1.434195e-6 -1.434195e-6 1.360000e1 1.054555e-7
FRAME CLASS-MIX-FENCED 0x0000000053415428 6000 -9.565231e-7 -1.127353e-6 -2.083876e-6 -2.083876e-6 1.360000e1 1.532262e-7
FRAME CLASS-MIX-FENCED 0x0000000053415428 6400 -1.977603e-6 -6.334142e-7 -2.611017e-6 -2.611017e-6 1.360000e1 1.919865e-7
FRAME CLASS-MIX-FENCED 0x0000000053415428 6800 -2.780325e-6 -1.074229e-15 -2.780325e-6 -2.780325e-6 1.360000e1 2.044356e-7
FRAME CLASS-MIX-FENCED 0x0000000053415428 7200 -8.259710e-7 -9.871584e-7 -1.813129e-6 -1.813129e-6 1.360000e1 1.333183e-7
FRAME CLASS-MIX-FENCED 0x0000000053415428 7600 0.000000e0 -1.355073e-6 -1.355073e-6 -1.355073e-6 1.360000e1 9.963769e-8
FRAME CLASS-MIX-FENCED 0x0000000053415428 8000 0.000000e0 -1.296136e-6 -1.296136e-6 -1.296136e-6 1.360000e1 9.530412e-8
FRAME CLASS-MIX-FENCED 0x0000000053415428 8400 -8.121913e-7 -9.291960e-7 -1.741387e-6 -1.741387e-6 1.360000e1 1.280432e-7
FRAME CLASS-MIX-FENCED 0x0000000053415428 8800 -7.565888e-7 -1.009381e-6 -1.765969e-6 -1.765969e-6 1.360000e1 1.298507e-7
FRAME CLASS-MIX-FENCED 0x0000000053415428 9200 -2.211187e-6 -6.354319e-7 -2.846619e-6 -2.846619e-6 1.360000e1 2.093102e-7
FRAME CLASS-MIX-FENCED 0x0000000053415428 9600 0.000000e0 -2.777592e-15 -2.777592e-15 -2.391521e-7 1.360000e1 2.042347e-16
FRAME CLASS-MIX-FENCED 0x0000000053415428 10000 0.000000e0 -1.431747e-15 -1.431747e-15 -1.463880e-15 1.360000e1 1.052755e-16
FRAME CLASS-MIX-FENCED 0x0000000053415428 10400 0.000000e0 -2.615219e-21 -2.615219e-21 -6.941264e-14 1.360000e1 1.922955e-22
FRAME CLASS-MIX-FENCED 0x0000000053415428 10800 -4.342131e-6 -7.897101e-20 -4.342131e-6 -4.342131e-6 1.360000e1 3.192743e-7
FRAME CLASS-MIX-FENCED 0x0000000053415428 11200 0.000000e0 -3.285391e-17 -3.285391e-17 -5.466800e-6 1.360000e1 2.415728e-18
FRAME CLASS-MIX-FENCED 0x0000000053415428 11600 0.000000e0 -5.863910e-16 -5.863910e-16 -8.379235e-14 1.360000e1 4.311699e-17
FRAME CLASS-MIX-FENCED 0x0000000053415428 12000 0.000000e0 -5.034685e-16 -5.034685e-16 -7.808293e-15 1.360000e1 3.701975e-17
FRAME CLASS-MIX-FENCED 0x0000000053415428 12400 0.000000e0 -7.558032e-16 -7.558032e-16 -2.996119e-6 1.360000e1 5.557376e-17
FRAME CLASS-MIX-FENCED 0x0000000053415428 12800 -3.704903e-6 -1.891712e-16 -3.704903e-6 -3.704903e-6 1.360000e1 2.724193e-7
FRAME CLASS-MIX-FENCED 0x0000000053415428 13200 -2.064388e-6 -6.286247e-7 -2.693013e-6 -2.693013e-6 1.360000e1 1.980156e-7
FRAME CLASS-MIX-FENCED 0x0000000053415428 13600 -1.110840e-6 -1.228618e-6 -2.339458e-6 -2.339458e-6 1.360000e1 1.720190e-7
FRAME CLASS-MIX-FENCED 0x0000000053415428 14000 -1.762152e-6 -5.603156e-7 -2.322468e-6 -2.322468e-6 1.360000e1 1.707697e-7
FRAME CLASS-MIX-FENCED 0x0000000053415428 14400 -5.161526e-6 -1.793666e-15 -5.161526e-6 -5.161527e-6 1.360000e1 3.795240e-7
FRAME CLASS-MIX-FENCED 0x0000000053415428 14800 -4.856225e-6 -2.691558e-15 -4.856225e-6 -4.856225e-6 1.360000e1 3.570754e-7
FRAME CLASS-MIX-FENCED 0x0000000053415428 15200 -4.579701e-6 -2.549927e-15 -4.579701e-6 -4.579701e-6 1.360000e1 3.367427e-7
FRAME CLASS-MIX-FENCED 0x0000000053415428 15600 0.000000e0 -3.016224e-16 -3.016224e-16 -3.092949e-6 1.360000e1 2.217812e-17
FRAME CLASS-MIX-FENCED 0x0000000053415428 16000 0.000000e0 -2.282055e-16 -2.282055e-16 -5.652147e-14 1.360000e1 1.677982e-17
FRAME CLASS-MIX-FENCED 0x0000000053415428 16400 0.000000e0 -2.241943e-15 -2.241943e-15 -4.162025e-14 1.360000e1 1.648488e-16
FRAME CLASS-MIX-FENCED 0x0000000053415428 16800 0.000000e0 -4.893658e-15 -4.893658e-15 -1.573551e-13 1.360000e1 3.598278e-16
FRAME CLASS-MIX-FENCED 0x0000000053415428 17200 0.000000e0 -1.775341e-15 -1.775341e-15 -9.168746e-14 1.360000e1 1.305397e-16
FRAME CLASS-MIX-FENCED 0x0000000053415428 17600 0.000000e0 -6.239490e-15 -6.239490e-15 -6.270619e-15 1.360000e1 4.587860e-16
FRAME CLASS-MIX-FENCED 0x0000000053415428 18000 0.000000e0 -2.355302e-15 -2.355302e-15 -7.057337e-14 1.360000e1 1.731840e-16
FRAME CLASS-MIX-FENCED 0x0000000053415428 18400 0.000000e0 -9.103467e-18 -9.103467e-18 -9.254400e-14 1.360000e1 6.693725e-19
FRAME CLASS-MIX-FENCED 0x0000000053415428 18800 0.000000e0 -1.880908e-16 -1.880908e-16 -6.167205e-14 1.360000e1 1.383020e-17
FRAME CLASS-MIX-FENCED 0x0000000053415428 19200 0.000000e0 -5.313827e-16 -5.313827e-16 -4.152282e-14 1.360000e1 3.907225e-17
FRAME CLASS-MIX-FENCED 0x0000000053415428 19600 0.000000e0 -3.187387e-15 -3.187387e-15 -1.032955e-13 1.360000e1 2.343667e-16
SEED CLASS-MIX-FENCED 0x0000000053415428 20000 6.549196e-6 9360 1.360000e1 1.360000e0 4.815585e-6 1.280000e-4 106250.0000 PASS
SEEDLADDER CLASS-MIX-FENCED 0x0000000053415428 6.0 8.778734e-4 1.360000e0 under
SEEDLADDER CLASS-MIX-FENCED 0x0000000053415428 9.0 8.303901e-5 1.360000e0 under
SEEDLADDER CLASS-MIX-FENCED 0x0000000053415428 10.4 3.948661e-5 1.360000e0 under
SEEDLADDER CLASS-MIX-FENCED 0x0000000053415428 14.0 9.650860e-6 1.360000e0 under
SEEDLADDER CLASS-MIX-FENCED 0x0000000053415428 15.0 6.549196e-6 1.360000e0 under
SEEDLADDER CLASS-MIX-FENCED 0x0000000053415428 41.0 0.000000e0 1.360000e0 under
# ---- GATES, CLASS-MIX-FENCED ----
LADDER CLASS-MIX-FENCED 6.0 1.138238e-4 9.834113e-4
LADDER CLASS-MIX-FENCED 9.0 1.385262e-5 1.052265e-4
LADDER CLASS-MIX-FENCED 10.4 8.108298e-6 5.233803e-5
LADDER CLASS-MIX-FENCED 14.0 1.827632e-6 1.398439e-5
LADDER CLASS-MIX-FENCED 15.0 1.267956e-6 9.096429e-6
LADDER CLASS-MIX-FENCED 41.0 0.000000e0 0.000000e0
FENCE CLASS-MIX-FENCED E_tail_mean -2.848148e-7 E_tail_pow6_mean -2.724874e-7 E_tail_pow3_mean -4.034592e-7
FENCEMAX CLASS-MIX-FENCED E_tail_max 2.239049e-6 E_tail_pow6_max 2.184035e-6 E_tail_pow3_max 2.408732e-6
# max pair separation seen: 37.1773 bohr (zero control sits at 41.0)
SWITCHMAX CLASS-MIX-FENCED max|E_switch(c*)| 1.150526e-5 at seed 0x0000000053415424 frame 10144 (ratio to max|E_hard(c*)| = 1.26)
GATE G1 CLASS-MIX-FENCED PASS (seeds failing: 0)
GATE G2 CLASS-MIX-FENCED PASS (curves failing: 0)
GATE G3 CLASS-MIX-FENCED refusals 0 of 9 files hashed
GATE G4 CLASS-MIX-FENCED PASS (frames scored: 160000, floor 50)
GATE G5 CLASS-MIX-FENCED PASS (monotonicity violations: 0)
GATE G6 CLASS-MIX-FENCED PASS (max |E_hard(41.0)| = 0.000e0, EXACT 0.0 required)
GATE G7 CLASS-MIX-FENCED PASS (frames with a nonempty beyond-c* population: 160000/160000 = 1.0000)
GATE PRICE CLASS-MIX-FENCED VOID (setup 1021.5 s, floor 1200 s)
VERDICT CLASS-MIX-FENCED VOID — the freeze's price refusal fired: the curve setup finished under the floor | worst frame: seed 0x0000000053415427 frame 5682 at |E_hard(c*)| = 9.096429e-6 Ha | LOWER BOUND: past the table's last knot the curve is an exponential while the true tail is a power law, so the discard is at least this and never at most this.
