hydrogen/seed_0x0000000053415421.traj: OK
hydrogen/seed_0x0000000053415422.traj: OK
hydrogen/seed_0x0000000053415423.traj: OK
hydrogen/seed_0x0000000053415424.traj: OK
hydrogen/seed_0x0000000053415425.traj: OK
hydrogen/seed_0x0000000053415426.traj: OK
hydrogen/seed_0x0000000053415427.traj: OK
hydrogen/seed_0x0000000053415428.traj: OK
hydrogen.log: OK
served.log: OK
fenced/seed_0x0000000053415421.traj: OK
fenced/seed_0x0000000053415422.traj: OK
fenced/seed_0x0000000053415423.traj: OK
fenced/seed_0x0000000053415424.traj: OK
fenced/seed_0x0000000053415425.traj: OK
fenced/seed_0x0000000053415426.traj: OK
fenced/seed_0x0000000053415427.traj: OK
fenced/seed_0x0000000053415428.traj: OK
fenced.log: OK
de4_off/seed_0x0000000053415422.traj: OK
de4_off.log: OK
de4_on/seed_0x0000000053415422.traj: OK
de4_on.log: OK
