warning: value assigned to `last_delta` is never read
   --> crates/holon-chem/src/density_embed.rs:254:26
    |
254 |     let mut last_delta = f64::INFINITY;
    |                          ^^^^^^^^^^^^^
    |
    = help: maybe it is overwritten before being read?
    = note: `#[warn(unused_assignments)]` (part of `#[warn(unused)]`) on by default

warning: value assigned to `last_delta` is never read
  --> crates/holon-chem/src/seam.rs:55:26
   |
55 |     let mut last_delta = f64::INFINITY;
   |                          ^^^^^^^^^^^^^
   |
   = help: maybe it is overwritten before being read?

warning: value assigned to `monomers` is never read
  --> crates/holon-chem/src/seam.rs:56:24
   |
56 |     let mut monomers = Vec::new();
   |                        ^^^^^^^^^^
   |
   = help: maybe it is overwritten before being read?

warning: function pointer comparisons do not produce meaningful results since their addresses are not guaranteed to be unique
   --> crates/holon-chem/src/tower.rs:357:5
    |
355 | #[derive(Clone, Debug, PartialEq)]
    |                        --------- in this derive macro expansion
356 | pub struct ClassicalPotentialOp {
357 |     pub pair_energy_fn: Option<fn(r: f64) -> f64>,
    |     ^^^^^^^^^^^^^^^^^^^^^^^^^^^^^^^^^^^^^^^^^^^^^
    |
    = note: the address of the same function can vary between different codegen units
    = note: furthermore, different functions could have the same address after being merged together
    = note: for more information visit <https://doc.rust-lang.org/nightly/core/ptr/fn.fn_addr_eq.html>
    = note: `#[warn(unpredictable_function_pointer_comparisons)]` on by default

warning: function pointer comparisons do not produce meaningful results since their addresses are not guaranteed to be unique
   --> crates/holon-chem/src/tower.rs:480:5
    |
478 | #[derive(Clone, Debug, PartialEq)]
    |                        --------- in this derive macro expansion
479 | pub struct RingPolymerOp {
480 |     pub pair_energy_fn: Option<fn(r: f64) -> f64>,
    |     ^^^^^^^^^^^^^^^^^^^^^^^^^^^^^^^^^^^^^^^^^^^^^
    |
    = note: the address of the same function can vary between different codegen units
    = note: furthermore, different functions could have the same address after being merged together
    = note: for more information visit <https://doc.rust-lang.org/nightly/core/ptr/fn.fn_addr_eq.html>

warning: `holon-chem` (lib) generated 5 warnings
warning: unused variable: `d`
   --> crates/holon/src/cyclo.rs:180:13
    |
180 |         let d = self.c.len();
    |             ^ help: if this is intentional, prefix it with an underscore: `_d`
    |
    = note: `#[warn(unused_variables)]` (part of `#[warn(unused)]`) on by default

warning: `holon` (lib) generated 1 warning (run `cargo fix --lib -p holon` to apply 1 suggestion)
warning: constant `QUARTET_POSITIONS` is never used
  --> crates/holon-render/examples/../tests/common/quartet.rs:81:11
   |
81 | pub const QUARTET_POSITIONS: [[f64; 3]; 4] = [
   |           ^^^^^^^^^^^^^^^^^
   |
   = note: `#[warn(dead_code)]` (part of `#[warn(unused)]`) on by default

warning: function `quartet` is never used
  --> crates/holon-render/examples/../tests/common/quartet.rs:89:8
   |
89 | pub fn quartet(de4: bool) -> Box<Sim> {
   |        ^^^^^^^

warning: function `two_hubs` is never used
  --> crates/holon-render/examples/../tests/common/quartet.rs:98:8
   |
98 | pub fn two_hubs(de4: bool) -> Box<Sim> {
   |        ^^^^^^^^

warning: `holon-render` (example "field_hbonds") generated 3 warnings
    Finished `release` profile [optimized + debuginfo] target(s) in 0.09s
     Running `target/release/examples/field_hbonds`
OFF: frames with ≥1 H-bond 0.0000, mean H-bonds/frame 0.0000, mean T 331.5 K  (233s)
ON:  frames with ≥1 H-bond 0.0000, mean H-bonds/frame 0.0000, mean T 335.9 K, transitions 11, e_field 1.638e-4, work.field 1.077e-3  (3s)
S1 branch (b): OFF 0.0000 → ON 0.0000
