# fine 65 x 65 x 49, stretch a = 3
# box x, y in [0.7, 15], c in [0.05, 1.414214]
# E(O) = -73.80415024579725980  E(H) = -0.46658184955727550  threads = 8
  row   7 done (1/65, 217 s)
  row   4 done (2/65, 223 s)
  row   6 done (3/65, 228 s)
  row   1 done (4/65, 230 s)
  row   5 done (5/65, 235 s)
  row   0 done (6/65, 236 s)
  row   3 done (7/65, 237 s)
  row   2 done (8/65, 238 s)
  row  14 done (9/65, 441 s)
  row  10 done (10/65, 443 s)
  row  11 done (11/65, 447 s)
  row  15 done (12/65, 453 s)
  row  12 done (13/65, 454 s)
  row   8 done (14/65, 455 s)
  row  13 done (15/65, 457 s)
  row   9 done (16/65, 460 s)
  row  16 done (17/65, 654 s)
  row  18 done (18/65, 664 s)
  row  17 done (19/65, 668 s)
  row  19 done (20/65, 671 s)
  row  21 done (21/65, 674 s)
  row  20 done (22/65, 678 s)
  row  23 done (23/65, 687 s)
  row  22 done (24/65, 691 s)
  row  24 done (25/65, 897 s)
  row  25 done (26/65, 911 s)
  row  26 done (27/65, 933 s)
  row  27 done (28/65, 947 s)
  row  29 done (29/65, 991 s)
  row  28 done (30/65, 1007 s)
  row  30 done (31/65, 1016 s)
  row  31 done (32/65, 1050 s)
  row  32 done (33/65, 1263 s)
  row  33 done (34/65, 1386 s)
  row  34 done (35/65, 1542 s)
  row  35 done (36/65, 1544 s)
  row  39 done (37/65, 1561 s)
  row  36 done (38/65, 1597 s)
  row  40 done (39/65, 1612 s)
  row  41 done (40/65, 1676 s)
  row  37 done (41/65, 1710 s)
  row  38 done (42/65, 1734 s)
  row  43 done (43/65, 1833 s)
  row  42 done (44/65, 1849 s)
  row  44 done (45/65, 1862 s)
  row  45 done (46/65, 1891 s)
  row  46 done (47/65, 1908 s)
  row  47 done (48/65, 2008 s)
  row  48 done (49/65, 2040 s)
  row  49 done (50/65, 2070 s)
  row  51 done (51/65, 2160 s)
  row  52 done (52/65, 2170 s)
  row  53 done (53/65, 2183 s)
  row  50 done (54/65, 2197 s)
  row  54 done (55/65, 2203 s)
  row  57 done (56/65, 2204 s)
  row  63 done (57/65, 2221 s)
  row  64 done (58/65, 2231 s)
  row  62 done (59/65, 2241 s)
  row  59 done (60/65, 2250 s)
  row  61 done (61/65, 2255 s)
  row  55 done (62/65, 2263 s)
  row  60 done (63/65, 2269 s)
  row  56 done (64/65, 2281 s)
  row  58 done (65/65, 2287 s)
# fine node set built in 2287 s
# peak |dE3| on a node = 7.637817e-1 Ha

  nr   nu     max |dV|     rms |dV|     solves                 worst at (x, y, c)   true dE3
  65   49     7.680e-4     6.326e-5     105105              (1.766, 2.576, 1.373)   7.111e-2
  65   25     3.876e-3     2.710e-4      53625              (1.766, 2.576, 1.373)   7.111e-2
  65   13     1.607e-2     1.033e-3      27885              (1.766, 2.576, 1.373)   7.111e-2
  65    9     2.378e-2     1.685e-3      19305              (1.766, 2.576, 1.373)   7.111e-2
  33   49     1.061e-3     9.796e-5      27489              (1.000, 1.155, 0.065)   7.420e-1
  33   25     3.754e-3     2.731e-4      14025              (1.766, 2.576, 1.373)   7.111e-2
  33   13     1.591e-2     1.021e-3       7293              (1.766, 2.576, 1.373)   7.111e-2
  33    9     2.359e-2     1.679e-3       5049              (1.766, 2.576, 1.373)   7.111e-2
  17   49     1.040e-2     6.871e-4       7497              (1.000, 1.155, 0.065)   7.420e-1
  17   25     1.060e-2     7.229e-4       3825              (1.000, 1.155, 0.065)   7.420e-1
  17   13     1.069e-2     9.985e-4       1989              (1.000, 1.155, 0.065)   7.420e-1
  17    9     1.372e-2     1.467e-3       1377              (1.766, 2.576, 1.373)   7.111e-2
   9   49     2.715e-2     2.986e-3       2205              (1.000, 1.155, 0.065)   7.420e-1
   9   25     2.719e-2     2.969e-3       1125              (1.000, 1.155, 0.065)   7.420e-1
   9   13     2.742e-2     2.990e-3        585              (1.000, 1.155, 0.065)   7.420e-1
   9    9     2.783e-2     3.143e-3        405              (1.000, 1.155, 0.065)   7.420e-1

# total 2299 s
