  [  1/ 84] x=0.900000 y=0.900000 c=0.0500000  compact+closed               dE3 =     0.65509384  2S 0  (0 s elapsed)
  [  2/ 84] x=0.900000 y=0.900000 c=0.504738  compact+bent                 dE3 =     0.40342365  2S 0  (0 s elapsed)
  [  3/ 84] x=0.900000 y=0.900000 c=0.959476  compact+bent                 dE3 =    0.080194416  2S 0  (0 s elapsed)
  [  4/ 84] x=0.900000 y=0.900000 c=1.41421  compact+linear               dE3 =   -0.061658319  2S 0  (0 s elapsed)
  [  5/ 84] x=0.900000 y=1.58000 c=0.0500000  closed                       dE3 =     0.70029878  2S 0  (0 s elapsed)
  [  6/ 84] x=0.900000 y=1.58000 c=0.504738  bent                         dE3 =     0.40800293  2S 0  (0 s elapsed)
  [  7/ 84] x=0.900000 y=1.58000 c=0.959476  bent                         dE3 =     0.10235605  2S 0  (0 s elapsed)
  [  8/ 84] x=0.900000 y=1.58000 c=1.41421  linear                       dE3 =   0.0014892088  2S 0  (0 s elapsed)
  [  9/ 84] x=0.900000 y=2.77300 c=0.0500000  closed                       dE3 =     0.31642873  2S 2  (0 s elapsed)
  [ 10/ 84] x=0.900000 y=2.77300 c=0.504738  bent                         dE3 =     0.17834553  2S 0  (0 s elapsed)
  [ 11/ 84] x=0.900000 y=2.77300 c=0.959476  bent                         dE3 =    0.033282944  2S 0  (0 s elapsed)
  [ 12/ 84] x=0.900000 y=2.77300 c=1.41421  linear                       dE3 =    0.072689898  2S 0  (0 s elapsed)
  [ 13/ 84] x=0.900000 y=4.86800 c=0.0500000  closed                       dE3 =    0.012891541  2S 2  (0 s elapsed)
  [ 14/ 84] x=0.900000 y=4.86800 c=0.504738  bent                         dE3 =   0.0074099786  2S 0  (0 s elapsed)
  [ 15/ 84] x=0.900000 y=4.86800 c=0.959476  bent                         dE3 =   0.0010749544  2S 0  (0 s elapsed)
  [ 16/ 84] x=0.900000 y=4.86800 c=1.41421  linear                       dE3 =   0.0019409987  2S 2  (0 s elapsed)
  [ 17/ 84] x=0.900000 y=8.54500 c=0.0500000  closed                       dE3 =   4.4328832e-6  2S 2  (0 s elapsed)
  [ 18/ 84] x=0.900000 y=8.54500 c=0.504738  bent                         dE3 =   2.5529493e-6  2S 2  (0 s elapsed)
  [ 19/ 84] x=0.900000 y=8.54500 c=0.959476  bent                         dE3 =   5.1624292e-7  2S 0  (0 s elapsed)
  [ 20/ 84] x=0.900000 y=8.54500 c=1.41421  linear                       dE3 =   1.2114924e-7  2S 2  (0 s elapsed)
  [ 21/ 84] x=0.900000 y=15.0000 c=0.0500000  near-boundary+closed         dE3 =  1.2645250e-15  2S 2  (0 s elapsed)
  [ 22/ 84] x=0.900000 y=15.0000 c=0.504738  near-boundary+bent           dE3 =  4.2849938e-16  2S 2  (0 s elapsed)
  [ 23/ 84] x=0.900000 y=15.0000 c=0.959476  near-boundary+bent           dE3 =  2.4403743e-17  2S 2  (0 s elapsed)
  [ 24/ 84] x=0.900000 y=15.0000 c=1.41421  near-boundary+linear         dE3 =  2.1935516e-19  2S 2  (0 s elapsed)
  [ 25/ 84] x=1.58000 y=1.58000 c=0.0500000  closed                       dE3 =     0.67660902  2S 0  (0 s elapsed)
  [ 26/ 84] x=1.58000 y=1.58000 c=0.504738  bent                         dE3 =     0.42288475  2S 0  (0 s elapsed)
  [ 27/ 84] x=1.58000 y=1.58000 c=0.959476  bent                         dE3 =    0.088443422  2S 0  (0 s elapsed)
  [ 28/ 84] x=1.58000 y=1.58000 c=1.41421  linear                       dE3 =    0.056680929  2S 0  (0 s elapsed)
  [ 29/ 84] x=1.58000 y=2.77300 c=0.0500000  closed                       dE3 =     0.41202083  2S 2  (0 s elapsed)
  [ 30/ 84] x=1.58000 y=2.77300 c=0.504738  bent                         dE3 =     0.22747938  2S 0  (0 s elapsed)
  [ 31/ 84] x=1.58000 y=2.77300 c=0.959476  bent                         dE3 =    0.019604650  2S 0  (0 s elapsed)
  [ 32/ 84] x=1.58000 y=2.77300 c=1.41421  linear                       dE3 =     0.10669625  2S 2  (0 s elapsed)
  [ 33/ 84] x=1.58000 y=4.86800 c=0.0500000  closed                       dE3 =    0.037860513  2S 2  (0 s elapsed)
  [ 34/ 84] x=1.58000 y=4.86800 c=0.504738  bent                         dE3 =    0.016023855  2S 0  (0 s elapsed)
  [ 35/ 84] x=1.58000 y=4.86800 c=0.959476  bent                         dE3 =  0.00057743645  2S 0  (0 s elapsed)
  [ 36/ 84] x=1.58000 y=4.86800 c=1.41421  linear                       dE3 =   0.0016033713  2S 2  (0 s elapsed)
  [ 37/ 84] x=1.58000 y=8.54500 c=0.0500000  closed                       dE3 =   2.7363329e-5  2S 2  (0 s elapsed)
  [ 38/ 84] x=1.58000 y=8.54500 c=0.504738  bent                         dE3 =   9.4317183e-6  2S 2  (0 s elapsed)
  [ 39/ 84] x=1.58000 y=8.54500 c=0.959476  bent                         dE3 =   5.8211513e-7  2S 0  (0 s elapsed)
  [ 40/ 84] x=1.58000 y=8.54500 c=1.41421  linear                       dE3 =   8.8308582e-8  2S 2  (0 s elapsed)
  [ 41/ 84] x=1.58000 y=15.0000 c=0.0500000  near-boundary+closed         dE3 =  4.8659031e-14  2S 2  (0 s elapsed)
  [ 42/ 84] x=1.58000 y=15.0000 c=0.504738  near-boundary+bent           dE3 =  7.4226061e-15  2S 2  (0 s elapsed)
  [ 43/ 84] x=1.58000 y=15.0000 c=0.959476  near-boundary+bent           dE3 =  4.9885350e-17  2S 2  (0 s elapsed)
  [ 44/ 84] x=1.58000 y=15.0000 c=1.41421  near-boundary+linear         dE3 =  1.3804128e-20  2S 2  (0 s elapsed)
  [ 45/ 84] x=2.77300 y=2.77300 c=0.0500000  closed                       dE3 =     0.20124307  2S 2  (0 s elapsed)
  [ 46/ 84] x=2.77300 y=2.77300 c=0.504738  bent                         dE3 =     0.19210265  2S 0  (0 s elapsed)
  [ 47/ 84] x=2.77300 y=2.77300 c=0.959476  bent                         dE3 =  -0.0038478112  2S 0  (0 s elapsed)
  [ 48/ 84] x=2.77300 y=2.77300 c=1.41421  linear                       dE3 =    0.069027263  2S 0  (0 s elapsed)
  [ 49/ 84] x=2.77300 y=4.86800 c=0.0500000  closed                       dE3 =    0.079550655  2S 2  (0 s elapsed)
  [ 50/ 84] x=2.77300 y=4.86800 c=0.504738  bent                         dE3 =    0.032795000  2S 2  (0 s elapsed)
  [ 51/ 84] x=2.77300 y=4.86800 c=0.959476  bent                         dE3 = -0.00011963742  2S 0  (0 s elapsed)
  [ 52/ 84] x=2.77300 y=4.86800 c=1.41421  linear                       dE3 =   0.0013600548  2S 0  (0 s elapsed)
  [ 53/ 84] x=2.77300 y=8.54500 c=0.0500000  closed                       dE3 =  0.00037448300  2S 2  (0 s elapsed)
  [ 54/ 84] x=2.77300 y=8.54500 c=0.504738  bent                         dE3 =   4.8687657e-5  2S 2  (0 s elapsed)
  [ 55/ 84] x=2.77300 y=8.54500 c=0.959476  bent                         dE3 =   3.7853981e-7  2S 0  (0 s elapsed)
  [ 56/ 84] x=2.77300 y=8.54500 c=1.41421  linear                       dE3 =   6.8577201e-8  2S 0  (0 s elapsed)
  [ 57/ 84] x=2.77300 y=15.0000 c=0.0500000  near-boundary+closed         dE3 =  5.8418977e-12  2S 2  (0 s elapsed)
  [ 58/ 84] x=2.77300 y=15.0000 c=0.504738  near-boundary+bent           dE3 =  2.2414430e-13  2S 2  (0 s elapsed)
  [ 59/ 84] x=2.77300 y=15.0000 c=0.959476  near-boundary+bent           dE3 =  3.5490608e-17  2S 2  (0 s elapsed)
  [ 60/ 84] x=2.77300 y=15.0000 c=1.41421  near-boundary+linear         dE3 =  6.7762370e-22  2S 0  (0 s elapsed)
  [ 61/ 84] x=4.86800 y=4.86800 c=0.0500000  stretched+closed             dE3 =   0.0031985748  2S 2  (0 s elapsed)
  [ 62/ 84] x=4.86800 y=4.86800 c=0.504738  stretched+bent               dE3 =   0.0033359116  2S 2  (0 s elapsed)
  [ 63/ 84] x=4.86800 y=4.86800 c=0.959476  stretched+bent               dE3 =   3.5546885e-5  2S 0  (0 s elapsed)
  [ 64/ 84] x=4.86800 y=4.86800 c=1.41421  stretched+linear             dE3 =   5.2577118e-5  2S 0  (0 s elapsed)
  [ 65/ 84] x=4.86800 y=8.54500 c=0.0500000  stretched+closed             dE3 =   0.0013700815  2S 2  (0 s elapsed)
  [ 66/ 84] x=4.86800 y=8.54500 c=0.504738  stretched+bent               dE3 =  0.00027300247  2S 2  (0 s elapsed)
  [ 67/ 84] x=4.86800 y=8.54500 c=0.959476  stretched+bent               dE3 =   6.7219097e-8  2S 0  (0 s elapsed)
  [ 68/ 84] x=4.86800 y=8.54500 c=1.41421  stretched+linear             dE3 =   2.6984149e-9  2S 0  (0 s elapsed)
  [ 69/ 84] x=4.86800 y=15.0000 c=0.0500000  near-boundary+stretched+closed dE3 =   6.8055038e-9  2S 2  (0 s elapsed)
  [ 70/ 84] x=4.86800 y=15.0000 c=0.504738  near-boundary+stretched+bent dE3 =  2.5431030e-11  2S 2  (0 s elapsed)
  [ 71/ 84] x=4.86800 y=15.0000 c=0.959476  near-boundary+stretched+bent dE3 =  5.8221221e-18  2S 2  (0 s elapsed)
  [ 72/ 84] x=4.86800 y=15.0000 c=1.41421  near-boundary+stretched+linear dE3 =  2.6699258e-23  2S 0  (0 s elapsed)
  [ 73/ 84] x=8.54500 y=8.54500 c=0.0500000  stretched+closed             dE3 =  -1.7326702e-6  2S 2  (0 s elapsed)
  [ 74/ 84] x=8.54500 y=8.54500 c=0.504738  stretched+bent               dE3 =  -4.8385126e-8  2S 2  (0 s elapsed)
  [ 75/ 84] x=8.54500 y=8.54500 c=0.959476  stretched+bent               dE3 =  8.7473487e-11  2S 0  (47 s elapsed)
  [ 76/ 84] x=8.54500 y=8.54500 c=1.41421  stretched+linear             dE3 =  1.3910736e-13  2S 0  (94 s elapsed)
  [ 77/ 84] x=8.54500 y=15.0000 c=0.0500000  near-boundary+stretched+closed dE3 =   2.0045561e-8  2S 2  (123 s elapsed)
  [ 78/ 84] x=8.54500 y=15.0000 c=0.504738  near-boundary+stretched+bent dE3 =   3.7019866e-9  2S 2  (156 s elapsed)
  [ 79/ 84] x=8.54500 y=15.0000 c=0.959476  near-boundary+stretched+bent dE3 =  9.8673420e-21  2S 2  (191 s elapsed)
  [ 80/ 84] x=8.54500 y=15.0000 c=1.41421  near-boundary+stretched+linear dE3 =  4.3706262e-22  2S 1  (229 s elapsed)
  [ 81/ 84] x=15.0000 y=15.0000 c=0.0500000  near-boundary+stretched+closed dE3 =  -3.2772658e-7  2S 2  (246 s elapsed)
  [ 82/ 84] x=15.0000 y=15.0000 c=0.504738  near-boundary+stretched+bent dE3 = -1.2580828e-13  2S 2  (273 s elapsed)
  [ 83/ 84] x=15.0000 y=15.0000 c=0.959476  near-boundary+stretched+bent dE3 =  5.1227023e-22  2S 1  (292 s elapsed)
  [ 84/ 84] x=15.0000 y=15.0000 c=1.41421  near-boundary+stretched+linear dE3 =  5.6814062e-23  2S 0  (309 s elapsed)
wrote /home/emoore/CIRISHolon/engine/crates/holon-chem/tests/data/s2/water_referee.json (84 geometries, 309 s)
