CT-1 sector — the BLOCK-LOCALISED solve (CT1_AMENDMENT_1: the span of the products of the two monomers' determinants in their OWN orbitals, 194481 states) on the twelve exact geometries inside the closure identity and on the 40-bohr reference, then plant (i) at the linear 2.9 Å node, on 24 threads
  linear_R2.3 (linear): R_OO 4.3464 bohr, ΔE_exact 2.331034e-2 Ha, E_exact -1.500232727238e2  [../conformance/water_observatory/field8/linear_R2.3.json]
  linear_R2.5 (linear): R_OO 4.7243 bohr, ΔE_exact 2.506907e-3 Ha, E_exact -1.500440761551e2  [../conformance/water_observatory/field3/linear_R2.5.json]
  linear_R2.7 (linear): R_OO 5.1023 bohr, ΔE_exact -4.319926e-3 Ha, E_exact -1.500509029886e2  [../conformance/water_observatory/field3/linear_R2.7.json]
  linear_R2.9 (linear): R_OO 5.4802 bohr, ΔE_exact -5.480012e-3 Ha, E_exact -1.500520630749e2  [../conformance/water_observatory/field3/linear_R2.9.json]
  linear_R3.1 (linear): R_OO 5.8582 bohr, ΔE_exact -4.757010e-3 Ha, E_exact -1.500513400725e2  [../conformance/water_observatory/field3/linear_R3.1.json]
  linear_R3.4 (linear): R_OO 6.4251 bohr, ΔE_exact -3.217466e-3 Ha, E_exact -1.500498005283e2  [../conformance/water_observatory/field3/linear_R3.4.json]
  linear_R3.7 (linear): R_OO 6.9920 bohr, ΔE_exact -2.141365e-3 Ha, E_exact -1.500487244277e2  [../conformance/water_observatory/field3/linear_R3.7.json]
  tilted_R2.9 (bent acceptor 30°): R_OO 5.4802 bohr, ΔE_exact -6.175837e-3 Ha, E_exact -1.500527588999e2  [../conformance/water_observatory/field5/tilted_R2.9.json]
  tilted45_R3.1 (bent acceptor 45°): R_OO 5.8582 bohr, ΔE_exact -5.434519e-3 Ha, E_exact -1.500520175812e2  [../conformance/water_observatory/field6/tilted45_R3.1.json]
  flipped_R3.4 (flipped 180°): R_OO 6.4251 bohr, ΔE_exact 6.008833e-3 Ha, E_exact -1.500405742298e2  [../conformance/water_observatory/field4/flipped_R3.4.json]
  twisted_R3.0 (twisted 90°+60°): R_OO 5.6692 bohr, ΔE_exact 5.171560e-4 Ha, E_exact -1.500460659066e2  [../conformance/water_observatory/field7/twisted_R3.0.json]
  bentdonor_R2.9 (bent donor 30°): R_OO 5.4802 bohr, ΔE_exact -3.031334e-3 Ha, E_exact -1.500496143964e2  [../conformance/water_observatory/field8/bentdonor_R2.9.json]
the 40-bohr reference `linear_far40`: the linear 2.9 Å node's acceptor translated [40.0, 0, 0] bohr — the engine's own E_q(40) geometry; its O–O separation is 40.373663 bohr
  linear_R2.3: E_noCT -1.499831984921e2, E_HL(undeformed) -1.499702209785e2, gain -1.297751e-2 Ha, sector 194481 of 1002001 dets, 14 iters, residual 7.816e-9, converged true, metric min 7.828e-1, wall 70 s (59 s in sigma), 1389 core-s, price floor 77 core-s, admitted true
  linear_R2.5: E_noCT -1.500176078769e2, E_HL(undeformed) -1.500118480919e2, gain -5.759785e-3 Ha, sector 194481 of 1002001 dets, 13 iters, residual 8.937e-9, converged true, metric min 8.800e-1, wall 75 s (63 s in sigma), 1479 core-s, price floor 72 core-s, admitted true
  linear_R2.7: E_noCT -1.500346148606e2, E_HL(undeformed) -1.500319555651e2, gain -2.659296e-3 Ha, sector 194481 of 1002001 dets, 13 iters, residual 5.415e-9, converged true, metric min 9.375e-1, wall 81 s (68 s in sigma), 1594 core-s, price floor 72 core-s, admitted true
  linear_R2.9: E_noCT -1.500427262950e2, E_HL(undeformed) -1.500414148237e2, gain -1.311471e-3 Ha, sector 194481 of 1002001 dets, 13 iters, residual 3.223e-9, converged true, metric min 9.690e-1, wall 84 s (70 s in sigma), 1640 core-s, price floor 72 core-s, admitted true
  linear_R3.1: E_noCT -1.500463165623e2, E_HL(undeformed) -1.500456123379e2, gain -7.042244e-4 Ha, sector 194481 of 1002001 dets, 12 iters, residual 9.647e-9, converged true, metric min 9.853e-1, wall 79 s (65 s in sigma), 1545 core-s, price floor 66 core-s, admitted true
  linear_R3.4: E_noCT -1.500480023898e2, E_HL(undeformed) -1.500476791434e2, gain -3.232464e-4 Ha, sector 194481 of 1002001 dets, 12 iters, residual 6.689e-9, converged true, metric min 9.955e-1, wall 80 s (66 s in sigma), 1568 core-s, price floor 66 core-s, admitted true
  linear_R3.7: E_noCT -1.500481435335e2, E_HL(undeformed) -1.500479729943e2, gain -1.705393e-4 Ha, sector 194481 of 1002001 dets, 12 iters, residual 3.970e-9, converged true, metric min 9.988e-1, wall 85 s (70 s in sigma), 1632 core-s, price floor 66 core-s, admitted true
  tilted_R2.9: E_noCT -1.500423332766e2, E_HL(undeformed) -1.500410883889e2, gain -1.244888e-3 Ha, sector 194481 of 1002001 dets, 13 iters, residual 6.988e-9, converged true, metric min 9.688e-1, wall 130 s (106 s in sigma), 2497 core-s, price floor 72 core-s, admitted true
  tilted45_R3.1: E_noCT -1.500458024158e2, E_HL(undeformed) -1.500452133826e2, gain -5.890332e-4 Ha, sector 194481 of 1002001 dets, 13 iters, residual 5.727e-9, converged true, metric min 9.849e-1, wall 130 s (107 s in sigma), 2515 core-s, price floor 72 core-s, admitted true
  flipped_R3.4: E_noCT -1.500367534987e2, E_HL(undeformed) -1.500363756834e2, gain -3.778153e-4 Ha, sector 194481 of 1002001 dets, 12 iters, residual 7.293e-9, converged true, metric min 9.424e-1, wall 83 s (68 s in sigma), 1616 core-s, price floor 66 core-s, admitted true
  twisted_R3.0: E_noCT -1.500416226672e2, E_HL(undeformed) -1.500409735675e2, gain -6.490996e-4 Ha, sector 194481 of 1002001 dets, 13 iters, residual 5.337e-9, converged true, metric min 9.642e-1, wall 122 s (101 s in sigma), 2386 core-s, price floor 72 core-s, admitted true
  bentdonor_R2.9: E_noCT -1.500450721236e2, E_HL(undeformed) -1.500445382761e2, gain -5.338475e-4 Ha, sector 194481 of 1002001 dets, 13 iters, residual 5.285e-9, converged true, metric min 9.859e-1, wall 119 s (99 s in sigma), 2346 core-s, price floor 72 core-s, admitted true
  linear_far40: E_noCT -1.500465810362e2, E_HL(undeformed) -1.500465810330e2, gain -3.191474e-9 Ha, sector 194481 of 1002001 dets, 7 iters, residual 8.754e-9, converged true, metric min 1.000e0, wall 49 s (42 s in sigma), 1033 core-s, price floor 39 core-s, admitted true
plant (i) — the mask dropped: the SAME Davidson on the FULL space (1002001 determinants) from the SAME start (the undeformed product), at the linear 2.9 Å node. It must reproduce E_exact of record (-1.500520630749e2) to 1e-8
plant (i): E_full -1.500520630749e2 vs E_exact -1.500520630749e2 — miss 3.521e-11 (bar 1e-8), 15 iters, residual 3.256e-9, converged true, wall 83 s, 1806 core-s
sector.done written
