warning: value assigned to `last_delta` is never read
   --> crates/holon-chem/src/density_embed.rs:254:26
    |
254 |     let mut last_delta = f64::INFINITY;
    |                          ^^^^^^^^^^^^^
    |
    = help: maybe it is overwritten before being read?
    = note: `#[warn(unused_assignments)]` (part of `#[warn(unused)]`) on by default

warning: value assigned to `last_delta` is never read
  --> crates/holon-chem/src/seam.rs:55:26
   |
55 |     let mut last_delta = f64::INFINITY;
   |                          ^^^^^^^^^^^^^
   |
   = help: maybe it is overwritten before being read?

warning: value assigned to `monomers` is never read
  --> crates/holon-chem/src/seam.rs:56:24
   |
56 |     let mut monomers = Vec::new();
   |                        ^^^^^^^^^^
   |
   = help: maybe it is overwritten before being read?

warning: function pointer comparisons do not produce meaningful results since their addresses are not guaranteed to be unique
   --> crates/holon-chem/src/tower.rs:357:5
    |
355 | #[derive(Clone, Debug, PartialEq)]
    |                        --------- in this derive macro expansion
356 | pub struct ClassicalPotentialOp {
357 |     pub pair_energy_fn: Option<fn(r: f64) -> f64>,
    |     ^^^^^^^^^^^^^^^^^^^^^^^^^^^^^^^^^^^^^^^^^^^^^
    |
    = note: the address of the same function can vary between different codegen units
    = note: furthermore, different functions could have the same address after being merged together
    = note: for more information visit <https://doc.rust-lang.org/nightly/core/ptr/fn.fn_addr_eq.html>
    = note: `#[warn(unpredictable_function_pointer_comparisons)]` on by default

warning: function pointer comparisons do not produce meaningful results since their addresses are not guaranteed to be unique
   --> crates/holon-chem/src/tower.rs:480:5
    |
478 | #[derive(Clone, Debug, PartialEq)]
    |                        --------- in this derive macro expansion
479 | pub struct RingPolymerOp {
480 |     pub pair_energy_fn: Option<fn(r: f64) -> f64>,
    |     ^^^^^^^^^^^^^^^^^^^^^^^^^^^^^^^^^^^^^^^^^^^^^
    |
    = note: the address of the same function can vary between different codegen units
    = note: furthermore, different functions could have the same address after being merged together
    = note: for more information visit <https://doc.rust-lang.org/nightly/core/ptr/fn.fn_addr_eq.html>

warning: `holon-chem` (lib) generated 5 warnings
    Finished `release` profile [optimized + debuginfo] target(s) in 0.04s
     Running `target/release/examples/embed3_campaign all`
System A — the residual's field dependence
G0 hf4: 665856 dets, wall 583.1 s on 32 threads → admitted
G2: r_3 with D removed -1.462678e-8 vs EMBED-2 -1.467178e-8 → |Δ| = 4.5e-11
  R_CD=4.0 Å: r_3 -1.4594e-8  Δ +7.746e-11 (5.28e-3 of r_3)  floor 3.5e-12  G1 Δρ 0.0e0  wall 1357s
  R_CD=6.0 Å: r_3 -1.4616e-8  Δ +5.557e-11 (3.79e-3 of r_3)  floor 1.3e-12  G1 Δρ 0.0e0  wall 1445s
killed 18:28 after 3 h on R_CD=8.0 (Davidson non-convergence suspected; exit not recorded by the node JSON — probe follows)
