phase scout, out /home/emoore/CIRISHolon/conformance/water_observatory/replace0/scout432_seed0, observatory ../conformance/water_observatory
seed 0 of 3: 0x5245504c41434530
scout: 432 waters (1296 atoms) at n_cells = 6, box 44.3904 bohr, seed 0x5245504c41434530
scout: fine settle 3000 frames under the stochastic thermostat (78.2 fs)
  settling frame    500: T  393.6 K, cross-unit U -3.000970e-4 Ha/water
  settling frame   1000: T  467.2 K, cross-unit U -6.653193e-3 Ha/water
  settling frame   1500: T  437.5 K, cross-unit U -6.217477e-3 Ha/water
  settling frame   2000: T  410.3 K, cross-unit U -6.792305e-3 Ha/water
  settling frame   2500: T  408.0 K, cross-unit U -7.669554e-3 Ha/water
  settling frame   3000: T  373.8 K, cross-unit U -8.704838e-3 Ha/water
scout: reference geometry O-H 1.95456 +/- 0.03713 bohr, H-O-H 1.67725 +/- 0.05033 rad over 432 units; fine T 373.8 K
scout: stiffness envelope READ from /home/emoore/CIRISHolon/conformance/water_observatory/replace0/transport_seed0/stiffness.json: 6.4190e-2 Ha/bohr^2 (an intensive property of the monomer, declared)
scout: rigid clock dt 15.5493 au (14.43x fine); readout every 20 fs = 54 rigid steps at dt 15.3116 au
scout: rigid modes as projected 533.7 K; rigid settle 3000 steps (1111.1 fs) with rescaling to 293 K every 10 steps
  rigid settle step    500: T  293.0 K, U/water -2.936722e-1 Ha
  rigid settle step   1000: T  293.0 K, U/water -2.949917e-1 Ha
  rigid settle step   1500: T  293.0 K, U/water -2.957943e-1 Ha
  rigid settle step   2000: T  293.0 K, U/water -2.963105e-1 Ha
  rigid settle step   2500: T  293.0 K, U/water -2.964007e-1 Ha
  rigid settle step   3000: T  293.0 K, U/water -2.965832e-1 Ha
scout: production 250 readouts x 20 fs = 5.0 ps, NVE from T 293.0 K, E -126.921432 Ha
  scout readout     25 at     500.0 fs: T  306.1 K, E -126.921444 Ha (peak excursion 5.98e-8/water), bonds 6.039, peak 5.15; 3488 core-s/ps
  scout readout     50 at    1000.0 fs: T  316.1 K, E -126.921472 Ha (peak excursion 1.14e-7/water), bonds 6.016, peak 5.15; 3493 core-s/ps
  scout readout     75 at    1500.0 fs: T  314.2 K, E -126.921445 Ha (peak excursion 1.20e-7/water), bonds 6.180, peak 5.25; 3498 core-s/ps
  scout readout    100 at    2000.0 fs: T  325.6 K, E -126.921459 Ha (peak excursion 1.25e-7/water), bonds 6.078, peak 5.25; 3536 core-s/ps
  scout readout    125 at    2500.0 fs: T  335.8 K, E -126.921488 Ha (peak excursion 1.48e-7/water), bonds 6.102, peak 5.15; 3581 core-s/ps
  scout readout    150 at    3000.0 fs: T  333.5 K, E -126.921479 Ha (peak excursion 1.48e-7/water), bonds 6.117, peak 5.25; 3569 core-s/ps
  scout readout    175 at    3500.0 fs: T  309.1 K, E -126.921483 Ha (peak excursion 1.48e-7/water), bonds 6.086, peak 5.25; 3652 core-s/ps
  scout readout    200 at    4000.0 fs: T  323.3 K, E -126.921493 Ha (peak excursion 1.65e-7/water), bonds 6.203, peak 5.15; 3635 core-s/ps
  scout readout    225 at    4500.0 fs: T  329.0 K, E -126.921489 Ha (peak excursion 2.00e-7/water), bonds 6.055, peak 5.25; 3621 core-s/ps
  scout readout    250 at    5000.0 fs: T  319.2 K, E -126.921471 Ha (peak excursion 2.00e-7/water), bonds 6.078, peak 5.25; 3609 core-s/ps
scout: done in 26301 s; production 3609 core-s/ps
