FIELD-8 close — the 42 NEW undeformed Heitler–London readings (18 CLOSE tilt, 24 TWIST) and the two CLOSE exact nodes, 24 threads
  CLOSE R_OO 2.1 Å, tilt   0.0°: E_exch +2.577181e-1 Ha, norm 0.881289625829, σ 2.3 s, 55.9 core-s
  CLOSE R_OO 2.1 Å, tilt  30.0°: E_exch +2.670630e-1 Ha, norm 0.877659390056, σ 4.0 s, 84.2 core-s
  CLOSE R_OO 2.1 Å, tilt  60.0°: E_exch +2.848614e-1 Ha, norm 0.870076867535, σ 3.7 s, 83.8 core-s
  CLOSE R_OO 2.1 Å, tilt  90.0°: E_exch +3.005420e-1 Ha, norm 0.860572817568, σ 3.9 s, 84.6 core-s
  CLOSE R_OO 2.1 Å, tilt 120.0°: E_exch +3.409672e-1 Ha, norm 0.836163126942, σ 3.7 s, 85.8 core-s
  CLOSE R_OO 2.1 Å, tilt 180.0°: E_exch +5.337325e-1 Ha, norm 0.743006483841, σ 3.6 s, 86.3 core-s
  CLOSE R_OO 2.3 Å, tilt   0.0°: E_exch +1.239446e-1 Ha, norm 0.938056019994, σ 2.5 s, 59.8 core-s
  CLOSE R_OO 2.3 Å, tilt  30.0°: E_exch +1.287444e-1 Ha, norm 0.936028985140, σ 3.8 s, 86.7 core-s
  CLOSE R_OO 2.3 Å, tilt  60.0°: E_exch +1.378285e-1 Ha, norm 0.931634015544, σ 4.0 s, 87.2 core-s
  CLOSE R_OO 2.3 Å, tilt  90.0°: E_exch +1.465332e-1 Ha, norm 0.925131191876, σ 3.7 s, 88.4 core-s
  CLOSE R_OO 2.3 Å, tilt 120.0°: E_exch +1.725647e-1 Ha, norm 0.906812619682, σ 3.9 s, 88.0 core-s
  CLOSE R_OO 2.3 Å, tilt 180.0°: E_exch +2.986567e-1 Ha, norm 0.836876461515, σ 4.0 s, 88.5 core-s
  CLOSE R_OO 2.5 Å, tilt   0.0°: E_exch +5.833118e-2 Ha, norm 0.969333653376, σ 3.0 s, 61.2 core-s
  CLOSE R_OO 2.5 Å, tilt  30.0°: E_exch +6.070173e-2 Ha, norm 0.968277498632, σ 3.8 s, 89.9 core-s
  CLOSE R_OO 2.5 Å, tilt  60.0°: E_exch +6.517164e-2 Ha, norm 0.965888560930, σ 5.8 s, 89.4 core-s
  CLOSE R_OO 2.5 Å, tilt  90.0°: E_exch +6.988659e-2 Ha, norm 0.961736292881, σ 5.3 s, 86.5 core-s
  CLOSE R_OO 2.5 Å, tilt 120.0°: E_exch +8.581540e-2 Ha, norm 0.949120362323, σ 5.2 s, 86.1 core-s
  CLOSE R_OO 2.5 Å, tilt 180.0°: E_exch +1.636557e-1 Ha, norm 0.900893846703, σ 4.6 s, 88.9 core-s
  TWIST R_OO 2.3 Å, tilt   0.0°: E_exch +1.239418e-1 Ha, norm 0.938080565923, σ 4.9 s, 95.2 core-s
  TWIST R_OO 2.3 Å, tilt  30.0°: E_exch +1.201180e-1 Ha, norm 0.938322720238, σ 5.0 s, 102.6 core-s
  TWIST R_OO 2.3 Å, tilt  60.0°: E_exch +1.305042e-1 Ha, norm 0.927496262854, σ 4.9 s, 101.3 core-s
  TWIST R_OO 2.3 Å, tilt  90.0°: E_exch +2.432676e-1 Ha, norm 0.861320262524, σ 4.3 s, 102.7 core-s
  TWIST R_OO 2.3 Å, tilt 120.0°: E_exch +5.065287e-1 Ha, norm 0.713389064678, σ 4.3 s, 102.7 core-s
  TWIST R_OO 2.3 Å, tilt 180.0°: E_exch +2.973121e-1 Ha, norm 0.838163564260, σ 4.7 s, 109.1 core-s
  TWIST R_OO 2.7 Å, tilt   0.0°: E_exch +2.688331e-2 Ha, norm 0.985432370789, σ 4.6 s, 108.0 core-s
  TWIST R_OO 2.7 Å, tilt  30.0°: E_exch +2.595412e-2 Ha, norm 0.985296967304, σ 4.6 s, 106.4 core-s
  TWIST R_OO 2.7 Å, tilt  60.0°: E_exch +3.000997e-2 Ha, norm 0.980281195700, σ 3.8 s, 89.6 core-s
  TWIST R_OO 2.7 Å, tilt  90.0°: E_exch +7.005260e-2 Ha, norm 0.950657779664, σ 4.1 s, 89.5 core-s
  TWIST R_OO 2.7 Å, tilt 120.0°: E_exch +1.725695e-1 Ha, norm 0.883663929510, σ 4.3 s, 92.6 core-s
  TWIST R_OO 2.7 Å, tilt 180.0°: E_exch +8.752365e-2 Ha, norm 0.942190891281, σ 4.2 s, 95.1 core-s
  TWIST R_OO 3.0 Å, tilt   0.0°: E_exch +8.035263e-3 Ha, norm 0.995509860875, σ 5.2 s, 105.0 core-s
  TWIST R_OO 3.0 Å, tilt  30.0°: E_exch +7.741528e-3 Ha, norm 0.995412581653, σ 5.0 s, 102.5 core-s
  TWIST R_OO 3.0 Å, tilt  60.0°: E_exch +9.527603e-3 Ha, norm 0.993033650778, σ 4.5 s, 106.4 core-s
  TWIST R_OO 3.0 Å, tilt  90.0°: E_exch +2.630021e-2 Ha, norm 0.978886457262, σ 5.0 s, 103.5 core-s
  TWIST R_OO 3.0 Å, tilt 120.0°: E_exch +6.894188e-2 Ha, norm 0.946956728046, σ 4.9 s, 111.6 core-s
  TWIST R_OO 3.0 Å, tilt 180.0°: E_exch +3.327807e-2 Ha, norm 0.975362475589, σ 5.4 s, 111.4 core-s
  TWIST R_OO 3.4 Å, tilt   0.0°: E_exch +1.477030e-3 Ha, norm 0.999161701468, σ 5.1 s, 104.6 core-s
  TWIST R_OO 3.4 Å, tilt  30.0°: E_exch +1.419153e-3 Ha, norm 0.999127877213, σ 5.1 s, 103.0 core-s
  TWIST R_OO 3.4 Å, tilt  60.0°: E_exch +1.941173e-3 Ha, norm 0.998391041865, σ 4.4 s, 105.8 core-s
  TWIST R_OO 3.4 Å, tilt  90.0°: E_exch +6.699534e-3 Ha, norm 0.993763437286, σ 4.4 s, 88.1 core-s
  TWIST R_OO 3.4 Å, tilt 120.0°: E_exch +1.871577e-2 Ha, norm 0.983344282974, σ 4.2 s, 89.0 core-s
  TWIST R_OO 3.4 Å, tilt 180.0°: E_exch +8.585494e-3 Ha, norm 0.992819823778, σ 3.9 s, 92.1 core-s

the CLOSE tilt family, E_exch (Ha) — rows R_OO (Å), columns tilt (°):
| R (Å) |             0 |            30 |            60 |            90 |           120 |           180 |
| 2.1 |   2.577181e-1 |   2.670630e-1 |   2.848614e-1 |   3.005420e-1 |   3.409672e-1 |   5.337325e-1 |
| 2.3 |   1.239446e-1 |   1.287444e-1 |   1.378285e-1 |   1.465332e-1 |   1.725647e-1 |   2.986567e-1 |
| 2.5 |   5.833118e-2 |   6.070173e-2 |   6.517164e-2 |   6.988659e-2 |   8.581540e-2 |   1.636557e-1 |

the TWIST family (90° about the O···O axis, then the tilt), E_exch (Ha):
| R (Å) |             0 |            30 |            60 |            90 |           120 |           180 |
| 2.3 |   1.239418e-1 |   1.201180e-1 |   1.305042e-1 |   2.432676e-1 |   5.065287e-1 |   2.973121e-1 |
| 2.7 |   2.688331e-2 |   2.595412e-2 |   3.000997e-2 |   7.005260e-2 |   1.725695e-1 |   8.752365e-2 |
| 3.0 |   8.035263e-3 |   7.741528e-3 |   9.527603e-3 |   2.630021e-2 |   6.894188e-2 |   3.327807e-2 |
| 3.4 |   1.477030e-3 |   1.419153e-3 |   1.941173e-3 |   6.699534e-3 |   1.871577e-2 |   8.585494e-3 |

the two CLOSE exact nodes on the LINE, sequentially — where the contact term must be MEASURED and not extrapolated:
  linear_R2.3: R_OO 2.3 Å, 1002001 dets, ΔE_exact +2.331034e-2 Ha, 199 iters, residual 8.9e-11, exit Converged, wall 708 s, 15518 core-s, admitted true (band 1450–57600)
  linear_R2.1: R_OO 2.1 Å, 1002001 dets, ΔE_exact +7.721374e-2 Ha, 203 iters, residual 8.8e-11, exit Converged, wall 806 s, 16955 core-s, admitted true (band 1450–57600)
